-- Found ament_cmake: 2.5.6 (/opt/ros/jazzy/share/ament_cmake/cmake)
-- Override CMake install command with custom implementation using symlinks instead of copying resources
-- Found ament_lint_auto: 0.17.5 (/opt/ros/jazzy/share/ament_lint_auto/cmake)
-- Added test 'lint_cmake' to check CMake code style
-- Added test 'xmllint' to check XML markup files
-- Configuring done (0.5s)
-- Generating done (0.0s)
-- Build files have been written to: /home/sam/amr-simulation/ros2_ws/build/amr_control
-- Install configuration: ""
-- Execute custom install script
-- Symlinking: /home/sam/amr-simulation/ros2_ws/install/amr_control/share/ament_index/resource_index/package_run_dependencies/amr_control
-- Symlinking: /home/sam/amr-simulation/ros2_ws/install/amr_control/share/ament_index/resource_index/parent_prefix_path/amr_control
-- Symlinking: /home/sam/amr-simulation/ros2_ws/install/amr_control/share/amr_control/environment/ament_prefix_path.sh
-- Symlinking: /home/sam/amr-simulation/ros2_ws/install/amr_control/share/amr_control/environment/ament_prefix_path.dsv
-- Symlinking: /home/sam/amr-simulation/ros2_ws/install/amr_control/share/amr_control/environment/path.sh
-- Symlinking: /home/sam/amr-simulation/ros2_ws/install/amr_control/share/amr_control/environment/path.dsv
-- Symlinking: /home/sam/amr-simulation/ros2_ws/install/amr_control/share/amr_control/local_setup.bash
-- Symlinking: /home/sam/amr-simulation/ros2_ws/install/amr_control/share/amr_control/local_setup.sh
-- Symlinking: /home/sam/amr-simulation/ros2_ws/install/amr_control/share/amr_control/local_setup.zsh
-- Symlinking: /home/sam/amr-simulation/ros2_ws/install/amr_control/share/amr_control/local_setup.dsv
-- Symlinking: /home/sam/amr-simulation/ros2_ws/install/amr_control/share/amr_control/package.dsv
-- Symlinking: /home/sam/amr-simulation/ros2_ws/install/amr_control/share/ament_index/resource_index/packages/amr_control
-- Symlinking: /home/sam/amr-simulation/ros2_ws/install/amr_control/share/amr_control/cmake/amr_controlConfig.cmake
-- Symlinking: /home/sam/amr-simulation/ros2_ws/install/amr_control/share/amr_control/cmake/amr_controlConfig-version.cmake
-- Symlinking: /home/sam/amr-simulation/ros2_ws/install/amr_control/share/amr_control/package.xml
-- Symlinking: /home/sam/amr-simulation/ros2_ws/install/amr_control/share/amr_control/config/controllers.yaml
