[0.018s] Invoking command in '/home/sam/amr-simulation/ros2_ws/build/amr_control': CMAKE_PREFIX_PATH=${CMAKE_PREFIX_PATH}:/opt/ros/jazzy DEBUGINFOD_URLS=https://debuginfod.ubuntu.com /usr/bin/cmake /home/sam/amr-simulation/ros2_ws/src/amr_control -DAMENT_CMAKE_SYMLINK_INSTALL=1 -DCMAKE_INSTALL_PREFIX=/home/sam/amr-simulation/ros2_ws/install/amr_control
[0.045s] -- Found ament_cmake: 2.5.6 (/opt/ros/jazzy/share/ament_cmake/cmake)
[0.386s] -- Override CMake install command with custom implementation using symlinks instead of copying resources
[0.398s] -- Found ament_lint_auto: 0.17.5 (/opt/ros/jazzy/share/ament_lint_auto/cmake)
[0.557s] -- Added test 'lint_cmake' to check CMake code style
[0.559s] -- Added test 'xmllint' to check XML markup files
[0.561s] -- Configuring done (0.5s)
[0.566s] -- Generating done (0.0s)
[0.569s] -- Build files have been written to: /home/sam/amr-simulation/ros2_ws/build/amr_control
[0.577s] Invoked command in '/home/sam/amr-simulation/ros2_ws/build/amr_control' returned '0': CMAKE_PREFIX_PATH=${CMAKE_PREFIX_PATH}:/opt/ros/jazzy DEBUGINFOD_URLS=https://debuginfod.ubuntu.com /usr/bin/cmake /home/sam/amr-simulation/ros2_ws/src/amr_control -DAMENT_CMAKE_SYMLINK_INSTALL=1 -DCMAKE_INSTALL_PREFIX=/home/sam/amr-simulation/ros2_ws/install/amr_control
[0.578s] Invoking command in '/home/sam/amr-simulation/ros2_ws/build/amr_control': CMAKE_PREFIX_PATH=${CMAKE_PREFIX_PATH}:/opt/ros/jazzy DEBUGINFOD_URLS=https://debuginfod.ubuntu.com /usr/bin/cmake --build /home/sam/amr-simulation/ros2_ws/build/amr_control -- -j14 -l14
[0.655s] Invoked command in '/home/sam/amr-simulation/ros2_ws/build/amr_control' returned '0': CMAKE_PREFIX_PATH=${CMAKE_PREFIX_PATH}:/opt/ros/jazzy DEBUGINFOD_URLS=https://debuginfod.ubuntu.com /usr/bin/cmake --build /home/sam/amr-simulation/ros2_ws/build/amr_control -- -j14 -l14
[0.674s] Invoking command in '/home/sam/amr-simulation/ros2_ws/build/amr_control': CMAKE_PREFIX_PATH=${CMAKE_PREFIX_PATH}:/opt/ros/jazzy DEBUGINFOD_URLS=https://debuginfod.ubuntu.com /usr/bin/cmake --install /home/sam/amr-simulation/ros2_ws/build/amr_control
[0.690s] -- Install configuration: ""
[0.690s] -- Execute custom install script
[0.692s] -- Up-to-date symlink: /home/sam/amr-simulation/ros2_ws/install/amr_control/share/ament_index/resource_index/package_run_dependencies/amr_control
[0.692s] -- Up-to-date symlink: /home/sam/amr-simulation/ros2_ws/install/amr_control/share/ament_index/resource_index/parent_prefix_path/amr_control
[0.692s] -- Up-to-date symlink: /home/sam/amr-simulation/ros2_ws/install/amr_control/share/amr_control/environment/ament_prefix_path.sh
[0.693s] -- Up-to-date symlink: /home/sam/amr-simulation/ros2_ws/install/amr_control/share/amr_control/environment/ament_prefix_path.dsv
[0.693s] -- Up-to-date symlink: /home/sam/amr-simulation/ros2_ws/install/amr_control/share/amr_control/environment/path.sh
[0.693s] -- Up-to-date symlink: /home/sam/amr-simulation/ros2_ws/install/amr_control/share/amr_control/environment/path.dsv
[0.693s] -- Up-to-date symlink: /home/sam/amr-simulation/ros2_ws/install/amr_control/share/amr_control/local_setup.bash
[0.693s] -- Up-to-date symlink: /home/sam/amr-simulation/ros2_ws/install/amr_control/share/amr_control/local_setup.sh
[0.693s] -- Up-to-date symlink: /home/sam/amr-simulation/ros2_ws/install/amr_control/share/amr_control/local_setup.zsh
[0.693s] -- Up-to-date symlink: /home/sam/amr-simulation/ros2_ws/install/amr_control/share/amr_control/local_setup.dsv
[0.693s] -- Symlinking: /home/sam/amr-simulation/ros2_ws/install/amr_control/share/amr_control/package.dsv
[0.722s] -- Up-to-date symlink: /home/sam/amr-simulation/ros2_ws/install/amr_control/share/ament_index/resource_index/packages/amr_control
[0.723s] -- Up-to-date symlink: /home/sam/amr-simulation/ros2_ws/install/amr_control/share/amr_control/cmake/amr_controlConfig.cmake
[0.724s] -- Up-to-date symlink: /home/sam/amr-simulation/ros2_ws/install/amr_control/share/amr_control/cmake/amr_controlConfig-version.cmake
[0.724s] -- Up-to-date symlink: /home/sam/amr-simulation/ros2_ws/install/amr_control/share/amr_control/package.xml
[0.725s] -- Up-to-date symlink: /home/sam/amr-simulation/ros2_ws/install/amr_control/share/amr_control/config/controllers.yaml
[0.759s] Invoked command in '/home/sam/amr-simulation/ros2_ws/build/amr_control' returned '0': CMAKE_PREFIX_PATH=${CMAKE_PREFIX_PATH}:/opt/ros/jazzy DEBUGINFOD_URLS=https://debuginfod.ubuntu.com /usr/bin/cmake --install /home/sam/amr-simulation/ros2_ws/build/amr_control
