[0.018s] Invoking command in '/home/sam/amr-simulation/ros2_ws/build/amr_control': CMAKE_PREFIX_PATH=${CMAKE_PREFIX_PATH}:/opt/ros/jazzy DEBUGINFOD_URLS=https://debuginfod.ubuntu.com /usr/bin/cmake --build /home/sam/amr-simulation/ros2_ws/build/amr_control -- -j14 -l14
[0.150s] Invoked command in '/home/sam/amr-simulation/ros2_ws/build/amr_control' returned '0': CMAKE_PREFIX_PATH=${CMAKE_PREFIX_PATH}:/opt/ros/jazzy DEBUGINFOD_URLS=https://debuginfod.ubuntu.com /usr/bin/cmake --build /home/sam/amr-simulation/ros2_ws/build/amr_control -- -j14 -l14
[0.153s] Invoking command in '/home/sam/amr-simulation/ros2_ws/build/amr_control': CMAKE_PREFIX_PATH=${CMAKE_PREFIX_PATH}:/opt/ros/jazzy DEBUGINFOD_URLS=https://debuginfod.ubuntu.com /usr/bin/cmake --install /home/sam/amr-simulation/ros2_ws/build/amr_control
[0.168s] -- Install configuration: ""
[0.169s] -- Execute custom install script
[0.170s] -- Up-to-date symlink: /home/sam/amr-simulation/ros2_ws/install/amr_control/share/ament_index/resource_index/package_run_dependencies/amr_control
[0.171s] -- Up-to-date symlink: /home/sam/amr-simulation/ros2_ws/install/amr_control/share/ament_index/resource_index/parent_prefix_path/amr_control
[0.171s] -- Up-to-date symlink: /home/sam/amr-simulation/ros2_ws/install/amr_control/share/amr_control/environment/ament_prefix_path.sh
[0.172s] -- Up-to-date symlink: /home/sam/amr-simulation/ros2_ws/install/amr_control/share/amr_control/environment/ament_prefix_path.dsv
[0.172s] -- Up-to-date symlink: /home/sam/amr-simulation/ros2_ws/install/amr_control/share/amr_control/environment/path.sh
[0.172s] -- Up-to-date symlink: /home/sam/amr-simulation/ros2_ws/install/amr_control/share/amr_control/environment/path.dsv
[0.172s] -- Up-to-date symlink: /home/sam/amr-simulation/ros2_ws/install/amr_control/share/amr_control/local_setup.bash
[0.173s] -- Up-to-date symlink: /home/sam/amr-simulation/ros2_ws/install/amr_control/share/amr_control/local_setup.sh
[0.173s] -- Up-to-date symlink: /home/sam/amr-simulation/ros2_ws/install/amr_control/share/amr_control/local_setup.zsh
[0.173s] -- Up-to-date symlink: /home/sam/amr-simulation/ros2_ws/install/amr_control/share/amr_control/local_setup.dsv
[0.173s] -- Symlinking: /home/sam/amr-simulation/ros2_ws/install/amr_control/share/amr_control/package.dsv
[0.192s] -- Up-to-date symlink: /home/sam/amr-simulation/ros2_ws/install/amr_control/share/ament_index/resource_index/packages/amr_control
[0.193s] -- Up-to-date symlink: /home/sam/amr-simulation/ros2_ws/install/amr_control/share/amr_control/cmake/amr_controlConfig.cmake
[0.193s] -- Up-to-date symlink: /home/sam/amr-simulation/ros2_ws/install/amr_control/share/amr_control/cmake/amr_controlConfig-version.cmake
[0.193s] -- Up-to-date symlink: /home/sam/amr-simulation/ros2_ws/install/amr_control/share/amr_control/package.xml
[0.195s] -- Up-to-date symlink: /home/sam/amr-simulation/ros2_ws/install/amr_control/share/amr_control/config/controllers.yaml
[0.203s] Invoked command in '/home/sam/amr-simulation/ros2_ws/build/amr_control' returned '0': CMAKE_PREFIX_PATH=${CMAKE_PREFIX_PATH}:/opt/ros/jazzy DEBUGINFOD_URLS=https://debuginfod.ubuntu.com /usr/bin/cmake --install /home/sam/amr-simulation/ros2_ws/build/amr_control
