[0.008s] Invoking command in '/home/sam/amr-simulation/ros2_ws/build/amr_description': CMAKE_PREFIX_PATH=${CMAKE_PREFIX_PATH}:/opt/ros/jazzy DEBUGINFOD_URLS=https://debuginfod.ubuntu.com /usr/bin/cmake /home/sam/amr-simulation/ros2_ws/src/amr_description -DCMAKE_INSTALL_PREFIX=/home/sam/amr-simulation/ros2_ws/install/amr_description
[0.043s] -- Found ament_cmake: 2.5.6 (/opt/ros/jazzy/share/ament_cmake/cmake)
[0.280s] -- Override CMake install command with custom implementation using symlinks instead of copying resources
[0.306s] -- Found ament_lint_auto: 0.17.5 (/opt/ros/jazzy/share/ament_lint_auto/cmake)
[0.432s] -- Added test 'flake8' to check Python code syntax and style conventions
[0.432s] -- Configured 'flake8' exclude dirs and/or files: 
[0.433s] -- Added test 'lint_cmake' to check CMake code style
[0.434s] -- Added test 'pep257' to check Python code against some of the docstring style conventions in PEP 257
[0.437s] -- Added test 'xmllint' to check XML markup files
[0.441s] -- Configuring done (0.4s)
[0.457s] -- Generating done (0.0s)
[0.462s] -- Build files have been written to: /home/sam/amr-simulation/ros2_ws/build/amr_description
[0.473s] Invoked command in '/home/sam/amr-simulation/ros2_ws/build/amr_description' returned '0': CMAKE_PREFIX_PATH=${CMAKE_PREFIX_PATH}:/opt/ros/jazzy DEBUGINFOD_URLS=https://debuginfod.ubuntu.com /usr/bin/cmake /home/sam/amr-simulation/ros2_ws/src/amr_description -DCMAKE_INSTALL_PREFIX=/home/sam/amr-simulation/ros2_ws/install/amr_description
[0.474s] Invoking command in '/home/sam/amr-simulation/ros2_ws/build/amr_description': CMAKE_PREFIX_PATH=${CMAKE_PREFIX_PATH}:/opt/ros/jazzy DEBUGINFOD_URLS=https://debuginfod.ubuntu.com /usr/bin/cmake --build /home/sam/amr-simulation/ros2_ws/build/amr_description -- -j14 -l14
[0.553s] Invoked command in '/home/sam/amr-simulation/ros2_ws/build/amr_description' returned '0': CMAKE_PREFIX_PATH=${CMAKE_PREFIX_PATH}:/opt/ros/jazzy DEBUGINFOD_URLS=https://debuginfod.ubuntu.com /usr/bin/cmake --build /home/sam/amr-simulation/ros2_ws/build/amr_description -- -j14 -l14
[0.576s] Invoking command in '/home/sam/amr-simulation/ros2_ws/build/amr_description': CMAKE_PREFIX_PATH=${CMAKE_PREFIX_PATH}:/opt/ros/jazzy DEBUGINFOD_URLS=https://debuginfod.ubuntu.com /usr/bin/cmake --install /home/sam/amr-simulation/ros2_ws/build/amr_description
[0.593s] -- Install configuration: ""
[0.593s] -- Execute custom install script
[0.593s] -- Up-to-date symlink: /home/sam/amr-simulation/ros2_ws/install/amr_description/share/ament_index/resource_index/package_run_dependencies/amr_description
[0.594s] -- Up-to-date symlink: /home/sam/amr-simulation/ros2_ws/install/amr_description/share/ament_index/resource_index/parent_prefix_path/amr_description
[0.594s] -- Up-to-date symlink: /home/sam/amr-simulation/ros2_ws/install/amr_description/share/amr_description/environment/ament_prefix_path.sh
[0.595s] -- Up-to-date symlink: /home/sam/amr-simulation/ros2_ws/install/amr_description/share/amr_description/environment/ament_prefix_path.dsv
[0.595s] -- Up-to-date symlink: /home/sam/amr-simulation/ros2_ws/install/amr_description/share/amr_description/environment/path.sh
[0.595s] -- Up-to-date symlink: /home/sam/amr-simulation/ros2_ws/install/amr_description/share/amr_description/environment/path.dsv
[0.596s] -- Up-to-date symlink: /home/sam/amr-simulation/ros2_ws/install/amr_description/share/amr_description/local_setup.bash
[0.596s] -- Up-to-date symlink: /home/sam/amr-simulation/ros2_ws/install/amr_description/share/amr_description/local_setup.sh
[0.596s] -- Up-to-date symlink: /home/sam/amr-simulation/ros2_ws/install/amr_description/share/amr_description/local_setup.zsh
[0.596s] -- Up-to-date symlink: /home/sam/amr-simulation/ros2_ws/install/amr_description/share/amr_description/local_setup.dsv
[0.596s] -- Symlinking: /home/sam/amr-simulation/ros2_ws/install/amr_description/share/amr_description/package.dsv
[0.609s] -- Up-to-date symlink: /home/sam/amr-simulation/ros2_ws/install/amr_description/share/ament_index/resource_index/packages/amr_description
[0.609s] -- Up-to-date symlink: /home/sam/amr-simulation/ros2_ws/install/amr_description/share/amr_description/cmake/amr_descriptionConfig.cmake
[0.610s] -- Up-to-date symlink: /home/sam/amr-simulation/ros2_ws/install/amr_description/share/amr_description/cmake/amr_descriptionConfig-version.cmake
[0.610s] -- Up-to-date symlink: /home/sam/amr-simulation/ros2_ws/install/amr_description/share/amr_description/package.xml
[0.610s] -- Up-to-date symlink: /home/sam/amr-simulation/ros2_ws/install/amr_description/share/amr_description/launch/clean_world.launch.py
[0.610s] -- Up-to-date symlink: /home/sam/amr-simulation/ros2_ws/install/amr_description/share/amr_description/launch/display.launch.py
[0.610s] -- Up-to-date symlink: /home/sam/amr-simulation/ros2_ws/install/amr_description/share/amr_description/launch/obstacle_world.launch.py
[0.610s] -- Up-to-date symlink: /home/sam/amr-simulation/ros2_ws/install/amr_description/share/amr_description/launch/sensor_world.launch.py
[0.610s] -- Up-to-date symlink: /home/sam/amr-simulation/ros2_ws/install/amr_description/share/amr_description/urdf/amr.urdf
[0.610s] -- Up-to-date symlink: /home/sam/amr-simulation/ros2_ws/install/amr_description/share/amr_description/urdf/amr.xacro
[0.611s] -- Up-to-date symlink: /home/sam/amr-simulation/ros2_ws/install/amr_description/share/amr_description/urdf/gazebo.xacro
[0.611s] -- Up-to-date symlink: /home/sam/amr-simulation/ros2_ws/install/amr_description/share/amr_description/urdf/materials.xacro
[0.612s] -- Up-to-date symlink: /home/sam/amr-simulation/ros2_ws/install/amr_description/share/amr_description/meshes/b_wheel_l.stl
[0.612s] -- Up-to-date symlink: /home/sam/amr-simulation/ros2_ws/install/amr_description/share/amr_description/meshes/b_wheel_r.stl
[0.612s] -- Up-to-date symlink: /home/sam/amr-simulation/ros2_ws/install/amr_description/share/amr_description/meshes/base_link.stl
[0.612s] -- Up-to-date symlink: /home/sam/amr-simulation/ros2_ws/install/amr_description/share/amr_description/meshes/camera_link.stl
[0.612s] -- Up-to-date symlink: /home/sam/amr-simulation/ros2_ws/install/amr_description/share/amr_description/meshes/f_wheel_l.stl
[0.612s] -- Up-to-date symlink: /home/sam/amr-simulation/ros2_ws/install/amr_description/share/amr_description/meshes/f_wheel_r.stl
[0.612s] -- Up-to-date symlink: /home/sam/amr-simulation/ros2_ws/install/amr_description/share/amr_description/meshes/lidar_link.stl
[0.612s] -- Up-to-date symlink: /home/sam/amr-simulation/ros2_ws/install/amr_description/share/amr_description/rviz/amr.rviz
[0.613s] -- Up-to-date symlink: /home/sam/amr-simulation/ros2_ws/install/amr_description/share/amr_description/worlds/clean_world/meshes/clean_world.mtl
[0.613s] -- Up-to-date symlink: /home/sam/amr-simulation/ros2_ws/install/amr_description/share/amr_description/worlds/clean_world/meshes/clean_world.obj
[0.613s] -- Up-to-date symlink: /home/sam/amr-simulation/ros2_ws/install/amr_description/share/amr_description/worlds/clean_world/model.config
[0.614s] -- Up-to-date symlink: /home/sam/amr-simulation/ros2_ws/install/amr_description/share/amr_description/worlds/clean_world/model.sdf
[0.614s] -- Up-to-date symlink: /home/sam/amr-simulation/ros2_ws/install/amr_description/share/amr_description/worlds/obstacle_world/meshes/obstacle_world.mtl
[0.614s] -- Up-to-date symlink: /home/sam/amr-simulation/ros2_ws/install/amr_description/share/amr_description/worlds/obstacle_world/meshes/obstacle_world.obj
[0.615s] -- Up-to-date symlink: /home/sam/amr-simulation/ros2_ws/install/amr_description/share/amr_description/worlds/obstacle_world/model.config
[0.615s] -- Up-to-date symlink: /home/sam/amr-simulation/ros2_ws/install/amr_description/share/amr_description/worlds/obstacle_world/model.sdf
[0.615s] -- Up-to-date symlink: /home/sam/amr-simulation/ros2_ws/install/amr_description/share/amr_description/worlds/sensor_world/meshes/sensor_world.mtl
[0.615s] -- Up-to-date symlink: /home/sam/amr-simulation/ros2_ws/install/amr_description/share/amr_description/worlds/sensor_world/meshes/sensor_world.obj
[0.616s] -- Up-to-date symlink: /home/sam/amr-simulation/ros2_ws/install/amr_description/share/amr_description/worlds/sensor_world/model.config
[0.616s] -- Up-to-date symlink: /home/sam/amr-simulation/ros2_ws/install/amr_description/share/amr_description/worlds/sensor_world/model.sdf
[0.631s] Invoked command in '/home/sam/amr-simulation/ros2_ws/build/amr_description' returned '0': CMAKE_PREFIX_PATH=${CMAKE_PREFIX_PATH}:/opt/ros/jazzy DEBUGINFOD_URLS=https://debuginfod.ubuntu.com /usr/bin/cmake --install /home/sam/amr-simulation/ros2_ws/build/amr_description
