[0.015s] Invoking command in '/home/sam/amr-simulation/ros2_ws/build/amr_control': CMAKE_PREFIX_PATH=${CMAKE_PREFIX_PATH}:/opt/ros/jazzy DEBUGINFOD_URLS=https://debuginfod.ubuntu.com /usr/bin/cmake /home/sam/amr-simulation/ros2_ws/src/amr_control -DAMENT_CMAKE_SYMLINK_INSTALL=1 -DCMAKE_INSTALL_PREFIX=/home/sam/amr-simulation/ros2_ws/install/amr_control
[0.060s] -- Found ament_cmake: 2.5.6 (/opt/ros/jazzy/share/ament_cmake/cmake)
[0.272s] -- Override CMake install command with custom implementation using symlinks instead of copying resources
[0.291s] -- Found ament_lint_auto: 0.17.5 (/opt/ros/jazzy/share/ament_lint_auto/cmake)
[0.392s] -- Added test 'lint_cmake' to check CMake code style
[0.394s] -- Added test 'xmllint' to check XML markup files
[0.397s] -- Configuring done (0.4s)
[0.407s] -- Generating done (0.0s)
[0.411s] -- Build files have been written to: /home/sam/amr-simulation/ros2_ws/build/amr_control
[0.419s] Invoked command in '/home/sam/amr-simulation/ros2_ws/build/amr_control' returned '0': CMAKE_PREFIX_PATH=${CMAKE_PREFIX_PATH}:/opt/ros/jazzy DEBUGINFOD_URLS=https://debuginfod.ubuntu.com /usr/bin/cmake /home/sam/amr-simulation/ros2_ws/src/amr_control -DAMENT_CMAKE_SYMLINK_INSTALL=1 -DCMAKE_INSTALL_PREFIX=/home/sam/amr-simulation/ros2_ws/install/amr_control
[0.421s] Invoking command in '/home/sam/amr-simulation/ros2_ws/build/amr_control': CMAKE_PREFIX_PATH=${CMAKE_PREFIX_PATH}:/opt/ros/jazzy DEBUGINFOD_URLS=https://debuginfod.ubuntu.com /usr/bin/cmake --build /home/sam/amr-simulation/ros2_ws/build/amr_control -- -j14 -l14
[0.468s] Invoked command in '/home/sam/amr-simulation/ros2_ws/build/amr_control' returned '0': CMAKE_PREFIX_PATH=${CMAKE_PREFIX_PATH}:/opt/ros/jazzy DEBUGINFOD_URLS=https://debuginfod.ubuntu.com /usr/bin/cmake --build /home/sam/amr-simulation/ros2_ws/build/amr_control -- -j14 -l14
[0.476s] Invoking command in '/home/sam/amr-simulation/ros2_ws/build/amr_control': CMAKE_PREFIX_PATH=${CMAKE_PREFIX_PATH}:/opt/ros/jazzy DEBUGINFOD_URLS=https://debuginfod.ubuntu.com /usr/bin/cmake --install /home/sam/amr-simulation/ros2_ws/build/amr_control
[0.483s] -- Install configuration: ""
[0.483s] -- Execute custom install script
[0.483s] -- Up-to-date symlink: /home/sam/amr-simulation/ros2_ws/install/amr_control/share/ament_index/resource_index/package_run_dependencies/amr_control
[0.484s] -- Up-to-date symlink: /home/sam/amr-simulation/ros2_ws/install/amr_control/share/ament_index/resource_index/parent_prefix_path/amr_control
[0.484s] -- Up-to-date symlink: /home/sam/amr-simulation/ros2_ws/install/amr_control/share/amr_control/environment/ament_prefix_path.sh
[0.484s] -- Up-to-date symlink: /home/sam/amr-simulation/ros2_ws/install/amr_control/share/amr_control/environment/ament_prefix_path.dsv
[0.484s] -- Up-to-date symlink: /home/sam/amr-simulation/ros2_ws/install/amr_control/share/amr_control/environment/path.sh
[0.485s] -- Up-to-date symlink: /home/sam/amr-simulation/ros2_ws/install/amr_control/share/amr_control/environment/path.dsv
[0.485s] -- Up-to-date symlink: /home/sam/amr-simulation/ros2_ws/install/amr_control/share/amr_control/local_setup.bash
[0.485s] -- Up-to-date symlink: /home/sam/amr-simulation/ros2_ws/install/amr_control/share/amr_control/local_setup.sh
[0.486s] -- Up-to-date symlink: /home/sam/amr-simulation/ros2_ws/install/amr_control/share/amr_control/local_setup.zsh
[0.486s] -- Up-to-date symlink: /home/sam/amr-simulation/ros2_ws/install/amr_control/share/amr_control/local_setup.dsv
[0.486s] -- Symlinking: /home/sam/amr-simulation/ros2_ws/install/amr_control/share/amr_control/package.dsv
[0.496s] -- Up-to-date symlink: /home/sam/amr-simulation/ros2_ws/install/amr_control/share/ament_index/resource_index/packages/amr_control
[0.496s] -- Up-to-date symlink: /home/sam/amr-simulation/ros2_ws/install/amr_control/share/amr_control/cmake/amr_controlConfig.cmake
[0.496s] -- Up-to-date symlink: /home/sam/amr-simulation/ros2_ws/install/amr_control/share/amr_control/cmake/amr_controlConfig-version.cmake
[0.496s] -- Up-to-date symlink: /home/sam/amr-simulation/ros2_ws/install/amr_control/share/amr_control/package.xml
[0.497s] -- Up-to-date symlink: /home/sam/amr-simulation/ros2_ws/install/amr_control/share/amr_control/config/controllers.yaml
[0.499s] Invoked command in '/home/sam/amr-simulation/ros2_ws/build/amr_control' returned '0': CMAKE_PREFIX_PATH=${CMAKE_PREFIX_PATH}:/opt/ros/jazzy DEBUGINFOD_URLS=https://debuginfod.ubuntu.com /usr/bin/cmake --install /home/sam/amr-simulation/ros2_ws/build/amr_control
