[0.015s] Invoking command in '/home/sam/amr-simulation/ros2_ws/build/amr_slam': CMAKE_PREFIX_PATH=${CMAKE_PREFIX_PATH}:/opt/ros/jazzy DEBUGINFOD_URLS=https://debuginfod.ubuntu.com /usr/bin/cmake /home/sam/amr-simulation/ros2_ws/src/amr_slam -DAMENT_CMAKE_SYMLINK_INSTALL=1 -DCMAKE_INSTALL_PREFIX=/home/sam/amr-simulation/ros2_ws/install/amr_slam
[0.171s] -- The C compiler identification is GNU 13.3.0
[0.300s] -- The CXX compiler identification is GNU 13.3.0
[0.326s] -- Detecting C compiler ABI info
[0.472s] -- Detecting C compiler ABI info - done
[0.484s] -- Check for working C compiler: /usr/bin/cc - skipped
[0.485s] -- Detecting C compile features
[0.486s] -- Detecting C compile features - done
[0.503s] -- Detecting CXX compiler ABI info
[0.663s] -- Detecting CXX compiler ABI info - done
[0.683s] -- Check for working CXX compiler: /usr/bin/c++ - skipped
[0.683s] -- Detecting CXX compile features
[0.684s] -- Detecting CXX compile features - done
[0.695s] -- Found ament_cmake: 2.5.6 (/opt/ros/jazzy/share/ament_cmake/cmake)
[0.855s] -- Found Python3: /usr/bin/python3 (found version "3.12.3") found components: Interpreter 
[0.928s] -- Override CMake install command with custom implementation using symlinks instead of copying resources
[1.009s] -- Found ament_lint_auto: 0.17.5 (/opt/ros/jazzy/share/ament_lint_auto/cmake)
[1.136s] -- Added test 'flake8' to check Python code syntax and style conventions
[1.136s] -- Configured 'flake8' exclude dirs and/or files: 
[1.136s] -- Added test 'lint_cmake' to check CMake code style
[1.137s] -- Added test 'pep257' to check Python code against some of the docstring style conventions in PEP 257
[1.138s] -- Added test 'xmllint' to check XML markup files
[1.139s] -- Configuring done (1.1s)
[1.141s] -- Generating done (0.0s)
[1.142s] -- Build files have been written to: /home/sam/amr-simulation/ros2_ws/build/amr_slam
[1.149s] Invoked command in '/home/sam/amr-simulation/ros2_ws/build/amr_slam' returned '0': CMAKE_PREFIX_PATH=${CMAKE_PREFIX_PATH}:/opt/ros/jazzy DEBUGINFOD_URLS=https://debuginfod.ubuntu.com /usr/bin/cmake /home/sam/amr-simulation/ros2_ws/src/amr_slam -DAMENT_CMAKE_SYMLINK_INSTALL=1 -DCMAKE_INSTALL_PREFIX=/home/sam/amr-simulation/ros2_ws/install/amr_slam
[1.150s] Invoking command in '/home/sam/amr-simulation/ros2_ws/build/amr_slam': CMAKE_PREFIX_PATH=${CMAKE_PREFIX_PATH}:/opt/ros/jazzy DEBUGINFOD_URLS=https://debuginfod.ubuntu.com /usr/bin/cmake --build /home/sam/amr-simulation/ros2_ws/build/amr_slam -- -j14 -l14
[1.215s] Invoked command in '/home/sam/amr-simulation/ros2_ws/build/amr_slam' returned '0': CMAKE_PREFIX_PATH=${CMAKE_PREFIX_PATH}:/opt/ros/jazzy DEBUGINFOD_URLS=https://debuginfod.ubuntu.com /usr/bin/cmake --build /home/sam/amr-simulation/ros2_ws/build/amr_slam -- -j14 -l14
[1.217s] Invoking command in '/home/sam/amr-simulation/ros2_ws/build/amr_slam': CMAKE_PREFIX_PATH=${CMAKE_PREFIX_PATH}:/opt/ros/jazzy DEBUGINFOD_URLS=https://debuginfod.ubuntu.com /usr/bin/cmake --install /home/sam/amr-simulation/ros2_ws/build/amr_slam
[1.233s] -- Install configuration: ""
[1.234s] -- Execute custom install script
[1.235s] -- Symlinking: /home/sam/amr-simulation/ros2_ws/install/amr_slam/share/ament_index/resource_index/package_run_dependencies/amr_slam
[1.251s] -- Symlinking: /home/sam/amr-simulation/ros2_ws/install/amr_slam/share/ament_index/resource_index/parent_prefix_path/amr_slam
[1.266s] -- Symlinking: /home/sam/amr-simulation/ros2_ws/install/amr_slam/share/amr_slam/environment/ament_prefix_path.sh
[1.280s] -- Symlinking: /home/sam/amr-simulation/ros2_ws/install/amr_slam/share/amr_slam/environment/ament_prefix_path.dsv
[1.289s] -- Symlinking: /home/sam/amr-simulation/ros2_ws/install/amr_slam/share/amr_slam/environment/path.sh
[1.296s] -- Symlinking: /home/sam/amr-simulation/ros2_ws/install/amr_slam/share/amr_slam/environment/path.dsv
[1.303s] -- Symlinking: /home/sam/amr-simulation/ros2_ws/install/amr_slam/share/amr_slam/local_setup.bash
[1.317s] -- Symlinking: /home/sam/amr-simulation/ros2_ws/install/amr_slam/share/amr_slam/local_setup.sh
[1.332s] -- Symlinking: /home/sam/amr-simulation/ros2_ws/install/amr_slam/share/amr_slam/local_setup.zsh
[1.345s] -- Symlinking: /home/sam/amr-simulation/ros2_ws/install/amr_slam/share/amr_slam/local_setup.dsv
[1.355s] -- Symlinking: /home/sam/amr-simulation/ros2_ws/install/amr_slam/share/amr_slam/package.dsv
[1.362s] -- Symlinking: /home/sam/amr-simulation/ros2_ws/install/amr_slam/share/ament_index/resource_index/packages/amr_slam
[1.368s] -- Symlinking: /home/sam/amr-simulation/ros2_ws/install/amr_slam/share/amr_slam/cmake/amr_slamConfig.cmake
[1.374s] -- Symlinking: /home/sam/amr-simulation/ros2_ws/install/amr_slam/share/amr_slam/cmake/amr_slamConfig-version.cmake
[1.380s] -- Symlinking: /home/sam/amr-simulation/ros2_ws/install/amr_slam/share/amr_slam/package.xml
[1.389s] Invoked command in '/home/sam/amr-simulation/ros2_ws/build/amr_slam' returned '0': CMAKE_PREFIX_PATH=${CMAKE_PREFIX_PATH}:/opt/ros/jazzy DEBUGINFOD_URLS=https://debuginfod.ubuntu.com /usr/bin/cmake --install /home/sam/amr-simulation/ros2_ws/build/amr_slam
