-- The C compiler identification is GNU 13.3.0
-- The CXX compiler identification is GNU 13.3.0
-- Detecting C compiler ABI info
-- Detecting C compiler ABI info - done
-- Check for working C compiler: /usr/bin/cc - skipped
-- Detecting C compile features
-- Detecting C compile features - done
-- Detecting CXX compiler ABI info
-- Detecting CXX compiler ABI info - done
-- Check for working CXX compiler: /usr/bin/c++ - skipped
-- Detecting CXX compile features
-- Detecting CXX compile features - done
-- Found ament_cmake: 2.5.6 (/opt/ros/jazzy/share/ament_cmake/cmake)
-- Found Python3: /usr/bin/python3 (found version "3.12.3") found components: Interpreter 
-- Override CMake install command with custom implementation using symlinks instead of copying resources
-- Found ament_lint_auto: 0.17.5 (/opt/ros/jazzy/share/ament_lint_auto/cmake)
-- Added test 'flake8' to check Python code syntax and style conventions
-- Configured 'flake8' exclude dirs and/or files: 
-- Added test 'lint_cmake' to check CMake code style
-- Added test 'pep257' to check Python code against some of the docstring style conventions in PEP 257
-- Added test 'xmllint' to check XML markup files
-- Configuring done (1.6s)
-- Generating done (0.0s)
-- Build files have been written to: /home/sam/amr-simulation/ros2_ws/build/amr_nav
-- Install configuration: ""
-- Execute custom install script
-- Symlinking: /home/sam/amr-simulation/ros2_ws/install/amr_nav/share/amr_nav//config/nav2_params.yaml
-- Symlinking: /home/sam/amr-simulation/ros2_ws/install/amr_nav/share/amr_nav//launch/localization_launch.py
-- Symlinking: /home/sam/amr-simulation/ros2_ws/install/amr_nav/share/amr_nav//launch/navigation_launch.py
-- Symlinking: /home/sam/amr-simulation/ros2_ws/install/amr_nav/share/ament_index/resource_index/package_run_dependencies/amr_nav
-- Symlinking: /home/sam/amr-simulation/ros2_ws/install/amr_nav/share/ament_index/resource_index/parent_prefix_path/amr_nav
-- Symlinking: /home/sam/amr-simulation/ros2_ws/install/amr_nav/share/amr_nav/environment/ament_prefix_path.sh
-- Symlinking: /home/sam/amr-simulation/ros2_ws/install/amr_nav/share/amr_nav/environment/ament_prefix_path.dsv
-- Symlinking: /home/sam/amr-simulation/ros2_ws/install/amr_nav/share/amr_nav/environment/path.sh
-- Symlinking: /home/sam/amr-simulation/ros2_ws/install/amr_nav/share/amr_nav/environment/path.dsv
-- Symlinking: /home/sam/amr-simulation/ros2_ws/install/amr_nav/share/amr_nav/local_setup.bash
-- Symlinking: /home/sam/amr-simulation/ros2_ws/install/amr_nav/share/amr_nav/local_setup.sh
-- Symlinking: /home/sam/amr-simulation/ros2_ws/install/amr_nav/share/amr_nav/local_setup.zsh
-- Symlinking: /home/sam/amr-simulation/ros2_ws/install/amr_nav/share/amr_nav/local_setup.dsv
-- Symlinking: /home/sam/amr-simulation/ros2_ws/install/amr_nav/share/amr_nav/package.dsv
-- Symlinking: /home/sam/amr-simulation/ros2_ws/install/amr_nav/share/ament_index/resource_index/packages/amr_nav
-- Symlinking: /home/sam/amr-simulation/ros2_ws/install/amr_nav/share/amr_nav/cmake/amr_navConfig.cmake
-- Symlinking: /home/sam/amr-simulation/ros2_ws/install/amr_nav/share/amr_nav/cmake/amr_navConfig-version.cmake
-- Symlinking: /home/sam/amr-simulation/ros2_ws/install/amr_nav/share/amr_nav/package.xml
