[0.020s] Invoking command in '/home/sam/amr-simulation/ros2_ws/build/amr_nav': CMAKE_PREFIX_PATH=${CMAKE_PREFIX_PATH}:/opt/ros/jazzy DEBUGINFOD_URLS=https://debuginfod.ubuntu.com /usr/bin/cmake /home/sam/amr-simulation/ros2_ws/src/amr_nav -DAMENT_CMAKE_SYMLINK_INSTALL=1 -DCMAKE_INSTALL_PREFIX=/home/sam/amr-simulation/ros2_ws/install/amr_nav
[0.228s] -- The C compiler identification is GNU 13.3.0
[0.415s] -- The CXX compiler identification is GNU 13.3.0
[0.459s] -- Detecting C compiler ABI info
[0.653s] -- Detecting C compiler ABI info - done
[0.674s] -- Check for working C compiler: /usr/bin/cc - skipped
[0.683s] -- Detecting C compile features
[0.684s] -- Detecting C compile features - done
[0.704s] -- Detecting CXX compiler ABI info
[0.884s] -- Detecting CXX compiler ABI info - done
[0.913s] -- Check for working CXX compiler: /usr/bin/c++ - skipped
[0.914s] -- Detecting CXX compile features
[0.915s] -- Detecting CXX compile features - done
[0.940s] -- Found ament_cmake: 2.5.6 (/opt/ros/jazzy/share/ament_cmake/cmake)
[1.238s] -- Found Python3: /usr/bin/python3 (found version "3.12.3") found components: Interpreter 
[1.351s] -- Override CMake install command with custom implementation using symlinks instead of copying resources
[1.440s] -- Found ament_lint_auto: 0.17.5 (/opt/ros/jazzy/share/ament_lint_auto/cmake)
[1.620s] -- Added test 'flake8' to check Python code syntax and style conventions
[1.621s] -- Configured 'flake8' exclude dirs and/or files: 
[1.622s] -- Added test 'lint_cmake' to check CMake code style
[1.623s] -- Added test 'pep257' to check Python code against some of the docstring style conventions in PEP 257
[1.625s] -- Added test 'xmllint' to check XML markup files
[1.628s] -- Configuring done (1.6s)
[1.632s] -- Generating done (0.0s)
[1.634s] -- Build files have been written to: /home/sam/amr-simulation/ros2_ws/build/amr_nav
[1.645s] Invoked command in '/home/sam/amr-simulation/ros2_ws/build/amr_nav' returned '0': CMAKE_PREFIX_PATH=${CMAKE_PREFIX_PATH}:/opt/ros/jazzy DEBUGINFOD_URLS=https://debuginfod.ubuntu.com /usr/bin/cmake /home/sam/amr-simulation/ros2_ws/src/amr_nav -DAMENT_CMAKE_SYMLINK_INSTALL=1 -DCMAKE_INSTALL_PREFIX=/home/sam/amr-simulation/ros2_ws/install/amr_nav
[1.647s] Invoking command in '/home/sam/amr-simulation/ros2_ws/build/amr_nav': CMAKE_PREFIX_PATH=${CMAKE_PREFIX_PATH}:/opt/ros/jazzy DEBUGINFOD_URLS=https://debuginfod.ubuntu.com /usr/bin/cmake --build /home/sam/amr-simulation/ros2_ws/build/amr_nav -- -j14 -l14
[1.724s] Invoked command in '/home/sam/amr-simulation/ros2_ws/build/amr_nav' returned '0': CMAKE_PREFIX_PATH=${CMAKE_PREFIX_PATH}:/opt/ros/jazzy DEBUGINFOD_URLS=https://debuginfod.ubuntu.com /usr/bin/cmake --build /home/sam/amr-simulation/ros2_ws/build/amr_nav -- -j14 -l14
[1.727s] Invoking command in '/home/sam/amr-simulation/ros2_ws/build/amr_nav': CMAKE_PREFIX_PATH=${CMAKE_PREFIX_PATH}:/opt/ros/jazzy DEBUGINFOD_URLS=https://debuginfod.ubuntu.com /usr/bin/cmake --install /home/sam/amr-simulation/ros2_ws/build/amr_nav
[1.742s] -- Install configuration: ""
[1.742s] -- Execute custom install script
[1.743s] -- Symlinking: /home/sam/amr-simulation/ros2_ws/install/amr_nav/share/amr_nav//config/nav2_params.yaml
[1.761s] -- Symlinking: /home/sam/amr-simulation/ros2_ws/install/amr_nav/share/amr_nav//launch/localization_launch.py
[1.777s] -- Symlinking: /home/sam/amr-simulation/ros2_ws/install/amr_nav/share/amr_nav//launch/navigation_launch.py
[1.789s] -- Symlinking: /home/sam/amr-simulation/ros2_ws/install/amr_nav/share/ament_index/resource_index/package_run_dependencies/amr_nav
[1.807s] -- Symlinking: /home/sam/amr-simulation/ros2_ws/install/amr_nav/share/ament_index/resource_index/parent_prefix_path/amr_nav
[1.824s] -- Symlinking: /home/sam/amr-simulation/ros2_ws/install/amr_nav/share/amr_nav/environment/ament_prefix_path.sh
[1.838s] -- Symlinking: /home/sam/amr-simulation/ros2_ws/install/amr_nav/share/amr_nav/environment/ament_prefix_path.dsv
[1.851s] -- Symlinking: /home/sam/amr-simulation/ros2_ws/install/amr_nav/share/amr_nav/environment/path.sh
[1.864s] -- Symlinking: /home/sam/amr-simulation/ros2_ws/install/amr_nav/share/amr_nav/environment/path.dsv
[1.877s] -- Symlinking: /home/sam/amr-simulation/ros2_ws/install/amr_nav/share/amr_nav/local_setup.bash
[1.890s] -- Symlinking: /home/sam/amr-simulation/ros2_ws/install/amr_nav/share/amr_nav/local_setup.sh
[1.904s] -- Symlinking: /home/sam/amr-simulation/ros2_ws/install/amr_nav/share/amr_nav/local_setup.zsh
[1.918s] -- Symlinking: /home/sam/amr-simulation/ros2_ws/install/amr_nav/share/amr_nav/local_setup.dsv
[1.931s] -- Symlinking: /home/sam/amr-simulation/ros2_ws/install/amr_nav/share/amr_nav/package.dsv
[1.944s] -- Symlinking: /home/sam/amr-simulation/ros2_ws/install/amr_nav/share/ament_index/resource_index/packages/amr_nav
[1.956s] -- Symlinking: /home/sam/amr-simulation/ros2_ws/install/amr_nav/share/amr_nav/cmake/amr_navConfig.cmake
[1.968s] -- Symlinking: /home/sam/amr-simulation/ros2_ws/install/amr_nav/share/amr_nav/cmake/amr_navConfig-version.cmake
[1.980s] -- Symlinking: /home/sam/amr-simulation/ros2_ws/install/amr_nav/share/amr_nav/package.xml
[1.995s] Invoked command in '/home/sam/amr-simulation/ros2_ws/build/amr_nav' returned '0': CMAKE_PREFIX_PATH=${CMAKE_PREFIX_PATH}:/opt/ros/jazzy DEBUGINFOD_URLS=https://debuginfod.ubuntu.com /usr/bin/cmake --install /home/sam/amr-simulation/ros2_ws/build/amr_nav
