[0.015s] Invoking command in '/home/sam/amr-simulation/ros2_ws/build/amr_description': CMAKE_PREFIX_PATH=${CMAKE_PREFIX_PATH}:/opt/ros/jazzy DEBUGINFOD_URLS=https://debuginfod.ubuntu.com /usr/bin/cmake /home/sam/amr-simulation/ros2_ws/src/amr_description -DCMAKE_INSTALL_PREFIX=/home/sam/amr-simulation/ros2_ws/install/amr_description
[0.240s] -- The C compiler identification is GNU 13.3.0
[0.424s] -- The CXX compiler identification is GNU 13.3.0
[0.469s] -- Detecting C compiler ABI info
[0.663s] -- Detecting C compiler ABI info - done
[0.700s] -- Check for working C compiler: /usr/bin/cc - skipped
[0.706s] -- Detecting C compile features
[0.707s] -- Detecting C compile features - done
[0.732s] -- Detecting CXX compiler ABI info
[0.921s] -- Detecting CXX compiler ABI info - done
[0.936s] -- Check for working CXX compiler: /usr/bin/c++ - skipped
[0.937s] -- Detecting CXX compile features
[0.938s] -- Detecting CXX compile features - done
[0.957s] -- Found ament_cmake: 2.5.6 (/opt/ros/jazzy/share/ament_cmake/cmake)
[1.210s] -- Found Python3: /usr/bin/python3 (found version "3.12.3") found components: Interpreter 
[1.436s] -- Found ament_lint_auto: 0.17.5 (/opt/ros/jazzy/share/ament_lint_auto/cmake)
[1.630s] -- Added test 'flake8' to check Python code syntax and style conventions
[1.630s] -- Configured 'flake8' exclude dirs and/or files: 
[1.632s] -- Added test 'lint_cmake' to check CMake code style
[1.633s] -- Added test 'pep257' to check Python code against some of the docstring style conventions in PEP 257
[1.636s] -- Added test 'xmllint' to check XML markup files
[1.638s] -- Configuring done (1.6s)
[1.642s] -- Generating done (0.0s)
[1.645s] -- Build files have been written to: /home/sam/amr-simulation/ros2_ws/build/amr_description
[1.656s] Invoked command in '/home/sam/amr-simulation/ros2_ws/build/amr_description' returned '0': CMAKE_PREFIX_PATH=${CMAKE_PREFIX_PATH}:/opt/ros/jazzy DEBUGINFOD_URLS=https://debuginfod.ubuntu.com /usr/bin/cmake /home/sam/amr-simulation/ros2_ws/src/amr_description -DCMAKE_INSTALL_PREFIX=/home/sam/amr-simulation/ros2_ws/install/amr_description
[1.660s] Invoking command in '/home/sam/amr-simulation/ros2_ws/build/amr_description': CMAKE_PREFIX_PATH=${CMAKE_PREFIX_PATH}:/opt/ros/jazzy DEBUGINFOD_URLS=https://debuginfod.ubuntu.com /usr/bin/cmake --build /home/sam/amr-simulation/ros2_ws/build/amr_description -- -j14 -l14
[1.733s] Invoked command in '/home/sam/amr-simulation/ros2_ws/build/amr_description' returned '0': CMAKE_PREFIX_PATH=${CMAKE_PREFIX_PATH}:/opt/ros/jazzy DEBUGINFOD_URLS=https://debuginfod.ubuntu.com /usr/bin/cmake --build /home/sam/amr-simulation/ros2_ws/build/amr_description -- -j14 -l14
[1.755s] Invoking command in '/home/sam/amr-simulation/ros2_ws/build/amr_description': CMAKE_PREFIX_PATH=${CMAKE_PREFIX_PATH}:/opt/ros/jazzy DEBUGINFOD_URLS=https://debuginfod.ubuntu.com /usr/bin/cmake --install /home/sam/amr-simulation/ros2_ws/build/amr_description
[1.779s] -- Install configuration: ""
[1.780s] -- Installing: /home/sam/amr-simulation/ros2_ws/install/amr_description/share/ament_index/resource_index/package_run_dependencies/amr_description
[1.781s] -- Installing: /home/sam/amr-simulation/ros2_ws/install/amr_description/share/ament_index/resource_index/parent_prefix_path/amr_description
[1.782s] -- Installing: /home/sam/amr-simulation/ros2_ws/install/amr_description/share/amr_description/environment/ament_prefix_path.sh
[1.782s] -- Installing: /home/sam/amr-simulation/ros2_ws/install/amr_description/share/amr_description/environment/ament_prefix_path.dsv
[1.783s] -- Installing: /home/sam/amr-simulation/ros2_ws/install/amr_description/share/amr_description/environment/path.sh
[1.783s] -- Installing: /home/sam/amr-simulation/ros2_ws/install/amr_description/share/amr_description/environment/path.dsv
[1.783s] -- Installing: /home/sam/amr-simulation/ros2_ws/install/amr_description/share/amr_description/local_setup.bash
[1.783s] -- Installing: /home/sam/amr-simulation/ros2_ws/install/amr_description/share/amr_description/local_setup.sh
[1.783s] -- Installing: /home/sam/amr-simulation/ros2_ws/install/amr_description/share/amr_description/local_setup.zsh
[1.783s] -- Installing: /home/sam/amr-simulation/ros2_ws/install/amr_description/share/amr_description/local_setup.dsv
[1.784s] -- Installing: /home/sam/amr-simulation/ros2_ws/install/amr_description/share/amr_description/package.dsv
[1.784s] -- Installing: /home/sam/amr-simulation/ros2_ws/install/amr_description/share/ament_index/resource_index/packages/amr_description
[1.788s] -- Installing: /home/sam/amr-simulation/ros2_ws/install/amr_description/share/amr_description/cmake/amr_descriptionConfig.cmake
[1.788s] -- Installing: /home/sam/amr-simulation/ros2_ws/install/amr_description/share/amr_description/cmake/amr_descriptionConfig-version.cmake
[1.789s] -- Installing: /home/sam/amr-simulation/ros2_ws/install/amr_description/share/amr_description/package.xml
[1.789s] -- Installing: /home/sam/amr-simulation/ros2_ws/install/amr_description/share/amr_description/launch
[1.793s] -- Installing: /home/sam/amr-simulation/ros2_ws/install/amr_description/share/amr_description/launch/sensor_world.launch.py
[1.793s] -- Installing: /home/sam/amr-simulation/ros2_ws/install/amr_description/share/amr_description/launch/clean_world.launch.py
[1.794s] -- Installing: /home/sam/amr-simulation/ros2_ws/install/amr_description/share/amr_description/launch/display.launch.py
[1.796s] -- Installing: /home/sam/amr-simulation/ros2_ws/install/amr_description/share/amr_description/launch/obstacle_world.launch.py
[1.796s] -- Installing: /home/sam/amr-simulation/ros2_ws/install/amr_description/share/amr_description/urdf
[1.796s] -- Installing: /home/sam/amr-simulation/ros2_ws/install/amr_description/share/amr_description/urdf/amr.xacro
[1.796s] -- Installing: /home/sam/amr-simulation/ros2_ws/install/amr_description/share/amr_description/urdf/gazebo.xacro
[1.796s] -- Installing: /home/sam/amr-simulation/ros2_ws/install/amr_description/share/amr_description/urdf/amr.urdf
[1.797s] -- Installing: /home/sam/amr-simulation/ros2_ws/install/amr_description/share/amr_description/urdf/materials.xacro
[1.798s] -- Installing: /home/sam/amr-simulation/ros2_ws/install/amr_description/share/amr_description/meshes
[1.798s] -- Installing: /home/sam/amr-simulation/ros2_ws/install/amr_description/share/amr_description/meshes/camera_link.stl
[1.798s] -- Installing: /home/sam/amr-simulation/ros2_ws/install/amr_description/share/amr_description/meshes/b_wheel_l.stl
[1.798s] -- Installing: /home/sam/amr-simulation/ros2_ws/install/amr_description/share/amr_description/meshes/lidar_link.stl
[1.798s] -- Installing: /home/sam/amr-simulation/ros2_ws/install/amr_description/share/amr_description/meshes/b_wheel_r.stl
[1.799s] -- Installing: /home/sam/amr-simulation/ros2_ws/install/amr_description/share/amr_description/meshes/f_wheel_r.stl
[1.800s] -- Installing: /home/sam/amr-simulation/ros2_ws/install/amr_description/share/amr_description/meshes/base_link.stl
[1.800s] -- Installing: /home/sam/amr-simulation/ros2_ws/install/amr_description/share/amr_description/meshes/f_wheel_l.stl
[1.800s] -- Installing: /home/sam/amr-simulation/ros2_ws/install/amr_description/share/amr_description/rviz
[1.800s] -- Installing: /home/sam/amr-simulation/ros2_ws/install/amr_description/share/amr_description/rviz/amr.rviz
[1.866s] Invoked command in '/home/sam/amr-simulation/ros2_ws/build/amr_description' returned '0': CMAKE_PREFIX_PATH=${CMAKE_PREFIX_PATH}:/opt/ros/jazzy DEBUGINFOD_URLS=https://debuginfod.ubuntu.com /usr/bin/cmake --install /home/sam/amr-simulation/ros2_ws/build/amr_description
