[0.015s] Invoking command in '/home/sam/amr-simulation/ros2_ws/build/amr_description': CMAKE_PREFIX_PATH=${CMAKE_PREFIX_PATH}:/opt/ros/jazzy DEBUGINFOD_URLS=https://debuginfod.ubuntu.com /usr/bin/cmake --build /home/sam/amr-simulation/ros2_ws/build/amr_description -- -j14 -l14
[0.133s] Invoked command in '/home/sam/amr-simulation/ros2_ws/build/amr_description' returned '0': CMAKE_PREFIX_PATH=${CMAKE_PREFIX_PATH}:/opt/ros/jazzy DEBUGINFOD_URLS=https://debuginfod.ubuntu.com /usr/bin/cmake --build /home/sam/amr-simulation/ros2_ws/build/amr_description -- -j14 -l14
[0.136s] Invoking command in '/home/sam/amr-simulation/ros2_ws/build/amr_description': CMAKE_PREFIX_PATH=${CMAKE_PREFIX_PATH}:/opt/ros/jazzy DEBUGINFOD_URLS=https://debuginfod.ubuntu.com /usr/bin/cmake --install /home/sam/amr-simulation/ros2_ws/build/amr_description
[0.153s] -- Install configuration: ""
[0.155s] -- Execute custom install script
[0.157s] -- Up-to-date symlink: /home/sam/amr-simulation/ros2_ws/install/amr_description/share/ament_index/resource_index/package_run_dependencies/amr_description
[0.157s] -- Up-to-date symlink: /home/sam/amr-simulation/ros2_ws/install/amr_description/share/ament_index/resource_index/parent_prefix_path/amr_description
[0.157s] -- Up-to-date symlink: /home/sam/amr-simulation/ros2_ws/install/amr_description/share/amr_description/environment/ament_prefix_path.sh
[0.158s] -- Up-to-date symlink: /home/sam/amr-simulation/ros2_ws/install/amr_description/share/amr_description/environment/ament_prefix_path.dsv
[0.158s] -- Up-to-date symlink: /home/sam/amr-simulation/ros2_ws/install/amr_description/share/amr_description/environment/path.sh
[0.158s] -- Up-to-date symlink: /home/sam/amr-simulation/ros2_ws/install/amr_description/share/amr_description/environment/path.dsv
[0.158s] -- Up-to-date symlink: /home/sam/amr-simulation/ros2_ws/install/amr_description/share/amr_description/local_setup.bash
[0.159s] -- Up-to-date symlink: /home/sam/amr-simulation/ros2_ws/install/amr_description/share/amr_description/local_setup.sh
[0.159s] -- Up-to-date symlink: /home/sam/amr-simulation/ros2_ws/install/amr_description/share/amr_description/local_setup.zsh
[0.160s] -- Up-to-date symlink: /home/sam/amr-simulation/ros2_ws/install/amr_description/share/amr_description/local_setup.dsv
[0.160s] -- Symlinking: /home/sam/amr-simulation/ros2_ws/install/amr_description/share/amr_description/package.dsv
[0.176s] -- Up-to-date symlink: /home/sam/amr-simulation/ros2_ws/install/amr_description/share/ament_index/resource_index/packages/amr_description
[0.177s] -- Up-to-date symlink: /home/sam/amr-simulation/ros2_ws/install/amr_description/share/amr_description/cmake/amr_descriptionConfig.cmake
[0.177s] -- Up-to-date symlink: /home/sam/amr-simulation/ros2_ws/install/amr_description/share/amr_description/cmake/amr_descriptionConfig-version.cmake
[0.177s] -- Up-to-date symlink: /home/sam/amr-simulation/ros2_ws/install/amr_description/share/amr_description/package.xml
[0.179s] -- Up-to-date symlink: /home/sam/amr-simulation/ros2_ws/install/amr_description/share/amr_description/launch/clean_world.launch.py
[0.179s] -- Up-to-date symlink: /home/sam/amr-simulation/ros2_ws/install/amr_description/share/amr_description/launch/display.launch.py
[0.179s] -- Up-to-date symlink: /home/sam/amr-simulation/ros2_ws/install/amr_description/share/amr_description/launch/obstacle_world.launch.py
[0.179s] -- Up-to-date symlink: /home/sam/amr-simulation/ros2_ws/install/amr_description/share/amr_description/launch/sensor_world.launch.py
[0.180s] -- Up-to-date symlink: /home/sam/amr-simulation/ros2_ws/install/amr_description/share/amr_description/urdf/amr.urdf
[0.180s] -- Up-to-date symlink: /home/sam/amr-simulation/ros2_ws/install/amr_description/share/amr_description/urdf/amr.xacro
[0.182s] -- Up-to-date symlink: /home/sam/amr-simulation/ros2_ws/install/amr_description/share/amr_description/urdf/gazebo.xacro
[0.182s] -- Up-to-date symlink: /home/sam/amr-simulation/ros2_ws/install/amr_description/share/amr_description/urdf/materials.xacro
[0.183s] -- Up-to-date symlink: /home/sam/amr-simulation/ros2_ws/install/amr_description/share/amr_description/meshes/b_wheel_l.stl
[0.184s] -- Up-to-date symlink: /home/sam/amr-simulation/ros2_ws/install/amr_description/share/amr_description/meshes/b_wheel_r.stl
[0.184s] -- Up-to-date symlink: /home/sam/amr-simulation/ros2_ws/install/amr_description/share/amr_description/meshes/base_link.stl
[0.185s] -- Up-to-date symlink: /home/sam/amr-simulation/ros2_ws/install/amr_description/share/amr_description/meshes/camera_link.stl
[0.185s] -- Up-to-date symlink: /home/sam/amr-simulation/ros2_ws/install/amr_description/share/amr_description/meshes/f_wheel_l.stl
[0.186s] -- Up-to-date symlink: /home/sam/amr-simulation/ros2_ws/install/amr_description/share/amr_description/meshes/f_wheel_r.stl
[0.186s] -- Up-to-date symlink: /home/sam/amr-simulation/ros2_ws/install/amr_description/share/amr_description/meshes/lidar_link.stl
[0.186s] -- Up-to-date symlink: /home/sam/amr-simulation/ros2_ws/install/amr_description/share/amr_description/rviz/amr.rviz
[0.187s] -- Up-to-date symlink: /home/sam/amr-simulation/ros2_ws/install/amr_description/share/amr_description/worlds/clean_world/meshes/clean_world.mtl
[0.188s] -- Up-to-date symlink: /home/sam/amr-simulation/ros2_ws/install/amr_description/share/amr_description/worlds/clean_world/meshes/clean_world.obj
[0.188s] -- Up-to-date symlink: /home/sam/amr-simulation/ros2_ws/install/amr_description/share/amr_description/worlds/clean_world/model.config
[0.188s] -- Up-to-date symlink: /home/sam/amr-simulation/ros2_ws/install/amr_description/share/amr_description/worlds/clean_world/model.sdf
[0.188s] -- Up-to-date symlink: /home/sam/amr-simulation/ros2_ws/install/amr_description/share/amr_description/worlds/obstacle_world/meshes/obstacle_world.mtl
[0.188s] -- Up-to-date symlink: /home/sam/amr-simulation/ros2_ws/install/amr_description/share/amr_description/worlds/obstacle_world/meshes/obstacle_world.obj
[0.188s] -- Up-to-date symlink: /home/sam/amr-simulation/ros2_ws/install/amr_description/share/amr_description/worlds/obstacle_world/model.config
[0.188s] -- Up-to-date symlink: /home/sam/amr-simulation/ros2_ws/install/amr_description/share/amr_description/worlds/obstacle_world/model.sdf
[0.189s] -- Up-to-date symlink: /home/sam/amr-simulation/ros2_ws/install/amr_description/share/amr_description/worlds/sensor_world/meshes/sensor_world.mtl
[0.189s] -- Up-to-date symlink: /home/sam/amr-simulation/ros2_ws/install/amr_description/share/amr_description/worlds/sensor_world/meshes/sensor_world.obj
[0.189s] -- Up-to-date symlink: /home/sam/amr-simulation/ros2_ws/install/amr_description/share/amr_description/worlds/sensor_world/model.config
[0.190s] -- Up-to-date symlink: /home/sam/amr-simulation/ros2_ws/install/amr_description/share/amr_description/worlds/sensor_world/model.sdf
[0.224s] Invoked command in '/home/sam/amr-simulation/ros2_ws/build/amr_description' returned '0': CMAKE_PREFIX_PATH=${CMAKE_PREFIX_PATH}:/opt/ros/jazzy DEBUGINFOD_URLS=https://debuginfod.ubuntu.com /usr/bin/cmake --install /home/sam/amr-simulation/ros2_ws/build/amr_description
