[0.148s] DEBUG:colcon:Command line arguments: ['/usr/bin/colcon', 'build']
[0.148s] DEBUG:colcon:Parsed command line arguments: Namespace(log_base=None, log_level=None, verb_name='build', build_base='build', install_base='install', merge_install=False, symlink_install=False, test_result_base=None, continue_on_error=False, executor='parallel', parallel_workers=14, event_handlers=None, ignore_user_meta=False, metas=['./colcon.meta'], base_paths=['.'], packages_ignore=None, packages_ignore_regex=None, paths=None, packages_up_to=None, packages_up_to_regex=None, packages_above=None, packages_above_and_dependencies=None, packages_above_depth=None, packages_select_by_dep=None, packages_skip_by_dep=None, packages_skip_up_to=None, packages_select_build_failed=False, packages_skip_build_finished=False, packages_select_test_failures=False, packages_skip_test_passed=False, packages_select=None, packages_skip=None, packages_select_regex=None, packages_skip_regex=None, packages_start=None, packages_end=None, cmake_args=None, cmake_target=None, cmake_target_skip_unavailable=False, cmake_clean_cache=False, cmake_clean_first=False, cmake_force_configure=False, ament_cmake_args=None, catkin_cmake_args=None, catkin_skip_building_tests=False, verb_parser=<colcon_defaults.argument_parser.defaults.DefaultArgumentsDecorator object at 0x7dd6f43bc290>, verb_extension=<colcon_core.verb.build.BuildVerb object at 0x7dd6f43bc080>, main=<bound method BuildVerb.main of <colcon_core.verb.build.BuildVerb object at 0x7dd6f43bc080>>)
[0.189s] Level 1:colcon.colcon_core.package_discovery:discover_packages(colcon_meta) check parameters
[0.189s] Level 1:colcon.colcon_core.package_discovery:discover_packages(recursive) check parameters
[0.189s] Level 1:colcon.colcon_core.package_discovery:discover_packages(ignore) check parameters
[0.189s] Level 1:colcon.colcon_core.package_discovery:discover_packages(path) check parameters
[0.189s] Level 1:colcon.colcon_core.package_discovery:discover_packages(colcon_meta) discover
[0.189s] Level 1:colcon.colcon_core.package_discovery:discover_packages(recursive) discover
[0.189s] INFO:colcon.colcon_core.package_discovery:Crawling recursively for packages in '/home/sam/amr-simulation/ros2_ws'
[0.189s] Level 1:colcon.colcon_core.package_identification:_identify(.) by extensions ['ignore', 'ignore_ament_install']
[0.189s] Level 1:colcon.colcon_core.package_identification:_identify(.) by extension 'ignore'
[0.189s] Level 1:colcon.colcon_core.package_identification:_identify(.) by extension 'ignore_ament_install'
[0.189s] Level 1:colcon.colcon_core.package_identification:_identify(.) by extensions ['colcon_pkg']
[0.189s] Level 1:colcon.colcon_core.package_identification:_identify(.) by extension 'colcon_pkg'
[0.189s] Level 1:colcon.colcon_core.package_identification:_identify(.) by extensions ['colcon_meta']
[0.189s] Level 1:colcon.colcon_core.package_identification:_identify(.) by extension 'colcon_meta'
[0.189s] Level 1:colcon.colcon_core.package_identification:_identify(.) by extensions ['ros']
[0.189s] Level 1:colcon.colcon_core.package_identification:_identify(.) by extension 'ros'
[0.215s] Level 1:colcon.colcon_core.package_identification:_identify(.) by extensions ['cmake', 'python']
[0.215s] Level 1:colcon.colcon_core.package_identification:_identify(.) by extension 'cmake'
[0.216s] Level 1:colcon.colcon_core.package_identification:_identify(.) by extension 'python'
[0.216s] Level 1:colcon.colcon_core.package_identification:_identify(.) by extensions ['python_setup_py']
[0.216s] Level 1:colcon.colcon_core.package_identification:_identify(.) by extension 'python_setup_py'
[0.216s] Level 1:colcon.colcon_core.package_identification:_identify(build) by extensions ['ignore', 'ignore_ament_install']
[0.216s] Level 1:colcon.colcon_core.package_identification:_identify(build) by extension 'ignore'
[0.216s] Level 1:colcon.colcon_core.package_identification:_identify(build) ignored
[0.216s] Level 1:colcon.colcon_core.package_identification:_identify(install) by extensions ['ignore', 'ignore_ament_install']
[0.216s] Level 1:colcon.colcon_core.package_identification:_identify(install) by extension 'ignore'
[0.216s] Level 1:colcon.colcon_core.package_identification:_identify(install) ignored
[0.216s] Level 1:colcon.colcon_core.package_identification:_identify(log) by extensions ['ignore', 'ignore_ament_install']
[0.216s] Level 1:colcon.colcon_core.package_identification:_identify(log) by extension 'ignore'
[0.216s] Level 1:colcon.colcon_core.package_identification:_identify(log) ignored
[0.216s] Level 1:colcon.colcon_core.package_identification:_identify(src) by extensions ['ignore', 'ignore_ament_install']
[0.216s] Level 1:colcon.colcon_core.package_identification:_identify(src) by extension 'ignore'
[0.217s] Level 1:colcon.colcon_core.package_identification:_identify(src) by extension 'ignore_ament_install'
[0.217s] Level 1:colcon.colcon_core.package_identification:_identify(src) by extensions ['colcon_pkg']
[0.217s] Level 1:colcon.colcon_core.package_identification:_identify(src) by extension 'colcon_pkg'
[0.217s] Level 1:colcon.colcon_core.package_identification:_identify(src) by extensions ['colcon_meta']
[0.217s] Level 1:colcon.colcon_core.package_identification:_identify(src) by extension 'colcon_meta'
[0.217s] Level 1:colcon.colcon_core.package_identification:_identify(src) by extensions ['ros']
[0.217s] Level 1:colcon.colcon_core.package_identification:_identify(src) by extension 'ros'
[0.217s] Level 1:colcon.colcon_core.package_identification:_identify(src) by extensions ['cmake', 'python']
[0.217s] Level 1:colcon.colcon_core.package_identification:_identify(src) by extension 'cmake'
[0.217s] Level 1:colcon.colcon_core.package_identification:_identify(src) by extension 'python'
[0.217s] Level 1:colcon.colcon_core.package_identification:_identify(src) by extensions ['python_setup_py']
[0.217s] Level 1:colcon.colcon_core.package_identification:_identify(src) by extension 'python_setup_py'
[0.217s] Level 1:colcon.colcon_core.package_identification:_identify(src/amr_control) by extensions ['ignore', 'ignore_ament_install']
[0.217s] Level 1:colcon.colcon_core.package_identification:_identify(src/amr_control) by extension 'ignore'
[0.217s] Level 1:colcon.colcon_core.package_identification:_identify(src/amr_control) by extension 'ignore_ament_install'
[0.217s] Level 1:colcon.colcon_core.package_identification:_identify(src/amr_control) by extensions ['colcon_pkg']
[0.217s] Level 1:colcon.colcon_core.package_identification:_identify(src/amr_control) by extension 'colcon_pkg'
[0.217s] Level 1:colcon.colcon_core.package_identification:_identify(src/amr_control) by extensions ['colcon_meta']
[0.217s] Level 1:colcon.colcon_core.package_identification:_identify(src/amr_control) by extension 'colcon_meta'
[0.217s] Level 1:colcon.colcon_core.package_identification:_identify(src/amr_control) by extensions ['ros']
[0.217s] Level 1:colcon.colcon_core.package_identification:_identify(src/amr_control) by extension 'ros'
[0.220s] DEBUG:colcon.colcon_core.package_identification:Package 'src/amr_control' with type 'ros.ament_cmake' and name 'amr_control'
[0.220s] Level 1:colcon.colcon_core.package_identification:_identify(src/amr_description) by extensions ['ignore', 'ignore_ament_install']
[0.220s] Level 1:colcon.colcon_core.package_identification:_identify(src/amr_description) by extension 'ignore'
[0.220s] Level 1:colcon.colcon_core.package_identification:_identify(src/amr_description) by extension 'ignore_ament_install'
[0.220s] Level 1:colcon.colcon_core.package_identification:_identify(src/amr_description) by extensions ['colcon_pkg']
[0.220s] Level 1:colcon.colcon_core.package_identification:_identify(src/amr_description) by extension 'colcon_pkg'
[0.220s] Level 1:colcon.colcon_core.package_identification:_identify(src/amr_description) by extensions ['colcon_meta']
[0.220s] Level 1:colcon.colcon_core.package_identification:_identify(src/amr_description) by extension 'colcon_meta'
[0.220s] Level 1:colcon.colcon_core.package_identification:_identify(src/amr_description) by extensions ['ros']
[0.220s] Level 1:colcon.colcon_core.package_identification:_identify(src/amr_description) by extension 'ros'
[0.221s] DEBUG:colcon.colcon_core.package_identification:Package 'src/amr_description' with type 'ros.ament_cmake' and name 'amr_description'
[0.221s] Level 1:colcon.colcon_core.package_discovery:discover_packages(recursive) using defaults
[0.221s] Level 1:colcon.colcon_core.package_discovery:discover_packages(ignore) discover
[0.221s] Level 1:colcon.colcon_core.package_discovery:discover_packages(ignore) using defaults
[0.221s] Level 1:colcon.colcon_core.package_discovery:discover_packages(path) discover
[0.221s] Level 1:colcon.colcon_core.package_discovery:discover_packages(path) using defaults
[0.240s] Level 5:colcon.colcon_core.verb:set package 'amr_control' build argument 'cmake_args' from command line to 'None'
[0.240s] Level 5:colcon.colcon_core.verb:set package 'amr_control' build argument 'cmake_target' from command line to 'None'
[0.240s] Level 5:colcon.colcon_core.verb:set package 'amr_control' build argument 'cmake_target_skip_unavailable' from command line to 'False'
[0.240s] Level 5:colcon.colcon_core.verb:set package 'amr_control' build argument 'cmake_clean_cache' from command line to 'False'
[0.240s] Level 5:colcon.colcon_core.verb:set package 'amr_control' build argument 'cmake_clean_first' from command line to 'False'
[0.240s] Level 5:colcon.colcon_core.verb:set package 'amr_control' build argument 'cmake_force_configure' from command line to 'False'
[0.240s] Level 5:colcon.colcon_core.verb:set package 'amr_control' build argument 'ament_cmake_args' from command line to 'None'
[0.240s] Level 5:colcon.colcon_core.verb:set package 'amr_control' build argument 'catkin_cmake_args' from command line to 'None'
[0.240s] Level 5:colcon.colcon_core.verb:set package 'amr_control' build argument 'catkin_skip_building_tests' from command line to 'False'
[0.240s] DEBUG:colcon.colcon_core.verb:Building package 'amr_control' with the following arguments: {'ament_cmake_args': None, 'build_base': '/home/sam/amr-simulation/ros2_ws/build/amr_control', 'catkin_cmake_args': None, 'catkin_skip_building_tests': False, 'cmake_args': None, 'cmake_clean_cache': False, 'cmake_clean_first': False, 'cmake_force_configure': False, 'cmake_target': None, 'cmake_target_skip_unavailable': False, 'install_base': '/home/sam/amr-simulation/ros2_ws/install/amr_control', 'merge_install': False, 'path': '/home/sam/amr-simulation/ros2_ws/src/amr_control', 'symlink_install': False, 'test_result_base': None}
[0.241s] Level 5:colcon.colcon_core.verb:set package 'amr_description' build argument 'cmake_args' from command line to 'None'
[0.241s] Level 5:colcon.colcon_core.verb:set package 'amr_description' build argument 'cmake_target' from command line to 'None'
[0.241s] Level 5:colcon.colcon_core.verb:set package 'amr_description' build argument 'cmake_target_skip_unavailable' from command line to 'False'
[0.241s] Level 5:colcon.colcon_core.verb:set package 'amr_description' build argument 'cmake_clean_cache' from command line to 'False'
[0.241s] Level 5:colcon.colcon_core.verb:set package 'amr_description' build argument 'cmake_clean_first' from command line to 'False'
[0.241s] Level 5:colcon.colcon_core.verb:set package 'amr_description' build argument 'cmake_force_configure' from command line to 'False'
[0.241s] Level 5:colcon.colcon_core.verb:set package 'amr_description' build argument 'ament_cmake_args' from command line to 'None'
[0.241s] Level 5:colcon.colcon_core.verb:set package 'amr_description' build argument 'catkin_cmake_args' from command line to 'None'
[0.241s] Level 5:colcon.colcon_core.verb:set package 'amr_description' build argument 'catkin_skip_building_tests' from command line to 'False'
[0.241s] DEBUG:colcon.colcon_core.verb:Building package 'amr_description' with the following arguments: {'ament_cmake_args': None, 'build_base': '/home/sam/amr-simulation/ros2_ws/build/amr_description', 'catkin_cmake_args': None, 'catkin_skip_building_tests': False, 'cmake_args': None, 'cmake_clean_cache': False, 'cmake_clean_first': False, 'cmake_force_configure': False, 'cmake_target': None, 'cmake_target_skip_unavailable': False, 'install_base': '/home/sam/amr-simulation/ros2_ws/install/amr_description', 'merge_install': False, 'path': '/home/sam/amr-simulation/ros2_ws/src/amr_description', 'symlink_install': False, 'test_result_base': None}
[0.241s] INFO:colcon.colcon_core.executor:Executing jobs using 'parallel' executor
[0.242s] DEBUG:colcon.colcon_parallel_executor.executor.parallel:run_until_complete
[0.242s] INFO:colcon.colcon_ros.task.ament_cmake.build:Building ROS package in '/home/sam/amr-simulation/ros2_ws/src/amr_control' with build type 'ament_cmake'
[0.243s] INFO:colcon.colcon_cmake.task.cmake.build:Building CMake package in '/home/sam/amr-simulation/ros2_ws/src/amr_control'
[0.247s] INFO:colcon.colcon_core.plugin_system:Skipping extension 'colcon_core.shell.bat': Not used on non-Windows systems
[0.247s] DEBUG:colcon.colcon_core.shell:Skip shell extension 'dsv' for command environment
[0.254s] INFO:colcon.colcon_ros.task.ament_cmake.build:Building ROS package in '/home/sam/amr-simulation/ros2_ws/src/amr_description' with build type 'ament_cmake'
[0.254s] INFO:colcon.colcon_cmake.task.cmake.build:Building CMake package in '/home/sam/amr-simulation/ros2_ws/src/amr_description'
[0.254s] DEBUG:colcon.colcon_core.shell:Skip shell extension 'dsv' for command environment
[0.263s] DEBUG:colcon.colcon_core.event_handler.log_command:Invoking command in '/home/sam/amr-simulation/ros2_ws/build/amr_control': CMAKE_PREFIX_PATH=${CMAKE_PREFIX_PATH}:/opt/ros/jazzy DEBUGINFOD_URLS=https://debuginfod.ubuntu.com /usr/bin/cmake /home/sam/amr-simulation/ros2_ws/src/amr_control -DCMAKE_INSTALL_PREFIX=/home/sam/amr-simulation/ros2_ws/install/amr_control
[0.270s] DEBUG:colcon.colcon_core.event_handler.log_command:Invoking command in '/home/sam/amr-simulation/ros2_ws/build/amr_description': CMAKE_PREFIX_PATH=${CMAKE_PREFIX_PATH}:/opt/ros/jazzy DEBUGINFOD_URLS=https://debuginfod.ubuntu.com /usr/bin/cmake /home/sam/amr-simulation/ros2_ws/src/amr_description -DCMAKE_INSTALL_PREFIX=/home/sam/amr-simulation/ros2_ws/install/amr_description
[0.915s] DEBUG:colcon.colcon_core.event_handler.log_command:Invoked command in '/home/sam/amr-simulation/ros2_ws/build/amr_control' returned '0': CMAKE_PREFIX_PATH=${CMAKE_PREFIX_PATH}:/opt/ros/jazzy DEBUGINFOD_URLS=https://debuginfod.ubuntu.com /usr/bin/cmake /home/sam/amr-simulation/ros2_ws/src/amr_control -DCMAKE_INSTALL_PREFIX=/home/sam/amr-simulation/ros2_ws/install/amr_control
[0.918s] DEBUG:colcon.colcon_core.event_handler.log_command:Invoking command in '/home/sam/amr-simulation/ros2_ws/build/amr_control': CMAKE_PREFIX_PATH=${CMAKE_PREFIX_PATH}:/opt/ros/jazzy DEBUGINFOD_URLS=https://debuginfod.ubuntu.com /usr/bin/cmake --build /home/sam/amr-simulation/ros2_ws/build/amr_control -- -j14 -l14
[0.920s] DEBUG:colcon.colcon_core.event_handler.log_command:Invoked command in '/home/sam/amr-simulation/ros2_ws/build/amr_description' returned '0': CMAKE_PREFIX_PATH=${CMAKE_PREFIX_PATH}:/opt/ros/jazzy DEBUGINFOD_URLS=https://debuginfod.ubuntu.com /usr/bin/cmake /home/sam/amr-simulation/ros2_ws/src/amr_description -DCMAKE_INSTALL_PREFIX=/home/sam/amr-simulation/ros2_ws/install/amr_description
[0.922s] DEBUG:colcon.colcon_core.event_handler.log_command:Invoking command in '/home/sam/amr-simulation/ros2_ws/build/amr_description': CMAKE_PREFIX_PATH=${CMAKE_PREFIX_PATH}:/opt/ros/jazzy DEBUGINFOD_URLS=https://debuginfod.ubuntu.com /usr/bin/cmake --build /home/sam/amr-simulation/ros2_ws/build/amr_description -- -j14 -l14
[1.000s] DEBUG:colcon.colcon_core.event_handler.log_command:Invoked command in '/home/sam/amr-simulation/ros2_ws/build/amr_description' returned '0': CMAKE_PREFIX_PATH=${CMAKE_PREFIX_PATH}:/opt/ros/jazzy DEBUGINFOD_URLS=https://debuginfod.ubuntu.com /usr/bin/cmake --build /home/sam/amr-simulation/ros2_ws/build/amr_description -- -j14 -l14
[1.016s] DEBUG:colcon.colcon_core.event_handler.log_command:Invoking command in '/home/sam/amr-simulation/ros2_ws/build/amr_description': CMAKE_PREFIX_PATH=${CMAKE_PREFIX_PATH}:/opt/ros/jazzy DEBUGINFOD_URLS=https://debuginfod.ubuntu.com /usr/bin/cmake --install /home/sam/amr-simulation/ros2_ws/build/amr_description
[1.018s] DEBUG:colcon.colcon_core.event_handler.log_command:Invoked command in '/home/sam/amr-simulation/ros2_ws/build/amr_control' returned '0': CMAKE_PREFIX_PATH=${CMAKE_PREFIX_PATH}:/opt/ros/jazzy DEBUGINFOD_URLS=https://debuginfod.ubuntu.com /usr/bin/cmake --build /home/sam/amr-simulation/ros2_ws/build/amr_control -- -j14 -l14
[1.020s] DEBUG:colcon.colcon_core.event_handler.log_command:Invoking command in '/home/sam/amr-simulation/ros2_ws/build/amr_control': CMAKE_PREFIX_PATH=${CMAKE_PREFIX_PATH}:/opt/ros/jazzy DEBUGINFOD_URLS=https://debuginfod.ubuntu.com /usr/bin/cmake --install /home/sam/amr-simulation/ros2_ws/build/amr_control
[1.060s] Level 1:colcon.colcon_core.environment:create_environment_scripts_only(amr_control)
[1.063s] DEBUG:colcon.colcon_core.event_handler.log_command:Invoked command in '/home/sam/amr-simulation/ros2_ws/build/amr_control' returned '0': CMAKE_PREFIX_PATH=${CMAKE_PREFIX_PATH}:/opt/ros/jazzy DEBUGINFOD_URLS=https://debuginfod.ubuntu.com /usr/bin/cmake --install /home/sam/amr-simulation/ros2_ws/build/amr_control
[1.070s] Level 1:colcon.colcon_core.environment:checking '/home/sam/amr-simulation/ros2_ws/install/amr_control' for CMake module files
[1.071s] Level 1:colcon.colcon_core.environment:checking '/home/sam/amr-simulation/ros2_ws/install/amr_control' for CMake config files
[1.071s] Level 1:colcon.colcon_core.shell:create_environment_hook('amr_control', 'cmake_prefix_path')
[1.071s] INFO:colcon.colcon_core.shell:Creating environment descriptor '/home/sam/amr-simulation/ros2_ws/install/amr_control/share/amr_control/hook/cmake_prefix_path.dsv'
[1.073s] INFO:colcon.colcon_core.shell:Creating environment hook '/home/sam/amr-simulation/ros2_ws/install/amr_control/share/amr_control/hook/cmake_prefix_path.sh'
[1.074s] Level 1:colcon.colcon_core.environment:checking '/home/sam/amr-simulation/ros2_ws/install/amr_control/bin'
[1.074s] Level 1:colcon.colcon_core.environment:checking '/home/sam/amr-simulation/ros2_ws/install/amr_control/lib/pkgconfig/amr_control.pc'
[1.079s] Level 1:colcon.colcon_core.environment:checking '/home/sam/amr-simulation/ros2_ws/install/amr_control/lib/python3.12/site-packages'
[1.079s] Level 1:colcon.colcon_core.environment:checking '/home/sam/amr-simulation/ros2_ws/install/amr_control/bin'
[1.079s] INFO:colcon.colcon_core.shell:Creating package descriptor '/home/sam/amr-simulation/ros2_ws/install/amr_control/share/amr_control/package.dsv'
[1.081s] INFO:colcon.colcon_core.shell:Creating package script '/home/sam/amr-simulation/ros2_ws/install/amr_control/share/amr_control/package.sh'
[1.082s] INFO:colcon.colcon_core.shell:Creating package script '/home/sam/amr-simulation/ros2_ws/install/amr_control/share/amr_control/package.bash'
[1.083s] INFO:colcon.colcon_core.shell:Creating package script '/home/sam/amr-simulation/ros2_ws/install/amr_control/share/amr_control/package.zsh'
[1.084s] Level 1:colcon.colcon_core.environment:create_file_with_runtime_dependencies(/home/sam/amr-simulation/ros2_ws/install/amr_control/share/colcon-core/packages/amr_control)
[1.085s] Level 1:colcon.colcon_core.environment:create_environment_scripts_only(amr_control)
[1.085s] Level 1:colcon.colcon_core.environment:checking '/home/sam/amr-simulation/ros2_ws/install/amr_control' for CMake module files
[1.086s] Level 1:colcon.colcon_core.environment:checking '/home/sam/amr-simulation/ros2_ws/install/amr_control' for CMake config files
[1.086s] Level 1:colcon.colcon_core.shell:create_environment_hook('amr_control', 'cmake_prefix_path')
[1.086s] INFO:colcon.colcon_core.shell:Creating environment descriptor '/home/sam/amr-simulation/ros2_ws/install/amr_control/share/amr_control/hook/cmake_prefix_path.dsv'
[1.087s] INFO:colcon.colcon_core.shell:Creating environment hook '/home/sam/amr-simulation/ros2_ws/install/amr_control/share/amr_control/hook/cmake_prefix_path.sh'
[1.087s] Level 1:colcon.colcon_core.environment:checking '/home/sam/amr-simulation/ros2_ws/install/amr_control/bin'
[1.087s] Level 1:colcon.colcon_core.environment:checking '/home/sam/amr-simulation/ros2_ws/install/amr_control/lib/pkgconfig/amr_control.pc'
[1.088s] Level 1:colcon.colcon_core.environment:checking '/home/sam/amr-simulation/ros2_ws/install/amr_control/lib/python3.12/site-packages'
[1.088s] Level 1:colcon.colcon_core.environment:checking '/home/sam/amr-simulation/ros2_ws/install/amr_control/bin'
[1.088s] INFO:colcon.colcon_core.shell:Creating package descriptor '/home/sam/amr-simulation/ros2_ws/install/amr_control/share/amr_control/package.dsv'
[1.089s] INFO:colcon.colcon_core.shell:Creating package script '/home/sam/amr-simulation/ros2_ws/install/amr_control/share/amr_control/package.sh'
[1.089s] INFO:colcon.colcon_core.shell:Creating package script '/home/sam/amr-simulation/ros2_ws/install/amr_control/share/amr_control/package.bash'
[1.090s] INFO:colcon.colcon_core.shell:Creating package script '/home/sam/amr-simulation/ros2_ws/install/amr_control/share/amr_control/package.zsh'
[1.090s] Level 1:colcon.colcon_core.environment:create_file_with_runtime_dependencies(/home/sam/amr-simulation/ros2_ws/install/amr_control/share/colcon-core/packages/amr_control)
[1.092s] Level 1:colcon.colcon_core.environment:create_environment_scripts_only(amr_description)
[1.093s] Level 1:colcon.colcon_core.environment:checking '/home/sam/amr-simulation/ros2_ws/install/amr_description' for CMake module files
[1.093s] DEBUG:colcon.colcon_core.event_handler.log_command:Invoked command in '/home/sam/amr-simulation/ros2_ws/build/amr_description' returned '0': CMAKE_PREFIX_PATH=${CMAKE_PREFIX_PATH}:/opt/ros/jazzy DEBUGINFOD_URLS=https://debuginfod.ubuntu.com /usr/bin/cmake --install /home/sam/amr-simulation/ros2_ws/build/amr_description
[1.094s] Level 1:colcon.colcon_core.environment:checking '/home/sam/amr-simulation/ros2_ws/install/amr_description' for CMake config files
[1.095s] Level 1:colcon.colcon_core.shell:create_environment_hook('amr_description', 'cmake_prefix_path')
[1.095s] INFO:colcon.colcon_core.shell:Creating environment descriptor '/home/sam/amr-simulation/ros2_ws/install/amr_description/share/amr_description/hook/cmake_prefix_path.dsv'
[1.095s] INFO:colcon.colcon_core.shell:Creating environment hook '/home/sam/amr-simulation/ros2_ws/install/amr_description/share/amr_description/hook/cmake_prefix_path.sh'
[1.096s] Level 1:colcon.colcon_core.environment:checking '/home/sam/amr-simulation/ros2_ws/install/amr_description/bin'
[1.096s] Level 1:colcon.colcon_core.environment:checking '/home/sam/amr-simulation/ros2_ws/install/amr_description/lib/pkgconfig/amr_description.pc'
[1.097s] Level 1:colcon.colcon_core.environment:checking '/home/sam/amr-simulation/ros2_ws/install/amr_description/lib/python3.12/site-packages'
[1.097s] Level 1:colcon.colcon_core.environment:checking '/home/sam/amr-simulation/ros2_ws/install/amr_description/bin'
[1.097s] INFO:colcon.colcon_core.shell:Creating package descriptor '/home/sam/amr-simulation/ros2_ws/install/amr_description/share/amr_description/package.dsv'
[1.098s] INFO:colcon.colcon_core.shell:Creating package script '/home/sam/amr-simulation/ros2_ws/install/amr_description/share/amr_description/package.sh'
[1.098s] INFO:colcon.colcon_core.shell:Creating package script '/home/sam/amr-simulation/ros2_ws/install/amr_description/share/amr_description/package.bash'
[1.099s] INFO:colcon.colcon_core.shell:Creating package script '/home/sam/amr-simulation/ros2_ws/install/amr_description/share/amr_description/package.zsh'
[1.099s] Level 1:colcon.colcon_core.environment:create_file_with_runtime_dependencies(/home/sam/amr-simulation/ros2_ws/install/amr_description/share/colcon-core/packages/amr_description)
[1.099s] Level 1:colcon.colcon_core.environment:create_environment_scripts_only(amr_description)
[1.099s] Level 1:colcon.colcon_core.environment:checking '/home/sam/amr-simulation/ros2_ws/install/amr_description' for CMake module files
[1.100s] Level 1:colcon.colcon_core.environment:checking '/home/sam/amr-simulation/ros2_ws/install/amr_description' for CMake config files
[1.100s] Level 1:colcon.colcon_core.shell:create_environment_hook('amr_description', 'cmake_prefix_path')
[1.100s] INFO:colcon.colcon_core.shell:Creating environment descriptor '/home/sam/amr-simulation/ros2_ws/install/amr_description/share/amr_description/hook/cmake_prefix_path.dsv'
[1.101s] INFO:colcon.colcon_core.shell:Creating environment hook '/home/sam/amr-simulation/ros2_ws/install/amr_description/share/amr_description/hook/cmake_prefix_path.sh'
[1.101s] Level 1:colcon.colcon_core.environment:checking '/home/sam/amr-simulation/ros2_ws/install/amr_description/bin'
[1.101s] Level 1:colcon.colcon_core.environment:checking '/home/sam/amr-simulation/ros2_ws/install/amr_description/lib/pkgconfig/amr_description.pc'
[1.102s] Level 1:colcon.colcon_core.environment:checking '/home/sam/amr-simulation/ros2_ws/install/amr_description/lib/python3.12/site-packages'
[1.102s] Level 1:colcon.colcon_core.environment:checking '/home/sam/amr-simulation/ros2_ws/install/amr_description/bin'
[1.102s] INFO:colcon.colcon_core.shell:Creating package descriptor '/home/sam/amr-simulation/ros2_ws/install/amr_description/share/amr_description/package.dsv'
[1.103s] INFO:colcon.colcon_core.shell:Creating package script '/home/sam/amr-simulation/ros2_ws/install/amr_description/share/amr_description/package.sh'
[1.103s] INFO:colcon.colcon_core.shell:Creating package script '/home/sam/amr-simulation/ros2_ws/install/amr_description/share/amr_description/package.bash'
[1.103s] INFO:colcon.colcon_core.shell:Creating package script '/home/sam/amr-simulation/ros2_ws/install/amr_description/share/amr_description/package.zsh'
[1.104s] Level 1:colcon.colcon_core.environment:create_file_with_runtime_dependencies(/home/sam/amr-simulation/ros2_ws/install/amr_description/share/colcon-core/packages/amr_description)
[1.104s] DEBUG:colcon.colcon_parallel_executor.executor.parallel:closing loop
[1.104s] DEBUG:colcon.colcon_parallel_executor.executor.parallel:loop closed
[1.104s] DEBUG:colcon.colcon_parallel_executor.executor.parallel:run_until_complete finished with '0'
[1.104s] DEBUG:colcon.colcon_core.event_reactor:joining thread
[1.120s] INFO:colcon.colcon_core.plugin_system:Skipping extension 'colcon_notification.desktop_notification.terminal_notifier': Not used on non-Darwin systems
[1.120s] INFO:colcon.colcon_core.plugin_system:Skipping extension 'colcon_notification.desktop_notification.win32': Not used on non-Windows systems
[1.120s] INFO:colcon.colcon_notification.desktop_notification:Sending desktop notification using 'notify2'
[1.151s] DEBUG:colcon.colcon_core.event_reactor:joined thread
[1.152s] INFO:colcon.colcon_core.shell:Creating prefix script '/home/sam/amr-simulation/ros2_ws/install/local_setup.sh'
[1.153s] INFO:colcon.colcon_core.shell:Creating prefix util module '/home/sam/amr-simulation/ros2_ws/install/_local_setup_util_sh.py'
[1.156s] INFO:colcon.colcon_core.shell:Creating prefix chain script '/home/sam/amr-simulation/ros2_ws/install/setup.sh'
[1.158s] INFO:colcon.colcon_core.shell:Creating prefix script '/home/sam/amr-simulation/ros2_ws/install/local_setup.bash'
[1.159s] INFO:colcon.colcon_core.shell:Creating prefix chain script '/home/sam/amr-simulation/ros2_ws/install/setup.bash'
[1.160s] INFO:colcon.colcon_core.shell:Creating prefix script '/home/sam/amr-simulation/ros2_ws/install/local_setup.zsh'
[1.162s] INFO:colcon.colcon_core.shell:Creating prefix chain script '/home/sam/amr-simulation/ros2_ws/install/setup.zsh'
