[0.033s] Invoking command in '/home/sam/amr-simulation/ros2_ws/build/amr_slam': CMAKE_PREFIX_PATH=${CMAKE_PREFIX_PATH}:/opt/ros/jazzy DEBUGINFOD_URLS=https://debuginfod.ubuntu.com /usr/bin/cmake --build /home/sam/amr-simulation/ros2_ws/build/amr_slam -- -j14 -l14
[0.115s] Invoked command in '/home/sam/amr-simulation/ros2_ws/build/amr_slam' returned '0': CMAKE_PREFIX_PATH=${CMAKE_PREFIX_PATH}:/opt/ros/jazzy DEBUGINFOD_URLS=https://debuginfod.ubuntu.com /usr/bin/cmake --build /home/sam/amr-simulation/ros2_ws/build/amr_slam -- -j14 -l14
[0.117s] Invoking command in '/home/sam/amr-simulation/ros2_ws/build/amr_slam': CMAKE_PREFIX_PATH=${CMAKE_PREFIX_PATH}:/opt/ros/jazzy DEBUGINFOD_URLS=https://debuginfod.ubuntu.com /usr/bin/cmake --install /home/sam/amr-simulation/ros2_ws/build/amr_slam
[0.132s] -- Install configuration: ""
[0.132s] -- Execute custom install script
[0.132s] -- Up-to-date symlink: /home/sam/amr-simulation/ros2_ws/install/amr_slam/share/amr_slam/config/mapper_params_online_async.yaml
[0.133s] -- Up-to-date symlink: /home/sam/amr-simulation/ros2_ws/install/amr_slam/share/amr_slam/config/slam.lua
[0.133s] -- Up-to-date symlink: /home/sam/amr-simulation/ros2_ws/install/amr_slam/share/amr_slam/launch/cartographer.launch.py
[0.133s] -- Up-to-date symlink: /home/sam/amr-simulation/ros2_ws/install/amr_slam/share/amr_slam/launch/online_async_launch.py
[0.133s] -- Up-to-date symlink: /home/sam/amr-simulation/ros2_ws/install/amr_slam/share/ament_index/resource_index/package_run_dependencies/amr_slam
[0.134s] -- Up-to-date symlink: /home/sam/amr-simulation/ros2_ws/install/amr_slam/share/ament_index/resource_index/parent_prefix_path/amr_slam
[0.134s] -- Up-to-date symlink: /home/sam/amr-simulation/ros2_ws/install/amr_slam/share/amr_slam/environment/ament_prefix_path.sh
[0.134s] -- Up-to-date symlink: /home/sam/amr-simulation/ros2_ws/install/amr_slam/share/amr_slam/environment/ament_prefix_path.dsv
[0.134s] -- Up-to-date symlink: /home/sam/amr-simulation/ros2_ws/install/amr_slam/share/amr_slam/environment/path.sh
[0.134s] -- Up-to-date symlink: /home/sam/amr-simulation/ros2_ws/install/amr_slam/share/amr_slam/environment/path.dsv
[0.135s] -- Up-to-date symlink: /home/sam/amr-simulation/ros2_ws/install/amr_slam/share/amr_slam/local_setup.bash
[0.135s] -- Up-to-date symlink: /home/sam/amr-simulation/ros2_ws/install/amr_slam/share/amr_slam/local_setup.sh
[0.135s] -- Up-to-date symlink: /home/sam/amr-simulation/ros2_ws/install/amr_slam/share/amr_slam/local_setup.zsh
[0.135s] -- Up-to-date symlink: /home/sam/amr-simulation/ros2_ws/install/amr_slam/share/amr_slam/local_setup.dsv
[0.136s] -- Symlinking: /home/sam/amr-simulation/ros2_ws/install/amr_slam/share/amr_slam/package.dsv
[0.151s] -- Up-to-date symlink: /home/sam/amr-simulation/ros2_ws/install/amr_slam/share/ament_index/resource_index/packages/amr_slam
[0.151s] -- Up-to-date symlink: /home/sam/amr-simulation/ros2_ws/install/amr_slam/share/amr_slam/cmake/amr_slamConfig.cmake
[0.151s] -- Up-to-date symlink: /home/sam/amr-simulation/ros2_ws/install/amr_slam/share/amr_slam/cmake/amr_slamConfig-version.cmake
[0.152s] -- Up-to-date symlink: /home/sam/amr-simulation/ros2_ws/install/amr_slam/share/amr_slam/package.xml
[0.178s] Invoked command in '/home/sam/amr-simulation/ros2_ws/build/amr_slam' returned '0': CMAKE_PREFIX_PATH=${CMAKE_PREFIX_PATH}:/opt/ros/jazzy DEBUGINFOD_URLS=https://debuginfod.ubuntu.com /usr/bin/cmake --install /home/sam/amr-simulation/ros2_ws/build/amr_slam
