[0.149s] DEBUG:colcon:Command line arguments: ['/usr/bin/colcon', 'build', '--symlink-install']
[0.150s] DEBUG:colcon:Parsed command line arguments: Namespace(log_base=None, log_level=None, verb_name='build', build_base='build', install_base='install', merge_install=False, symlink_install=True, test_result_base=None, continue_on_error=False, executor='parallel', parallel_workers=14, event_handlers=None, ignore_user_meta=False, metas=['./colcon.meta'], base_paths=['.'], packages_ignore=None, packages_ignore_regex=None, paths=None, packages_up_to=None, packages_up_to_regex=None, packages_above=None, packages_above_and_dependencies=None, packages_above_depth=None, packages_select_by_dep=None, packages_skip_by_dep=None, packages_skip_up_to=None, packages_select_build_failed=False, packages_skip_build_finished=False, packages_select_test_failures=False, packages_skip_test_passed=False, packages_select=None, packages_skip=None, packages_select_regex=None, packages_skip_regex=None, packages_start=None, packages_end=None, cmake_args=None, cmake_target=None, cmake_target_skip_unavailable=False, cmake_clean_cache=False, cmake_clean_first=False, cmake_force_configure=False, ament_cmake_args=None, catkin_cmake_args=None, catkin_skip_building_tests=False, verb_parser=<colcon_defaults.argument_parser.defaults.DefaultArgumentsDecorator object at 0x788fdbe2c2f0>, verb_extension=<colcon_core.verb.build.BuildVerb object at 0x788fdbf48650>, main=<bound method BuildVerb.main of <colcon_core.verb.build.BuildVerb object at 0x788fdbf48650>>)
[0.196s] Level 1:colcon.colcon_core.package_discovery:discover_packages(colcon_meta) check parameters
[0.196s] Level 1:colcon.colcon_core.package_discovery:discover_packages(recursive) check parameters
[0.196s] Level 1:colcon.colcon_core.package_discovery:discover_packages(ignore) check parameters
[0.196s] Level 1:colcon.colcon_core.package_discovery:discover_packages(path) check parameters
[0.196s] Level 1:colcon.colcon_core.package_discovery:discover_packages(colcon_meta) discover
[0.197s] Level 1:colcon.colcon_core.package_discovery:discover_packages(recursive) discover
[0.197s] INFO:colcon.colcon_core.package_discovery:Crawling recursively for packages in '/home/sam/amr-simulation/ros2_ws'
[0.197s] Level 1:colcon.colcon_core.package_identification:_identify(.) by extensions ['ignore', 'ignore_ament_install']
[0.197s] Level 1:colcon.colcon_core.package_identification:_identify(.) by extension 'ignore'
[0.197s] Level 1:colcon.colcon_core.package_identification:_identify(.) by extension 'ignore_ament_install'
[0.197s] Level 1:colcon.colcon_core.package_identification:_identify(.) by extensions ['colcon_pkg']
[0.197s] Level 1:colcon.colcon_core.package_identification:_identify(.) by extension 'colcon_pkg'
[0.197s] Level 1:colcon.colcon_core.package_identification:_identify(.) by extensions ['colcon_meta']
[0.197s] Level 1:colcon.colcon_core.package_identification:_identify(.) by extension 'colcon_meta'
[0.197s] Level 1:colcon.colcon_core.package_identification:_identify(.) by extensions ['ros']
[0.197s] Level 1:colcon.colcon_core.package_identification:_identify(.) by extension 'ros'
[0.223s] Level 1:colcon.colcon_core.package_identification:_identify(.) by extensions ['cmake', 'python']
[0.223s] Level 1:colcon.colcon_core.package_identification:_identify(.) by extension 'cmake'
[0.223s] Level 1:colcon.colcon_core.package_identification:_identify(.) by extension 'python'
[0.223s] Level 1:colcon.colcon_core.package_identification:_identify(.) by extensions ['python_setup_py']
[0.223s] Level 1:colcon.colcon_core.package_identification:_identify(.) by extension 'python_setup_py'
[0.223s] Level 1:colcon.colcon_core.package_identification:_identify(build) by extensions ['ignore', 'ignore_ament_install']
[0.224s] Level 1:colcon.colcon_core.package_identification:_identify(build) by extension 'ignore'
[0.224s] Level 1:colcon.colcon_core.package_identification:_identify(build) ignored
[0.224s] Level 1:colcon.colcon_core.package_identification:_identify(install) by extensions ['ignore', 'ignore_ament_install']
[0.224s] Level 1:colcon.colcon_core.package_identification:_identify(install) by extension 'ignore'
[0.224s] Level 1:colcon.colcon_core.package_identification:_identify(install) ignored
[0.224s] Level 1:colcon.colcon_core.package_identification:_identify(log) by extensions ['ignore', 'ignore_ament_install']
[0.224s] Level 1:colcon.colcon_core.package_identification:_identify(log) by extension 'ignore'
[0.224s] Level 1:colcon.colcon_core.package_identification:_identify(log) ignored
[0.224s] Level 1:colcon.colcon_core.package_identification:_identify(src) by extensions ['ignore', 'ignore_ament_install']
[0.224s] Level 1:colcon.colcon_core.package_identification:_identify(src) by extension 'ignore'
[0.224s] Level 1:colcon.colcon_core.package_identification:_identify(src) by extension 'ignore_ament_install'
[0.224s] Level 1:colcon.colcon_core.package_identification:_identify(src) by extensions ['colcon_pkg']
[0.224s] Level 1:colcon.colcon_core.package_identification:_identify(src) by extension 'colcon_pkg'
[0.224s] Level 1:colcon.colcon_core.package_identification:_identify(src) by extensions ['colcon_meta']
[0.224s] Level 1:colcon.colcon_core.package_identification:_identify(src) by extension 'colcon_meta'
[0.225s] Level 1:colcon.colcon_core.package_identification:_identify(src) by extensions ['ros']
[0.225s] Level 1:colcon.colcon_core.package_identification:_identify(src) by extension 'ros'
[0.225s] Level 1:colcon.colcon_core.package_identification:_identify(src) by extensions ['cmake', 'python']
[0.225s] Level 1:colcon.colcon_core.package_identification:_identify(src) by extension 'cmake'
[0.225s] Level 1:colcon.colcon_core.package_identification:_identify(src) by extension 'python'
[0.225s] Level 1:colcon.colcon_core.package_identification:_identify(src) by extensions ['python_setup_py']
[0.225s] Level 1:colcon.colcon_core.package_identification:_identify(src) by extension 'python_setup_py'
[0.225s] Level 1:colcon.colcon_core.package_identification:_identify(src/amr_control) by extensions ['ignore', 'ignore_ament_install']
[0.225s] Level 1:colcon.colcon_core.package_identification:_identify(src/amr_control) by extension 'ignore'
[0.225s] Level 1:colcon.colcon_core.package_identification:_identify(src/amr_control) by extension 'ignore_ament_install'
[0.225s] Level 1:colcon.colcon_core.package_identification:_identify(src/amr_control) by extensions ['colcon_pkg']
[0.225s] Level 1:colcon.colcon_core.package_identification:_identify(src/amr_control) by extension 'colcon_pkg'
[0.225s] Level 1:colcon.colcon_core.package_identification:_identify(src/amr_control) by extensions ['colcon_meta']
[0.225s] Level 1:colcon.colcon_core.package_identification:_identify(src/amr_control) by extension 'colcon_meta'
[0.225s] Level 1:colcon.colcon_core.package_identification:_identify(src/amr_control) by extensions ['ros']
[0.225s] Level 1:colcon.colcon_core.package_identification:_identify(src/amr_control) by extension 'ros'
[0.228s] DEBUG:colcon.colcon_core.package_identification:Package 'src/amr_control' with type 'ros.ament_cmake' and name 'amr_control'
[0.228s] Level 1:colcon.colcon_core.package_identification:_identify(src/amr_description) by extensions ['ignore', 'ignore_ament_install']
[0.228s] Level 1:colcon.colcon_core.package_identification:_identify(src/amr_description) by extension 'ignore'
[0.228s] Level 1:colcon.colcon_core.package_identification:_identify(src/amr_description) by extension 'ignore_ament_install'
[0.229s] Level 1:colcon.colcon_core.package_identification:_identify(src/amr_description) by extensions ['colcon_pkg']
[0.229s] Level 1:colcon.colcon_core.package_identification:_identify(src/amr_description) by extension 'colcon_pkg'
[0.229s] Level 1:colcon.colcon_core.package_identification:_identify(src/amr_description) by extensions ['colcon_meta']
[0.229s] Level 1:colcon.colcon_core.package_identification:_identify(src/amr_description) by extension 'colcon_meta'
[0.229s] Level 1:colcon.colcon_core.package_identification:_identify(src/amr_description) by extensions ['ros']
[0.229s] Level 1:colcon.colcon_core.package_identification:_identify(src/amr_description) by extension 'ros'
[0.229s] DEBUG:colcon.colcon_core.package_identification:Package 'src/amr_description' with type 'ros.ament_cmake' and name 'amr_description'
[0.229s] Level 1:colcon.colcon_core.package_identification:_identify(src/amr_nav) by extensions ['ignore', 'ignore_ament_install']
[0.229s] Level 1:colcon.colcon_core.package_identification:_identify(src/amr_nav) by extension 'ignore'
[0.229s] Level 1:colcon.colcon_core.package_identification:_identify(src/amr_nav) by extension 'ignore_ament_install'
[0.229s] Level 1:colcon.colcon_core.package_identification:_identify(src/amr_nav) by extensions ['colcon_pkg']
[0.229s] Level 1:colcon.colcon_core.package_identification:_identify(src/amr_nav) by extension 'colcon_pkg'
[0.230s] Level 1:colcon.colcon_core.package_identification:_identify(src/amr_nav) by extensions ['colcon_meta']
[0.230s] Level 1:colcon.colcon_core.package_identification:_identify(src/amr_nav) by extension 'colcon_meta'
[0.230s] Level 1:colcon.colcon_core.package_identification:_identify(src/amr_nav) by extensions ['ros']
[0.230s] Level 1:colcon.colcon_core.package_identification:_identify(src/amr_nav) by extension 'ros'
[0.230s] DEBUG:colcon.colcon_core.package_identification:Package 'src/amr_nav' with type 'ros.ament_cmake' and name 'amr_nav'
[0.230s] Level 1:colcon.colcon_core.package_identification:_identify(src/amr_slam) by extensions ['ignore', 'ignore_ament_install']
[0.230s] Level 1:colcon.colcon_core.package_identification:_identify(src/amr_slam) by extension 'ignore'
[0.230s] Level 1:colcon.colcon_core.package_identification:_identify(src/amr_slam) by extension 'ignore_ament_install'
[0.230s] Level 1:colcon.colcon_core.package_identification:_identify(src/amr_slam) by extensions ['colcon_pkg']
[0.230s] Level 1:colcon.colcon_core.package_identification:_identify(src/amr_slam) by extension 'colcon_pkg'
[0.230s] Level 1:colcon.colcon_core.package_identification:_identify(src/amr_slam) by extensions ['colcon_meta']
[0.230s] Level 1:colcon.colcon_core.package_identification:_identify(src/amr_slam) by extension 'colcon_meta'
[0.230s] Level 1:colcon.colcon_core.package_identification:_identify(src/amr_slam) by extensions ['ros']
[0.230s] Level 1:colcon.colcon_core.package_identification:_identify(src/amr_slam) by extension 'ros'
[0.231s] DEBUG:colcon.colcon_core.package_identification:Package 'src/amr_slam' with type 'ros.ament_cmake' and name 'amr_slam'
[0.231s] Level 1:colcon.colcon_core.package_discovery:discover_packages(recursive) using defaults
[0.231s] Level 1:colcon.colcon_core.package_discovery:discover_packages(ignore) discover
[0.231s] Level 1:colcon.colcon_core.package_discovery:discover_packages(ignore) using defaults
[0.231s] Level 1:colcon.colcon_core.package_discovery:discover_packages(path) discover
[0.231s] Level 1:colcon.colcon_core.package_discovery:discover_packages(path) using defaults
[0.249s] Level 5:colcon.colcon_core.verb:set package 'amr_control' build argument 'cmake_args' from command line to 'None'
[0.250s] Level 5:colcon.colcon_core.verb:set package 'amr_control' build argument 'cmake_target' from command line to 'None'
[0.250s] Level 5:colcon.colcon_core.verb:set package 'amr_control' build argument 'cmake_target_skip_unavailable' from command line to 'False'
[0.250s] Level 5:colcon.colcon_core.verb:set package 'amr_control' build argument 'cmake_clean_cache' from command line to 'False'
[0.250s] Level 5:colcon.colcon_core.verb:set package 'amr_control' build argument 'cmake_clean_first' from command line to 'False'
[0.250s] Level 5:colcon.colcon_core.verb:set package 'amr_control' build argument 'cmake_force_configure' from command line to 'False'
[0.250s] Level 5:colcon.colcon_core.verb:set package 'amr_control' build argument 'ament_cmake_args' from command line to 'None'
[0.250s] Level 5:colcon.colcon_core.verb:set package 'amr_control' build argument 'catkin_cmake_args' from command line to 'None'
[0.250s] Level 5:colcon.colcon_core.verb:set package 'amr_control' build argument 'catkin_skip_building_tests' from command line to 'False'
[0.250s] DEBUG:colcon.colcon_core.verb:Building package 'amr_control' with the following arguments: {'ament_cmake_args': None, 'build_base': '/home/sam/amr-simulation/ros2_ws/build/amr_control', 'catkin_cmake_args': None, 'catkin_skip_building_tests': False, 'cmake_args': None, 'cmake_clean_cache': False, 'cmake_clean_first': False, 'cmake_force_configure': False, 'cmake_target': None, 'cmake_target_skip_unavailable': False, 'install_base': '/home/sam/amr-simulation/ros2_ws/install/amr_control', 'merge_install': False, 'path': '/home/sam/amr-simulation/ros2_ws/src/amr_control', 'symlink_install': True, 'test_result_base': None}
[0.250s] Level 5:colcon.colcon_core.verb:set package 'amr_description' build argument 'cmake_args' from command line to 'None'
[0.250s] Level 5:colcon.colcon_core.verb:set package 'amr_description' build argument 'cmake_target' from command line to 'None'
[0.250s] Level 5:colcon.colcon_core.verb:set package 'amr_description' build argument 'cmake_target_skip_unavailable' from command line to 'False'
[0.250s] Level 5:colcon.colcon_core.verb:set package 'amr_description' build argument 'cmake_clean_cache' from command line to 'False'
[0.250s] Level 5:colcon.colcon_core.verb:set package 'amr_description' build argument 'cmake_clean_first' from command line to 'False'
[0.250s] Level 5:colcon.colcon_core.verb:set package 'amr_description' build argument 'cmake_force_configure' from command line to 'False'
[0.250s] Level 5:colcon.colcon_core.verb:set package 'amr_description' build argument 'ament_cmake_args' from command line to 'None'
[0.250s] Level 5:colcon.colcon_core.verb:set package 'amr_description' build argument 'catkin_cmake_args' from command line to 'None'
[0.250s] Level 5:colcon.colcon_core.verb:set package 'amr_description' build argument 'catkin_skip_building_tests' from command line to 'False'
[0.250s] DEBUG:colcon.colcon_core.verb:Building package 'amr_description' with the following arguments: {'ament_cmake_args': None, 'build_base': '/home/sam/amr-simulation/ros2_ws/build/amr_description', 'catkin_cmake_args': None, 'catkin_skip_building_tests': False, 'cmake_args': None, 'cmake_clean_cache': False, 'cmake_clean_first': False, 'cmake_force_configure': False, 'cmake_target': None, 'cmake_target_skip_unavailable': False, 'install_base': '/home/sam/amr-simulation/ros2_ws/install/amr_description', 'merge_install': False, 'path': '/home/sam/amr-simulation/ros2_ws/src/amr_description', 'symlink_install': True, 'test_result_base': None}
[0.250s] Level 5:colcon.colcon_core.verb:set package 'amr_nav' build argument 'cmake_args' from command line to 'None'
[0.250s] Level 5:colcon.colcon_core.verb:set package 'amr_nav' build argument 'cmake_target' from command line to 'None'
[0.250s] Level 5:colcon.colcon_core.verb:set package 'amr_nav' build argument 'cmake_target_skip_unavailable' from command line to 'False'
[0.250s] Level 5:colcon.colcon_core.verb:set package 'amr_nav' build argument 'cmake_clean_cache' from command line to 'False'
[0.250s] Level 5:colcon.colcon_core.verb:set package 'amr_nav' build argument 'cmake_clean_first' from command line to 'False'
[0.250s] Level 5:colcon.colcon_core.verb:set package 'amr_nav' build argument 'cmake_force_configure' from command line to 'False'
[0.250s] Level 5:colcon.colcon_core.verb:set package 'amr_nav' build argument 'ament_cmake_args' from command line to 'None'
[0.251s] Level 5:colcon.colcon_core.verb:set package 'amr_nav' build argument 'catkin_cmake_args' from command line to 'None'
[0.251s] Level 5:colcon.colcon_core.verb:set package 'amr_nav' build argument 'catkin_skip_building_tests' from command line to 'False'
[0.251s] DEBUG:colcon.colcon_core.verb:Building package 'amr_nav' with the following arguments: {'ament_cmake_args': None, 'build_base': '/home/sam/amr-simulation/ros2_ws/build/amr_nav', 'catkin_cmake_args': None, 'catkin_skip_building_tests': False, 'cmake_args': None, 'cmake_clean_cache': False, 'cmake_clean_first': False, 'cmake_force_configure': False, 'cmake_target': None, 'cmake_target_skip_unavailable': False, 'install_base': '/home/sam/amr-simulation/ros2_ws/install/amr_nav', 'merge_install': False, 'path': '/home/sam/amr-simulation/ros2_ws/src/amr_nav', 'symlink_install': True, 'test_result_base': None}
[0.251s] Level 5:colcon.colcon_core.verb:set package 'amr_slam' build argument 'cmake_args' from command line to 'None'
[0.251s] Level 5:colcon.colcon_core.verb:set package 'amr_slam' build argument 'cmake_target' from command line to 'None'
[0.251s] Level 5:colcon.colcon_core.verb:set package 'amr_slam' build argument 'cmake_target_skip_unavailable' from command line to 'False'
[0.251s] Level 5:colcon.colcon_core.verb:set package 'amr_slam' build argument 'cmake_clean_cache' from command line to 'False'
[0.251s] Level 5:colcon.colcon_core.verb:set package 'amr_slam' build argument 'cmake_clean_first' from command line to 'False'
[0.251s] Level 5:colcon.colcon_core.verb:set package 'amr_slam' build argument 'cmake_force_configure' from command line to 'False'
[0.251s] Level 5:colcon.colcon_core.verb:set package 'amr_slam' build argument 'ament_cmake_args' from command line to 'None'
[0.251s] Level 5:colcon.colcon_core.verb:set package 'amr_slam' build argument 'catkin_cmake_args' from command line to 'None'
[0.251s] Level 5:colcon.colcon_core.verb:set package 'amr_slam' build argument 'catkin_skip_building_tests' from command line to 'False'
[0.251s] DEBUG:colcon.colcon_core.verb:Building package 'amr_slam' with the following arguments: {'ament_cmake_args': None, 'build_base': '/home/sam/amr-simulation/ros2_ws/build/amr_slam', 'catkin_cmake_args': None, 'catkin_skip_building_tests': False, 'cmake_args': None, 'cmake_clean_cache': False, 'cmake_clean_first': False, 'cmake_force_configure': False, 'cmake_target': None, 'cmake_target_skip_unavailable': False, 'install_base': '/home/sam/amr-simulation/ros2_ws/install/amr_slam', 'merge_install': False, 'path': '/home/sam/amr-simulation/ros2_ws/src/amr_slam', 'symlink_install': True, 'test_result_base': None}
[0.251s] INFO:colcon.colcon_core.executor:Executing jobs using 'parallel' executor
[0.252s] DEBUG:colcon.colcon_parallel_executor.executor.parallel:run_until_complete
[0.253s] INFO:colcon.colcon_ros.task.ament_cmake.build:Building ROS package in '/home/sam/amr-simulation/ros2_ws/src/amr_control' with build type 'ament_cmake'
[0.253s] INFO:colcon.colcon_cmake.task.cmake.build:Building CMake package in '/home/sam/amr-simulation/ros2_ws/src/amr_control'
[0.255s] INFO:colcon.colcon_core.plugin_system:Skipping extension 'colcon_core.shell.bat': Not used on non-Windows systems
[0.255s] DEBUG:colcon.colcon_core.shell:Skip shell extension 'dsv' for command environment
[0.260s] INFO:colcon.colcon_ros.task.ament_cmake.build:Building ROS package in '/home/sam/amr-simulation/ros2_ws/src/amr_description' with build type 'ament_cmake'
[0.260s] INFO:colcon.colcon_cmake.task.cmake.build:Building CMake package in '/home/sam/amr-simulation/ros2_ws/src/amr_description'
[0.260s] DEBUG:colcon.colcon_core.shell:Skip shell extension 'dsv' for command environment
[0.264s] INFO:colcon.colcon_ros.task.ament_cmake.build:Building ROS package in '/home/sam/amr-simulation/ros2_ws/src/amr_nav' with build type 'ament_cmake'
[0.264s] INFO:colcon.colcon_cmake.task.cmake.build:Building CMake package in '/home/sam/amr-simulation/ros2_ws/src/amr_nav'
[0.264s] DEBUG:colcon.colcon_core.shell:Skip shell extension 'dsv' for command environment
[0.267s] INFO:colcon.colcon_ros.task.ament_cmake.build:Building ROS package in '/home/sam/amr-simulation/ros2_ws/src/amr_slam' with build type 'ament_cmake'
[0.268s] INFO:colcon.colcon_cmake.task.cmake.build:Building CMake package in '/home/sam/amr-simulation/ros2_ws/src/amr_slam'
[0.268s] DEBUG:colcon.colcon_core.shell:Skip shell extension 'dsv' for command environment
[0.278s] DEBUG:colcon.colcon_core.event_handler.log_command:Invoking command in '/home/sam/amr-simulation/ros2_ws/build/amr_control': CMAKE_PREFIX_PATH=${CMAKE_PREFIX_PATH}:/opt/ros/jazzy DEBUGINFOD_URLS=https://debuginfod.ubuntu.com /usr/bin/cmake --build /home/sam/amr-simulation/ros2_ws/build/amr_control -- -j14 -l14
[0.281s] DEBUG:colcon.colcon_core.event_handler.log_command:Invoking command in '/home/sam/amr-simulation/ros2_ws/build/amr_description': CMAKE_PREFIX_PATH=${CMAKE_PREFIX_PATH}:/opt/ros/jazzy DEBUGINFOD_URLS=https://debuginfod.ubuntu.com /usr/bin/cmake --build /home/sam/amr-simulation/ros2_ws/build/amr_description -- -j14 -l14
[0.285s] DEBUG:colcon.colcon_core.event_handler.log_command:Invoking command in '/home/sam/amr-simulation/ros2_ws/build/amr_nav': CMAKE_PREFIX_PATH=${CMAKE_PREFIX_PATH}:/opt/ros/jazzy DEBUGINFOD_URLS=https://debuginfod.ubuntu.com /usr/bin/cmake /home/sam/amr-simulation/ros2_ws/src/amr_nav -DAMENT_CMAKE_SYMLINK_INSTALL=1 -DCMAKE_INSTALL_PREFIX=/home/sam/amr-simulation/ros2_ws/install/amr_nav
[0.295s] DEBUG:colcon.colcon_core.event_handler.log_command:Invoking command in '/home/sam/amr-simulation/ros2_ws/build/amr_slam': CMAKE_PREFIX_PATH=${CMAKE_PREFIX_PATH}:/opt/ros/jazzy DEBUGINFOD_URLS=https://debuginfod.ubuntu.com /usr/bin/cmake --build /home/sam/amr-simulation/ros2_ws/build/amr_slam -- -j14 -l14
[0.352s] DEBUG:colcon.colcon_core.event_handler.log_command:Invoked command in '/home/sam/amr-simulation/ros2_ws/build/amr_control' returned '0': CMAKE_PREFIX_PATH=${CMAKE_PREFIX_PATH}:/opt/ros/jazzy DEBUGINFOD_URLS=https://debuginfod.ubuntu.com /usr/bin/cmake --build /home/sam/amr-simulation/ros2_ws/build/amr_control -- -j14 -l14
[0.370s] DEBUG:colcon.colcon_core.event_handler.log_command:Invoking command in '/home/sam/amr-simulation/ros2_ws/build/amr_control': CMAKE_PREFIX_PATH=${CMAKE_PREFIX_PATH}:/opt/ros/jazzy DEBUGINFOD_URLS=https://debuginfod.ubuntu.com /usr/bin/cmake --install /home/sam/amr-simulation/ros2_ws/build/amr_control
[0.372s] DEBUG:colcon.colcon_core.event_handler.log_command:Invoked command in '/home/sam/amr-simulation/ros2_ws/build/amr_description' returned '0': CMAKE_PREFIX_PATH=${CMAKE_PREFIX_PATH}:/opt/ros/jazzy DEBUGINFOD_URLS=https://debuginfod.ubuntu.com /usr/bin/cmake --build /home/sam/amr-simulation/ros2_ws/build/amr_description -- -j14 -l14
[0.377s] DEBUG:colcon.colcon_core.event_handler.log_command:Invoking command in '/home/sam/amr-simulation/ros2_ws/build/amr_description': CMAKE_PREFIX_PATH=${CMAKE_PREFIX_PATH}:/opt/ros/jazzy DEBUGINFOD_URLS=https://debuginfod.ubuntu.com /usr/bin/cmake --install /home/sam/amr-simulation/ros2_ws/build/amr_description
[0.382s] DEBUG:colcon.colcon_core.event_handler.log_command:Invoked command in '/home/sam/amr-simulation/ros2_ws/build/amr_slam' returned '0': CMAKE_PREFIX_PATH=${CMAKE_PREFIX_PATH}:/opt/ros/jazzy DEBUGINFOD_URLS=https://debuginfod.ubuntu.com /usr/bin/cmake --build /home/sam/amr-simulation/ros2_ws/build/amr_slam -- -j14 -l14
[0.386s] DEBUG:colcon.colcon_core.event_handler.log_command:Invoking command in '/home/sam/amr-simulation/ros2_ws/build/amr_slam': CMAKE_PREFIX_PATH=${CMAKE_PREFIX_PATH}:/opt/ros/jazzy DEBUGINFOD_URLS=https://debuginfod.ubuntu.com /usr/bin/cmake --install /home/sam/amr-simulation/ros2_ws/build/amr_slam
[0.414s] Level 1:colcon.colcon_core.environment:create_environment_scripts_only(amr_control)
[0.417s] DEBUG:colcon.colcon_core.event_handler.log_command:Invoked command in '/home/sam/amr-simulation/ros2_ws/build/amr_control' returned '0': CMAKE_PREFIX_PATH=${CMAKE_PREFIX_PATH}:/opt/ros/jazzy DEBUGINFOD_URLS=https://debuginfod.ubuntu.com /usr/bin/cmake --install /home/sam/amr-simulation/ros2_ws/build/amr_control
[0.426s] Level 1:colcon.colcon_core.environment:checking '/home/sam/amr-simulation/ros2_ws/install/amr_control' for CMake module files
[0.428s] Level 1:colcon.colcon_core.environment:checking '/home/sam/amr-simulation/ros2_ws/install/amr_control' for CMake config files
[0.432s] Level 1:colcon.colcon_core.shell:create_environment_hook('amr_control', 'cmake_prefix_path')
[0.432s] INFO:colcon.colcon_core.shell:Creating environment descriptor '/home/sam/amr-simulation/ros2_ws/install/amr_control/share/amr_control/hook/cmake_prefix_path.dsv'
[0.434s] INFO:colcon.colcon_core.shell:Creating environment hook '/home/sam/amr-simulation/ros2_ws/install/amr_control/share/amr_control/hook/cmake_prefix_path.sh'
[0.437s] Level 1:colcon.colcon_core.environment:checking '/home/sam/amr-simulation/ros2_ws/install/amr_control/bin'
[0.437s] Level 1:colcon.colcon_core.environment:checking '/home/sam/amr-simulation/ros2_ws/install/amr_control/lib/pkgconfig/amr_control.pc'
[0.442s] Level 1:colcon.colcon_core.environment:checking '/home/sam/amr-simulation/ros2_ws/install/amr_control/lib/python3.12/site-packages'
[0.443s] Level 1:colcon.colcon_core.environment:checking '/home/sam/amr-simulation/ros2_ws/install/amr_control/bin'
[0.443s] INFO:colcon.colcon_core.shell:Creating package descriptor '/home/sam/amr-simulation/ros2_ws/install/amr_control/share/amr_control/package.dsv'
[0.446s] INFO:colcon.colcon_core.shell:Creating package script '/home/sam/amr-simulation/ros2_ws/install/amr_control/share/amr_control/package.sh'
[0.448s] INFO:colcon.colcon_core.shell:Creating package script '/home/sam/amr-simulation/ros2_ws/install/amr_control/share/amr_control/package.bash'
[0.449s] INFO:colcon.colcon_core.shell:Creating package script '/home/sam/amr-simulation/ros2_ws/install/amr_control/share/amr_control/package.zsh'
[0.450s] Level 1:colcon.colcon_core.environment:create_file_with_runtime_dependencies(/home/sam/amr-simulation/ros2_ws/install/amr_control/share/colcon-core/packages/amr_control)
[0.451s] Level 1:colcon.colcon_core.environment:create_environment_scripts_only(amr_control)
[0.451s] Level 1:colcon.colcon_core.environment:checking '/home/sam/amr-simulation/ros2_ws/install/amr_control' for CMake module files
[0.452s] Level 1:colcon.colcon_core.environment:checking '/home/sam/amr-simulation/ros2_ws/install/amr_control' for CMake config files
[0.453s] Level 1:colcon.colcon_core.shell:create_environment_hook('amr_control', 'cmake_prefix_path')
[0.453s] INFO:colcon.colcon_core.shell:Creating environment descriptor '/home/sam/amr-simulation/ros2_ws/install/amr_control/share/amr_control/hook/cmake_prefix_path.dsv'
[0.454s] INFO:colcon.colcon_core.shell:Creating environment hook '/home/sam/amr-simulation/ros2_ws/install/amr_control/share/amr_control/hook/cmake_prefix_path.sh'
[0.455s] Level 1:colcon.colcon_core.environment:checking '/home/sam/amr-simulation/ros2_ws/install/amr_control/bin'
[0.455s] Level 1:colcon.colcon_core.environment:checking '/home/sam/amr-simulation/ros2_ws/install/amr_control/lib/pkgconfig/amr_control.pc'
[0.456s] Level 1:colcon.colcon_core.environment:checking '/home/sam/amr-simulation/ros2_ws/install/amr_control/lib/python3.12/site-packages'
[0.456s] Level 1:colcon.colcon_core.environment:checking '/home/sam/amr-simulation/ros2_ws/install/amr_control/bin'
[0.456s] INFO:colcon.colcon_core.shell:Creating package descriptor '/home/sam/amr-simulation/ros2_ws/install/amr_control/share/amr_control/package.dsv'
[0.457s] INFO:colcon.colcon_core.shell:Creating package script '/home/sam/amr-simulation/ros2_ws/install/amr_control/share/amr_control/package.sh'
[0.457s] INFO:colcon.colcon_core.shell:Creating package script '/home/sam/amr-simulation/ros2_ws/install/amr_control/share/amr_control/package.bash'
[0.458s] INFO:colcon.colcon_core.shell:Creating package script '/home/sam/amr-simulation/ros2_ws/install/amr_control/share/amr_control/package.zsh'
[0.458s] Level 1:colcon.colcon_core.environment:create_file_with_runtime_dependencies(/home/sam/amr-simulation/ros2_ws/install/amr_control/share/colcon-core/packages/amr_control)
[0.461s] Level 1:colcon.colcon_core.environment:create_environment_scripts_only(amr_slam)
[0.462s] Level 1:colcon.colcon_core.environment:checking '/home/sam/amr-simulation/ros2_ws/install/amr_slam' for CMake module files
[0.466s] DEBUG:colcon.colcon_core.event_handler.log_command:Invoked command in '/home/sam/amr-simulation/ros2_ws/build/amr_slam' returned '0': CMAKE_PREFIX_PATH=${CMAKE_PREFIX_PATH}:/opt/ros/jazzy DEBUGINFOD_URLS=https://debuginfod.ubuntu.com /usr/bin/cmake --install /home/sam/amr-simulation/ros2_ws/build/amr_slam
[0.467s] Level 1:colcon.colcon_core.environment:checking '/home/sam/amr-simulation/ros2_ws/install/amr_slam' for CMake config files
[0.467s] Level 1:colcon.colcon_core.shell:create_environment_hook('amr_slam', 'cmake_prefix_path')
[0.468s] INFO:colcon.colcon_core.shell:Creating environment descriptor '/home/sam/amr-simulation/ros2_ws/install/amr_slam/share/amr_slam/hook/cmake_prefix_path.dsv'
[0.469s] INFO:colcon.colcon_core.shell:Creating environment hook '/home/sam/amr-simulation/ros2_ws/install/amr_slam/share/amr_slam/hook/cmake_prefix_path.sh'
[0.470s] Level 1:colcon.colcon_core.environment:checking '/home/sam/amr-simulation/ros2_ws/install/amr_slam/bin'
[0.471s] Level 1:colcon.colcon_core.environment:checking '/home/sam/amr-simulation/ros2_ws/install/amr_slam/lib/pkgconfig/amr_slam.pc'
[0.471s] Level 1:colcon.colcon_core.environment:checking '/home/sam/amr-simulation/ros2_ws/install/amr_slam/lib/python3.12/site-packages'
[0.472s] Level 1:colcon.colcon_core.environment:checking '/home/sam/amr-simulation/ros2_ws/install/amr_slam/bin'
[0.472s] INFO:colcon.colcon_core.shell:Creating package descriptor '/home/sam/amr-simulation/ros2_ws/install/amr_slam/share/amr_slam/package.dsv'
[0.473s] INFO:colcon.colcon_core.shell:Creating package script '/home/sam/amr-simulation/ros2_ws/install/amr_slam/share/amr_slam/package.sh'
[0.474s] INFO:colcon.colcon_core.shell:Creating package script '/home/sam/amr-simulation/ros2_ws/install/amr_slam/share/amr_slam/package.bash'
[0.475s] INFO:colcon.colcon_core.shell:Creating package script '/home/sam/amr-simulation/ros2_ws/install/amr_slam/share/amr_slam/package.zsh'
[0.475s] Level 1:colcon.colcon_core.environment:create_file_with_runtime_dependencies(/home/sam/amr-simulation/ros2_ws/install/amr_slam/share/colcon-core/packages/amr_slam)
[0.476s] Level 1:colcon.colcon_core.environment:create_environment_scripts_only(amr_slam)
[0.476s] Level 1:colcon.colcon_core.environment:checking '/home/sam/amr-simulation/ros2_ws/install/amr_slam' for CMake module files
[0.477s] Level 1:colcon.colcon_core.environment:checking '/home/sam/amr-simulation/ros2_ws/install/amr_slam' for CMake config files
[0.478s] Level 1:colcon.colcon_core.shell:create_environment_hook('amr_slam', 'cmake_prefix_path')
[0.478s] INFO:colcon.colcon_core.shell:Creating environment descriptor '/home/sam/amr-simulation/ros2_ws/install/amr_slam/share/amr_slam/hook/cmake_prefix_path.dsv'
[0.479s] INFO:colcon.colcon_core.shell:Creating environment hook '/home/sam/amr-simulation/ros2_ws/install/amr_slam/share/amr_slam/hook/cmake_prefix_path.sh'
[0.480s] Level 1:colcon.colcon_core.environment:checking '/home/sam/amr-simulation/ros2_ws/install/amr_slam/bin'
[0.480s] Level 1:colcon.colcon_core.environment:checking '/home/sam/amr-simulation/ros2_ws/install/amr_slam/lib/pkgconfig/amr_slam.pc'
[0.480s] Level 1:colcon.colcon_core.environment:checking '/home/sam/amr-simulation/ros2_ws/install/amr_slam/lib/python3.12/site-packages'
[0.481s] Level 1:colcon.colcon_core.environment:checking '/home/sam/amr-simulation/ros2_ws/install/amr_slam/bin'
[0.481s] INFO:colcon.colcon_core.shell:Creating package descriptor '/home/sam/amr-simulation/ros2_ws/install/amr_slam/share/amr_slam/package.dsv'
[0.482s] INFO:colcon.colcon_core.shell:Creating package script '/home/sam/amr-simulation/ros2_ws/install/amr_slam/share/amr_slam/package.sh'
[0.483s] INFO:colcon.colcon_core.shell:Creating package script '/home/sam/amr-simulation/ros2_ws/install/amr_slam/share/amr_slam/package.bash'
[0.484s] INFO:colcon.colcon_core.shell:Creating package script '/home/sam/amr-simulation/ros2_ws/install/amr_slam/share/amr_slam/package.zsh'
[0.485s] Level 1:colcon.colcon_core.environment:create_file_with_runtime_dependencies(/home/sam/amr-simulation/ros2_ws/install/amr_slam/share/colcon-core/packages/amr_slam)
[0.487s] Level 1:colcon.colcon_core.environment:create_environment_scripts_only(amr_description)
[0.488s] Level 1:colcon.colcon_core.environment:checking '/home/sam/amr-simulation/ros2_ws/install/amr_description' for CMake module files
[0.490s] DEBUG:colcon.colcon_core.event_handler.log_command:Invoked command in '/home/sam/amr-simulation/ros2_ws/build/amr_description' returned '0': CMAKE_PREFIX_PATH=${CMAKE_PREFIX_PATH}:/opt/ros/jazzy DEBUGINFOD_URLS=https://debuginfod.ubuntu.com /usr/bin/cmake --install /home/sam/amr-simulation/ros2_ws/build/amr_description
[0.493s] Level 1:colcon.colcon_core.environment:checking '/home/sam/amr-simulation/ros2_ws/install/amr_description' for CMake config files
[0.494s] Level 1:colcon.colcon_core.shell:create_environment_hook('amr_description', 'cmake_prefix_path')
[0.495s] INFO:colcon.colcon_core.shell:Creating environment descriptor '/home/sam/amr-simulation/ros2_ws/install/amr_description/share/amr_description/hook/cmake_prefix_path.dsv'
[0.497s] INFO:colcon.colcon_core.shell:Creating environment hook '/home/sam/amr-simulation/ros2_ws/install/amr_description/share/amr_description/hook/cmake_prefix_path.sh'
[0.499s] Level 1:colcon.colcon_core.environment:checking '/home/sam/amr-simulation/ros2_ws/install/amr_description/bin'
[0.500s] Level 1:colcon.colcon_core.environment:checking '/home/sam/amr-simulation/ros2_ws/install/amr_description/lib/pkgconfig/amr_description.pc'
[0.500s] Level 1:colcon.colcon_core.environment:checking '/home/sam/amr-simulation/ros2_ws/install/amr_description/lib/python3.12/site-packages'
[0.501s] Level 1:colcon.colcon_core.environment:checking '/home/sam/amr-simulation/ros2_ws/install/amr_description/bin'
[0.502s] INFO:colcon.colcon_core.shell:Creating package descriptor '/home/sam/amr-simulation/ros2_ws/install/amr_description/share/amr_description/package.dsv'
[0.504s] INFO:colcon.colcon_core.shell:Creating package script '/home/sam/amr-simulation/ros2_ws/install/amr_description/share/amr_description/package.sh'
[0.505s] INFO:colcon.colcon_core.shell:Creating package script '/home/sam/amr-simulation/ros2_ws/install/amr_description/share/amr_description/package.bash'
[0.507s] INFO:colcon.colcon_core.shell:Creating package script '/home/sam/amr-simulation/ros2_ws/install/amr_description/share/amr_description/package.zsh'
[0.508s] Level 1:colcon.colcon_core.environment:create_file_with_runtime_dependencies(/home/sam/amr-simulation/ros2_ws/install/amr_description/share/colcon-core/packages/amr_description)
[0.509s] Level 1:colcon.colcon_core.environment:create_environment_scripts_only(amr_description)
[0.510s] Level 1:colcon.colcon_core.environment:checking '/home/sam/amr-simulation/ros2_ws/install/amr_description' for CMake module files
[0.512s] Level 1:colcon.colcon_core.environment:checking '/home/sam/amr-simulation/ros2_ws/install/amr_description' for CMake config files
[0.513s] Level 1:colcon.colcon_core.shell:create_environment_hook('amr_description', 'cmake_prefix_path')
[0.514s] INFO:colcon.colcon_core.shell:Creating environment descriptor '/home/sam/amr-simulation/ros2_ws/install/amr_description/share/amr_description/hook/cmake_prefix_path.dsv'
[0.515s] INFO:colcon.colcon_core.shell:Creating environment hook '/home/sam/amr-simulation/ros2_ws/install/amr_description/share/amr_description/hook/cmake_prefix_path.sh'
[0.517s] Level 1:colcon.colcon_core.environment:checking '/home/sam/amr-simulation/ros2_ws/install/amr_description/bin'
[0.518s] Level 1:colcon.colcon_core.environment:checking '/home/sam/amr-simulation/ros2_ws/install/amr_description/lib/pkgconfig/amr_description.pc'
[0.518s] Level 1:colcon.colcon_core.environment:checking '/home/sam/amr-simulation/ros2_ws/install/amr_description/lib/python3.12/site-packages'
[0.519s] Level 1:colcon.colcon_core.environment:checking '/home/sam/amr-simulation/ros2_ws/install/amr_description/bin'
[0.520s] INFO:colcon.colcon_core.shell:Creating package descriptor '/home/sam/amr-simulation/ros2_ws/install/amr_description/share/amr_description/package.dsv'
[0.522s] INFO:colcon.colcon_core.shell:Creating package script '/home/sam/amr-simulation/ros2_ws/install/amr_description/share/amr_description/package.sh'
[0.523s] INFO:colcon.colcon_core.shell:Creating package script '/home/sam/amr-simulation/ros2_ws/install/amr_description/share/amr_description/package.bash'
[0.525s] INFO:colcon.colcon_core.shell:Creating package script '/home/sam/amr-simulation/ros2_ws/install/amr_description/share/amr_description/package.zsh'
[0.526s] Level 1:colcon.colcon_core.environment:create_file_with_runtime_dependencies(/home/sam/amr-simulation/ros2_ws/install/amr_description/share/colcon-core/packages/amr_description)
[1.910s] DEBUG:colcon.colcon_core.event_handler.log_command:Invoked command in '/home/sam/amr-simulation/ros2_ws/build/amr_nav' returned '0': CMAKE_PREFIX_PATH=${CMAKE_PREFIX_PATH}:/opt/ros/jazzy DEBUGINFOD_URLS=https://debuginfod.ubuntu.com /usr/bin/cmake /home/sam/amr-simulation/ros2_ws/src/amr_nav -DAMENT_CMAKE_SYMLINK_INSTALL=1 -DCMAKE_INSTALL_PREFIX=/home/sam/amr-simulation/ros2_ws/install/amr_nav
[1.911s] DEBUG:colcon.colcon_core.event_handler.log_command:Invoking command in '/home/sam/amr-simulation/ros2_ws/build/amr_nav': CMAKE_PREFIX_PATH=${CMAKE_PREFIX_PATH}:/opt/ros/jazzy DEBUGINFOD_URLS=https://debuginfod.ubuntu.com /usr/bin/cmake --build /home/sam/amr-simulation/ros2_ws/build/amr_nav -- -j14 -l14
[1.989s] DEBUG:colcon.colcon_core.event_handler.log_command:Invoked command in '/home/sam/amr-simulation/ros2_ws/build/amr_nav' returned '0': CMAKE_PREFIX_PATH=${CMAKE_PREFIX_PATH}:/opt/ros/jazzy DEBUGINFOD_URLS=https://debuginfod.ubuntu.com /usr/bin/cmake --build /home/sam/amr-simulation/ros2_ws/build/amr_nav -- -j14 -l14
[1.991s] DEBUG:colcon.colcon_core.event_handler.log_command:Invoking command in '/home/sam/amr-simulation/ros2_ws/build/amr_nav': CMAKE_PREFIX_PATH=${CMAKE_PREFIX_PATH}:/opt/ros/jazzy DEBUGINFOD_URLS=https://debuginfod.ubuntu.com /usr/bin/cmake --install /home/sam/amr-simulation/ros2_ws/build/amr_nav
[2.258s] Level 1:colcon.colcon_core.environment:create_environment_scripts_only(amr_nav)
[2.259s] Level 1:colcon.colcon_core.environment:checking '/home/sam/amr-simulation/ros2_ws/install/amr_nav' for CMake module files
[2.260s] DEBUG:colcon.colcon_core.event_handler.log_command:Invoked command in '/home/sam/amr-simulation/ros2_ws/build/amr_nav' returned '0': CMAKE_PREFIX_PATH=${CMAKE_PREFIX_PATH}:/opt/ros/jazzy DEBUGINFOD_URLS=https://debuginfod.ubuntu.com /usr/bin/cmake --install /home/sam/amr-simulation/ros2_ws/build/amr_nav
[2.261s] Level 1:colcon.colcon_core.environment:checking '/home/sam/amr-simulation/ros2_ws/install/amr_nav' for CMake config files
[2.262s] Level 1:colcon.colcon_core.shell:create_environment_hook('amr_nav', 'cmake_prefix_path')
[2.262s] INFO:colcon.colcon_core.shell:Creating environment descriptor '/home/sam/amr-simulation/ros2_ws/install/amr_nav/share/amr_nav/hook/cmake_prefix_path.dsv'
[2.263s] INFO:colcon.colcon_core.shell:Creating environment hook '/home/sam/amr-simulation/ros2_ws/install/amr_nav/share/amr_nav/hook/cmake_prefix_path.sh'
[2.264s] Level 1:colcon.colcon_core.environment:checking '/home/sam/amr-simulation/ros2_ws/install/amr_nav/bin'
[2.264s] Level 1:colcon.colcon_core.environment:checking '/home/sam/amr-simulation/ros2_ws/install/amr_nav/lib/pkgconfig/amr_nav.pc'
[2.265s] Level 1:colcon.colcon_core.environment:checking '/home/sam/amr-simulation/ros2_ws/install/amr_nav/lib/python3.12/site-packages'
[2.265s] Level 1:colcon.colcon_core.environment:checking '/home/sam/amr-simulation/ros2_ws/install/amr_nav/bin'
[2.266s] INFO:colcon.colcon_core.shell:Creating package descriptor '/home/sam/amr-simulation/ros2_ws/install/amr_nav/share/amr_nav/package.dsv'
[2.266s] INFO:colcon.colcon_core.shell:Creating package script '/home/sam/amr-simulation/ros2_ws/install/amr_nav/share/amr_nav/package.sh'
[2.267s] INFO:colcon.colcon_core.shell:Creating package script '/home/sam/amr-simulation/ros2_ws/install/amr_nav/share/amr_nav/package.bash'
[2.268s] INFO:colcon.colcon_core.shell:Creating package script '/home/sam/amr-simulation/ros2_ws/install/amr_nav/share/amr_nav/package.zsh'
[2.268s] Level 1:colcon.colcon_core.environment:create_file_with_runtime_dependencies(/home/sam/amr-simulation/ros2_ws/install/amr_nav/share/colcon-core/packages/amr_nav)
[2.274s] Level 1:colcon.colcon_core.environment:create_environment_scripts_only(amr_nav)
[2.275s] Level 1:colcon.colcon_core.environment:checking '/home/sam/amr-simulation/ros2_ws/install/amr_nav' for CMake module files
[2.276s] Level 1:colcon.colcon_core.environment:checking '/home/sam/amr-simulation/ros2_ws/install/amr_nav' for CMake config files
[2.276s] Level 1:colcon.colcon_core.shell:create_environment_hook('amr_nav', 'cmake_prefix_path')
[2.276s] INFO:colcon.colcon_core.shell:Creating environment descriptor '/home/sam/amr-simulation/ros2_ws/install/amr_nav/share/amr_nav/hook/cmake_prefix_path.dsv'
[2.277s] INFO:colcon.colcon_core.shell:Creating environment hook '/home/sam/amr-simulation/ros2_ws/install/amr_nav/share/amr_nav/hook/cmake_prefix_path.sh'
[2.278s] Level 1:colcon.colcon_core.environment:checking '/home/sam/amr-simulation/ros2_ws/install/amr_nav/bin'
[2.278s] Level 1:colcon.colcon_core.environment:checking '/home/sam/amr-simulation/ros2_ws/install/amr_nav/lib/pkgconfig/amr_nav.pc'
[2.279s] Level 1:colcon.colcon_core.environment:checking '/home/sam/amr-simulation/ros2_ws/install/amr_nav/lib/python3.12/site-packages'
[2.279s] Level 1:colcon.colcon_core.environment:checking '/home/sam/amr-simulation/ros2_ws/install/amr_nav/bin'
[2.280s] INFO:colcon.colcon_core.shell:Creating package descriptor '/home/sam/amr-simulation/ros2_ws/install/amr_nav/share/amr_nav/package.dsv'
[2.280s] INFO:colcon.colcon_core.shell:Creating package script '/home/sam/amr-simulation/ros2_ws/install/amr_nav/share/amr_nav/package.sh'
[2.281s] INFO:colcon.colcon_core.shell:Creating package script '/home/sam/amr-simulation/ros2_ws/install/amr_nav/share/amr_nav/package.bash'
[2.282s] INFO:colcon.colcon_core.shell:Creating package script '/home/sam/amr-simulation/ros2_ws/install/amr_nav/share/amr_nav/package.zsh'
[2.282s] Level 1:colcon.colcon_core.environment:create_file_with_runtime_dependencies(/home/sam/amr-simulation/ros2_ws/install/amr_nav/share/colcon-core/packages/amr_nav)
[2.282s] DEBUG:colcon.colcon_parallel_executor.executor.parallel:closing loop
[2.283s] DEBUG:colcon.colcon_parallel_executor.executor.parallel:loop closed
[2.283s] DEBUG:colcon.colcon_parallel_executor.executor.parallel:run_until_complete finished with '0'
[2.284s] DEBUG:colcon.colcon_core.event_reactor:joining thread
[2.302s] INFO:colcon.colcon_core.plugin_system:Skipping extension 'colcon_notification.desktop_notification.terminal_notifier': Not used on non-Darwin systems
[2.302s] INFO:colcon.colcon_core.plugin_system:Skipping extension 'colcon_notification.desktop_notification.win32': Not used on non-Windows systems
[2.302s] INFO:colcon.colcon_notification.desktop_notification:Sending desktop notification using 'notify2'
[2.331s] DEBUG:colcon.colcon_core.event_reactor:joined thread
[2.332s] INFO:colcon.colcon_core.shell:Creating prefix script '/home/sam/amr-simulation/ros2_ws/install/local_setup.sh'
[2.334s] INFO:colcon.colcon_core.shell:Creating prefix util module '/home/sam/amr-simulation/ros2_ws/install/_local_setup_util_sh.py'
[2.337s] INFO:colcon.colcon_core.shell:Creating prefix chain script '/home/sam/amr-simulation/ros2_ws/install/setup.sh'
[2.339s] INFO:colcon.colcon_core.shell:Creating prefix script '/home/sam/amr-simulation/ros2_ws/install/local_setup.bash'
[2.340s] INFO:colcon.colcon_core.shell:Creating prefix chain script '/home/sam/amr-simulation/ros2_ws/install/setup.bash'
[2.342s] INFO:colcon.colcon_core.shell:Creating prefix script '/home/sam/amr-simulation/ros2_ws/install/local_setup.zsh'
[2.342s] INFO:colcon.colcon_core.shell:Creating prefix chain script '/home/sam/amr-simulation/ros2_ws/install/setup.zsh'
