[0.009s] Invoking command in '/home/sam/amr-simulation/ros2_ws/build/amr_nav': CMAKE_PREFIX_PATH=${CMAKE_PREFIX_PATH}:/opt/ros/jazzy DEBUGINFOD_URLS=https://debuginfod.ubuntu.com /usr/bin/cmake --build /home/sam/amr-simulation/ros2_ws/build/amr_nav -- -j14 -l14
[0.062s] Invoked command in '/home/sam/amr-simulation/ros2_ws/build/amr_nav' returned '0': CMAKE_PREFIX_PATH=${CMAKE_PREFIX_PATH}:/opt/ros/jazzy DEBUGINFOD_URLS=https://debuginfod.ubuntu.com /usr/bin/cmake --build /home/sam/amr-simulation/ros2_ws/build/amr_nav -- -j14 -l14
[0.063s] Invoking command in '/home/sam/amr-simulation/ros2_ws/build/amr_nav': CMAKE_PREFIX_PATH=${CMAKE_PREFIX_PATH}:/opt/ros/jazzy DEBUGINFOD_URLS=https://debuginfod.ubuntu.com /usr/bin/cmake --install /home/sam/amr-simulation/ros2_ws/build/amr_nav
[0.068s] -- Install configuration: ""
[0.069s] -- Execute custom install script
[0.071s] -- Up-to-date symlink: /home/sam/amr-simulation/ros2_ws/install/amr_nav/share/amr_nav//config/nav2_params.yaml
[0.071s] -- Up-to-date symlink: /home/sam/amr-simulation/ros2_ws/install/amr_nav/share/amr_nav//launch/localization_launch.py
[0.071s] -- Up-to-date symlink: /home/sam/amr-simulation/ros2_ws/install/amr_nav/share/amr_nav//launch/navigation_launch.py
[0.072s] -- Up-to-date symlink: /home/sam/amr-simulation/ros2_ws/install/amr_nav/share/ament_index/resource_index/package_run_dependencies/amr_nav
[0.072s] -- Up-to-date symlink: /home/sam/amr-simulation/ros2_ws/install/amr_nav/share/ament_index/resource_index/parent_prefix_path/amr_nav
[0.072s] -- Up-to-date symlink: /home/sam/amr-simulation/ros2_ws/install/amr_nav/share/amr_nav/environment/ament_prefix_path.sh
[0.072s] -- Up-to-date symlink: /home/sam/amr-simulation/ros2_ws/install/amr_nav/share/amr_nav/environment/ament_prefix_path.dsv
[0.072s] -- Up-to-date symlink: /home/sam/amr-simulation/ros2_ws/install/amr_nav/share/amr_nav/environment/path.sh
[0.073s] -- Up-to-date symlink: /home/sam/amr-simulation/ros2_ws/install/amr_nav/share/amr_nav/environment/path.dsv
[0.073s] -- Up-to-date symlink: /home/sam/amr-simulation/ros2_ws/install/amr_nav/share/amr_nav/local_setup.bash
[0.073s] -- Up-to-date symlink: /home/sam/amr-simulation/ros2_ws/install/amr_nav/share/amr_nav/local_setup.sh
[0.073s] -- Up-to-date symlink: /home/sam/amr-simulation/ros2_ws/install/amr_nav/share/amr_nav/local_setup.zsh
[0.073s] -- Up-to-date symlink: /home/sam/amr-simulation/ros2_ws/install/amr_nav/share/amr_nav/local_setup.dsv
[0.073s] -- Symlinking: /home/sam/amr-simulation/ros2_ws/install/amr_nav/share/amr_nav/package.dsv
[0.079s] -- Up-to-date symlink: /home/sam/amr-simulation/ros2_ws/install/amr_nav/share/ament_index/resource_index/packages/amr_nav
[0.079s] -- Up-to-date symlink: /home/sam/amr-simulation/ros2_ws/install/amr_nav/share/amr_nav/cmake/amr_navConfig.cmake
[0.079s] -- Up-to-date symlink: /home/sam/amr-simulation/ros2_ws/install/amr_nav/share/amr_nav/cmake/amr_navConfig-version.cmake
[0.079s] -- Up-to-date symlink: /home/sam/amr-simulation/ros2_ws/install/amr_nav/share/amr_nav/package.xml
[0.085s] Invoked command in '/home/sam/amr-simulation/ros2_ws/build/amr_nav' returned '0': CMAKE_PREFIX_PATH=${CMAKE_PREFIX_PATH}:/opt/ros/jazzy DEBUGINFOD_URLS=https://debuginfod.ubuntu.com /usr/bin/cmake --install /home/sam/amr-simulation/ros2_ws/build/amr_nav
