-- Found ament_cmake: 2.5.6 (/opt/ros/jazzy/share/ament_cmake/cmake)
-- Override CMake install command with custom implementation using symlinks instead of copying resources
-- Found ament_lint_auto: 0.17.5 (/opt/ros/jazzy/share/ament_lint_auto/cmake)
-- Added test 'flake8' to check Python code syntax and style conventions
-- Configured 'flake8' exclude dirs and/or files: 
-- Added test 'lint_cmake' to check CMake code style
-- Added test 'pep257' to check Python code against some of the docstring style conventions in PEP 257
-- Added test 'xmllint' to check XML markup files
-- Configuring done (0.5s)
-- Generating done (0.0s)
-- Build files have been written to: /home/sam/amr-simulation/ros2_ws/build/amr_slam
-- Install configuration: ""
-- Execute custom install script
-- Symlinking: /home/sam/amr-simulation/ros2_ws/install/amr_slam/share/$(PROJECT_NAME)/config/mapper_params_online_async.yaml
-- Symlinking: /home/sam/amr-simulation/ros2_ws/install/amr_slam/share/$(PROJECT_NAME)/config/slam.lua
-- Symlinking: /home/sam/amr-simulation/ros2_ws/install/amr_slam/share/$(PROJECT_NAME)/launch/cartographer.launch.py
-- Symlinking: /home/sam/amr-simulation/ros2_ws/install/amr_slam/share/$(PROJECT_NAME)/launch/online_async_launch.py
-- Up-to-date symlink: /home/sam/amr-simulation/ros2_ws/install/amr_slam/share/ament_index/resource_index/package_run_dependencies/amr_slam
-- Up-to-date symlink: /home/sam/amr-simulation/ros2_ws/install/amr_slam/share/ament_index/resource_index/parent_prefix_path/amr_slam
-- Up-to-date symlink: /home/sam/amr-simulation/ros2_ws/install/amr_slam/share/amr_slam/environment/ament_prefix_path.sh
-- Up-to-date symlink: /home/sam/amr-simulation/ros2_ws/install/amr_slam/share/amr_slam/environment/ament_prefix_path.dsv
-- Up-to-date symlink: /home/sam/amr-simulation/ros2_ws/install/amr_slam/share/amr_slam/environment/path.sh
-- Up-to-date symlink: /home/sam/amr-simulation/ros2_ws/install/amr_slam/share/amr_slam/environment/path.dsv
-- Up-to-date symlink: /home/sam/amr-simulation/ros2_ws/install/amr_slam/share/amr_slam/local_setup.bash
-- Up-to-date symlink: /home/sam/amr-simulation/ros2_ws/install/amr_slam/share/amr_slam/local_setup.sh
-- Up-to-date symlink: /home/sam/amr-simulation/ros2_ws/install/amr_slam/share/amr_slam/local_setup.zsh
-- Up-to-date symlink: /home/sam/amr-simulation/ros2_ws/install/amr_slam/share/amr_slam/local_setup.dsv
-- Symlinking: /home/sam/amr-simulation/ros2_ws/install/amr_slam/share/amr_slam/package.dsv
-- Up-to-date symlink: /home/sam/amr-simulation/ros2_ws/install/amr_slam/share/ament_index/resource_index/packages/amr_slam
-- Up-to-date symlink: /home/sam/amr-simulation/ros2_ws/install/amr_slam/share/amr_slam/cmake/amr_slamConfig.cmake
-- Up-to-date symlink: /home/sam/amr-simulation/ros2_ws/install/amr_slam/share/amr_slam/cmake/amr_slamConfig-version.cmake
-- Up-to-date symlink: /home/sam/amr-simulation/ros2_ws/install/amr_slam/share/amr_slam/package.xml
