[0.028s] Invoking command in '/home/sam/amr-simulation/ros2_ws/build/amr_slam': CMAKE_PREFIX_PATH=${CMAKE_PREFIX_PATH}:/opt/ros/jazzy DEBUGINFOD_URLS=https://debuginfod.ubuntu.com /usr/bin/cmake /home/sam/amr-simulation/ros2_ws/src/amr_slam -DCMAKE_INSTALL_PREFIX=/home/sam/amr-simulation/ros2_ws/install/amr_slam
[0.043s] -- Found ament_cmake: 2.5.6 (/opt/ros/jazzy/share/ament_cmake/cmake)
[0.360s] -- Override CMake install command with custom implementation using symlinks instead of copying resources
[0.371s] -- Found ament_lint_auto: 0.17.5 (/opt/ros/jazzy/share/ament_lint_auto/cmake)
[0.529s] -- Added test 'flake8' to check Python code syntax and style conventions
[0.529s] -- Configured 'flake8' exclude dirs and/or files: 
[0.529s] -- Added test 'lint_cmake' to check CMake code style
[0.529s] -- Added test 'pep257' to check Python code against some of the docstring style conventions in PEP 257
[0.531s] -- Added test 'xmllint' to check XML markup files
[0.532s] -- Configuring done (0.5s)
[0.540s] -- Generating done (0.0s)
[0.542s] -- Build files have been written to: /home/sam/amr-simulation/ros2_ws/build/amr_slam
[0.549s] Invoked command in '/home/sam/amr-simulation/ros2_ws/build/amr_slam' returned '0': CMAKE_PREFIX_PATH=${CMAKE_PREFIX_PATH}:/opt/ros/jazzy DEBUGINFOD_URLS=https://debuginfod.ubuntu.com /usr/bin/cmake /home/sam/amr-simulation/ros2_ws/src/amr_slam -DCMAKE_INSTALL_PREFIX=/home/sam/amr-simulation/ros2_ws/install/amr_slam
[0.551s] Invoking command in '/home/sam/amr-simulation/ros2_ws/build/amr_slam': CMAKE_PREFIX_PATH=${CMAKE_PREFIX_PATH}:/opt/ros/jazzy DEBUGINFOD_URLS=https://debuginfod.ubuntu.com /usr/bin/cmake --build /home/sam/amr-simulation/ros2_ws/build/amr_slam -- -j14 -l14
[0.620s] Invoked command in '/home/sam/amr-simulation/ros2_ws/build/amr_slam' returned '0': CMAKE_PREFIX_PATH=${CMAKE_PREFIX_PATH}:/opt/ros/jazzy DEBUGINFOD_URLS=https://debuginfod.ubuntu.com /usr/bin/cmake --build /home/sam/amr-simulation/ros2_ws/build/amr_slam -- -j14 -l14
[0.636s] Invoking command in '/home/sam/amr-simulation/ros2_ws/build/amr_slam': CMAKE_PREFIX_PATH=${CMAKE_PREFIX_PATH}:/opt/ros/jazzy DEBUGINFOD_URLS=https://debuginfod.ubuntu.com /usr/bin/cmake --install /home/sam/amr-simulation/ros2_ws/build/amr_slam
[0.648s] -- Install configuration: ""
[0.649s] -- Execute custom install script
[0.649s] -- Symlinking: /home/sam/amr-simulation/ros2_ws/install/amr_slam/share/$(PROJECT_NAME)/config/mapper_params_online_async.yaml
[0.665s] -- Symlinking: /home/sam/amr-simulation/ros2_ws/install/amr_slam/share/$(PROJECT_NAME)/config/slam.lua
[0.683s] -- Symlinking: /home/sam/amr-simulation/ros2_ws/install/amr_slam/share/$(PROJECT_NAME)/launch/cartographer.launch.py
[0.700s] -- Symlinking: /home/sam/amr-simulation/ros2_ws/install/amr_slam/share/$(PROJECT_NAME)/launch/online_async_launch.py
[0.723s] -- Up-to-date symlink: /home/sam/amr-simulation/ros2_ws/install/amr_slam/share/ament_index/resource_index/package_run_dependencies/amr_slam
[0.723s] -- Up-to-date symlink: /home/sam/amr-simulation/ros2_ws/install/amr_slam/share/ament_index/resource_index/parent_prefix_path/amr_slam
[0.724s] -- Up-to-date symlink: /home/sam/amr-simulation/ros2_ws/install/amr_slam/share/amr_slam/environment/ament_prefix_path.sh
[0.724s] -- Up-to-date symlink: /home/sam/amr-simulation/ros2_ws/install/amr_slam/share/amr_slam/environment/ament_prefix_path.dsv
[0.724s] -- Up-to-date symlink: /home/sam/amr-simulation/ros2_ws/install/amr_slam/share/amr_slam/environment/path.sh
[0.725s] -- Up-to-date symlink: /home/sam/amr-simulation/ros2_ws/install/amr_slam/share/amr_slam/environment/path.dsv
[0.725s] -- Up-to-date symlink: /home/sam/amr-simulation/ros2_ws/install/amr_slam/share/amr_slam/local_setup.bash
[0.725s] -- Up-to-date symlink: /home/sam/amr-simulation/ros2_ws/install/amr_slam/share/amr_slam/local_setup.sh
[0.726s] -- Up-to-date symlink: /home/sam/amr-simulation/ros2_ws/install/amr_slam/share/amr_slam/local_setup.zsh
[0.726s] -- Up-to-date symlink: /home/sam/amr-simulation/ros2_ws/install/amr_slam/share/amr_slam/local_setup.dsv
[0.727s] -- Symlinking: /home/sam/amr-simulation/ros2_ws/install/amr_slam/share/amr_slam/package.dsv
[0.734s] -- Up-to-date symlink: /home/sam/amr-simulation/ros2_ws/install/amr_slam/share/ament_index/resource_index/packages/amr_slam
[0.734s] -- Up-to-date symlink: /home/sam/amr-simulation/ros2_ws/install/amr_slam/share/amr_slam/cmake/amr_slamConfig.cmake
[0.735s] -- Up-to-date symlink: /home/sam/amr-simulation/ros2_ws/install/amr_slam/share/amr_slam/cmake/amr_slamConfig-version.cmake
[0.735s] -- Up-to-date symlink: /home/sam/amr-simulation/ros2_ws/install/amr_slam/share/amr_slam/package.xml
[0.757s] Invoked command in '/home/sam/amr-simulation/ros2_ws/build/amr_slam' returned '0': CMAKE_PREFIX_PATH=${CMAKE_PREFIX_PATH}:/opt/ros/jazzy DEBUGINFOD_URLS=https://debuginfod.ubuntu.com /usr/bin/cmake --install /home/sam/amr-simulation/ros2_ws/build/amr_slam
