[0.034s] Invoking command in '/home/sam/amr-simulation/ros2_ws/build/amr_slam': CMAKE_PREFIX_PATH=${CMAKE_PREFIX_PATH}:/opt/ros/jazzy DEBUGINFOD_URLS=https://debuginfod.ubuntu.com /usr/bin/cmake --build /home/sam/amr-simulation/ros2_ws/build/amr_slam -- -j14 -l14
[0.075s] -- Found ament_cmake: 2.5.6 (/opt/ros/jazzy/share/ament_cmake/cmake)
[0.423s] -- Override CMake install command with custom implementation using symlinks instead of copying resources
[0.436s] -- Found ament_lint_auto: 0.17.5 (/opt/ros/jazzy/share/ament_lint_auto/cmake)
[0.583s] -- Added test 'flake8' to check Python code syntax and style conventions
[0.583s] -- Configured 'flake8' exclude dirs and/or files: 
[0.583s] -- Added test 'lint_cmake' to check CMake code style
[0.583s] -- Added test 'pep257' to check Python code against some of the docstring style conventions in PEP 257
[0.584s] -- Added test 'xmllint' to check XML markup files
[0.585s] -- Configuring done (0.5s)
[0.588s] -- Generating done (0.0s)
[0.589s] -- Build files have been written to: /home/sam/amr-simulation/ros2_ws/build/amr_slam
[0.628s] Invoked command in '/home/sam/amr-simulation/ros2_ws/build/amr_slam' returned '0': CMAKE_PREFIX_PATH=${CMAKE_PREFIX_PATH}:/opt/ros/jazzy DEBUGINFOD_URLS=https://debuginfod.ubuntu.com /usr/bin/cmake --build /home/sam/amr-simulation/ros2_ws/build/amr_slam -- -j14 -l14
[0.629s] Invoking command in '/home/sam/amr-simulation/ros2_ws/build/amr_slam': CMAKE_PREFIX_PATH=${CMAKE_PREFIX_PATH}:/opt/ros/jazzy DEBUGINFOD_URLS=https://debuginfod.ubuntu.com /usr/bin/cmake --install /home/sam/amr-simulation/ros2_ws/build/amr_slam
[0.647s] -- Install configuration: ""
[0.648s] -- Execute custom install script
[0.649s] -- Symlinking: /home/sam/amr-simulation/ros2_ws/install/amr_slam/share/amr_slam/config/mapper_params_online_async.yaml
[0.668s] -- Symlinking: /home/sam/amr-simulation/ros2_ws/install/amr_slam/share/amr_slam/config/slam.lua
[0.688s] -- Symlinking: /home/sam/amr-simulation/ros2_ws/install/amr_slam/share/amr_slam/launch/cartographer.launch.py
[0.707s] -- Symlinking: /home/sam/amr-simulation/ros2_ws/install/amr_slam/share/amr_slam/launch/online_async_launch.py
[0.726s] -- Up-to-date symlink: /home/sam/amr-simulation/ros2_ws/install/amr_slam/share/ament_index/resource_index/package_run_dependencies/amr_slam
[0.727s] -- Up-to-date symlink: /home/sam/amr-simulation/ros2_ws/install/amr_slam/share/ament_index/resource_index/parent_prefix_path/amr_slam
[0.727s] -- Up-to-date symlink: /home/sam/amr-simulation/ros2_ws/install/amr_slam/share/amr_slam/environment/ament_prefix_path.sh
[0.728s] -- Up-to-date symlink: /home/sam/amr-simulation/ros2_ws/install/amr_slam/share/amr_slam/environment/ament_prefix_path.dsv
[0.728s] -- Up-to-date symlink: /home/sam/amr-simulation/ros2_ws/install/amr_slam/share/amr_slam/environment/path.sh
[0.728s] -- Up-to-date symlink: /home/sam/amr-simulation/ros2_ws/install/amr_slam/share/amr_slam/environment/path.dsv
[0.728s] -- Up-to-date symlink: /home/sam/amr-simulation/ros2_ws/install/amr_slam/share/amr_slam/local_setup.bash
[0.729s] -- Up-to-date symlink: /home/sam/amr-simulation/ros2_ws/install/amr_slam/share/amr_slam/local_setup.sh
[0.729s] -- Up-to-date symlink: /home/sam/amr-simulation/ros2_ws/install/amr_slam/share/amr_slam/local_setup.zsh
[0.729s] -- Up-to-date symlink: /home/sam/amr-simulation/ros2_ws/install/amr_slam/share/amr_slam/local_setup.dsv
[0.729s] -- Symlinking: /home/sam/amr-simulation/ros2_ws/install/amr_slam/share/amr_slam/package.dsv
[0.745s] -- Up-to-date symlink: /home/sam/amr-simulation/ros2_ws/install/amr_slam/share/ament_index/resource_index/packages/amr_slam
[0.745s] -- Up-to-date symlink: /home/sam/amr-simulation/ros2_ws/install/amr_slam/share/amr_slam/cmake/amr_slamConfig.cmake
[0.745s] -- Up-to-date symlink: /home/sam/amr-simulation/ros2_ws/install/amr_slam/share/amr_slam/cmake/amr_slamConfig-version.cmake
[0.745s] -- Up-to-date symlink: /home/sam/amr-simulation/ros2_ws/install/amr_slam/share/amr_slam/package.xml
[0.750s] Invoked command in '/home/sam/amr-simulation/ros2_ws/build/amr_slam' returned '0': CMAKE_PREFIX_PATH=${CMAKE_PREFIX_PATH}:/opt/ros/jazzy DEBUGINFOD_URLS=https://debuginfod.ubuntu.com /usr/bin/cmake --install /home/sam/amr-simulation/ros2_ws/build/amr_slam
