[0.109s] DEBUG:colcon:Command line arguments: ['/usr/bin/colcon', 'build', '--symlink-install']
[0.109s] DEBUG:colcon:Parsed command line arguments: Namespace(log_base=None, log_level=None, verb_name='build', build_base='build', install_base='install', merge_install=False, symlink_install=True, test_result_base=None, continue_on_error=False, executor='parallel', parallel_workers=14, event_handlers=None, ignore_user_meta=False, metas=['./colcon.meta'], base_paths=['.'], packages_ignore=None, packages_ignore_regex=None, paths=None, packages_up_to=None, packages_up_to_regex=None, packages_above=None, packages_above_and_dependencies=None, packages_above_depth=None, packages_select_by_dep=None, packages_skip_by_dep=None, packages_skip_up_to=None, packages_select_build_failed=False, packages_skip_build_finished=False, packages_select_test_failures=False, packages_skip_test_passed=False, packages_select=None, packages_skip=None, packages_select_regex=None, packages_skip_regex=None, packages_start=None, packages_end=None, cmake_args=None, cmake_target=None, cmake_target_skip_unavailable=False, cmake_clean_cache=False, cmake_clean_first=False, cmake_force_configure=False, ament_cmake_args=None, catkin_cmake_args=None, catkin_skip_building_tests=False, verb_parser=<colcon_defaults.argument_parser.defaults.DefaultArgumentsDecorator object at 0x76e87b710a40>, verb_extension=<colcon_core.verb.build.BuildVerb object at 0x76e87b710800>, main=<bound method BuildVerb.main of <colcon_core.verb.build.BuildVerb object at 0x76e87b710800>>)
[0.145s] Level 1:colcon.colcon_core.package_discovery:discover_packages(colcon_meta) check parameters
[0.145s] Level 1:colcon.colcon_core.package_discovery:discover_packages(recursive) check parameters
[0.145s] Level 1:colcon.colcon_core.package_discovery:discover_packages(ignore) check parameters
[0.145s] Level 1:colcon.colcon_core.package_discovery:discover_packages(path) check parameters
[0.145s] Level 1:colcon.colcon_core.package_discovery:discover_packages(colcon_meta) discover
[0.145s] Level 1:colcon.colcon_core.package_discovery:discover_packages(recursive) discover
[0.145s] INFO:colcon.colcon_core.package_discovery:Crawling recursively for packages in '/home/sam/amr-simulation/ros2_ws'
[0.145s] Level 1:colcon.colcon_core.package_identification:_identify(.) by extensions ['ignore', 'ignore_ament_install']
[0.145s] Level 1:colcon.colcon_core.package_identification:_identify(.) by extension 'ignore'
[0.145s] Level 1:colcon.colcon_core.package_identification:_identify(.) by extension 'ignore_ament_install'
[0.145s] Level 1:colcon.colcon_core.package_identification:_identify(.) by extensions ['colcon_pkg']
[0.145s] Level 1:colcon.colcon_core.package_identification:_identify(.) by extension 'colcon_pkg'
[0.145s] Level 1:colcon.colcon_core.package_identification:_identify(.) by extensions ['colcon_meta']
[0.145s] Level 1:colcon.colcon_core.package_identification:_identify(.) by extension 'colcon_meta'
[0.145s] Level 1:colcon.colcon_core.package_identification:_identify(.) by extensions ['ros']
[0.145s] Level 1:colcon.colcon_core.package_identification:_identify(.) by extension 'ros'
[0.159s] Level 1:colcon.colcon_core.package_identification:_identify(.) by extensions ['cmake', 'python']
[0.159s] Level 1:colcon.colcon_core.package_identification:_identify(.) by extension 'cmake'
[0.159s] Level 1:colcon.colcon_core.package_identification:_identify(.) by extension 'python'
[0.159s] Level 1:colcon.colcon_core.package_identification:_identify(.) by extensions ['python_setup_py']
[0.159s] Level 1:colcon.colcon_core.package_identification:_identify(.) by extension 'python_setup_py'
[0.159s] Level 1:colcon.colcon_core.package_identification:_identify(build) by extensions ['ignore', 'ignore_ament_install']
[0.159s] Level 1:colcon.colcon_core.package_identification:_identify(build) by extension 'ignore'
[0.159s] Level 1:colcon.colcon_core.package_identification:_identify(build) ignored
[0.159s] Level 1:colcon.colcon_core.package_identification:_identify(install) by extensions ['ignore', 'ignore_ament_install']
[0.159s] Level 1:colcon.colcon_core.package_identification:_identify(install) by extension 'ignore'
[0.159s] Level 1:colcon.colcon_core.package_identification:_identify(install) ignored
[0.159s] Level 1:colcon.colcon_core.package_identification:_identify(log) by extensions ['ignore', 'ignore_ament_install']
[0.160s] Level 1:colcon.colcon_core.package_identification:_identify(log) by extension 'ignore'
[0.160s] Level 1:colcon.colcon_core.package_identification:_identify(log) ignored
[0.160s] Level 1:colcon.colcon_core.package_identification:_identify(src) by extensions ['ignore', 'ignore_ament_install']
[0.160s] Level 1:colcon.colcon_core.package_identification:_identify(src) by extension 'ignore'
[0.160s] Level 1:colcon.colcon_core.package_identification:_identify(src) by extension 'ignore_ament_install'
[0.160s] Level 1:colcon.colcon_core.package_identification:_identify(src) by extensions ['colcon_pkg']
[0.160s] Level 1:colcon.colcon_core.package_identification:_identify(src) by extension 'colcon_pkg'
[0.160s] Level 1:colcon.colcon_core.package_identification:_identify(src) by extensions ['colcon_meta']
[0.160s] Level 1:colcon.colcon_core.package_identification:_identify(src) by extension 'colcon_meta'
[0.160s] Level 1:colcon.colcon_core.package_identification:_identify(src) by extensions ['ros']
[0.160s] Level 1:colcon.colcon_core.package_identification:_identify(src) by extension 'ros'
[0.160s] Level 1:colcon.colcon_core.package_identification:_identify(src) by extensions ['cmake', 'python']
[0.160s] Level 1:colcon.colcon_core.package_identification:_identify(src) by extension 'cmake'
[0.160s] Level 1:colcon.colcon_core.package_identification:_identify(src) by extension 'python'
[0.160s] Level 1:colcon.colcon_core.package_identification:_identify(src) by extensions ['python_setup_py']
[0.160s] Level 1:colcon.colcon_core.package_identification:_identify(src) by extension 'python_setup_py'
[0.160s] Level 1:colcon.colcon_core.package_identification:_identify(src/amr_control) by extensions ['ignore', 'ignore_ament_install']
[0.160s] Level 1:colcon.colcon_core.package_identification:_identify(src/amr_control) by extension 'ignore'
[0.160s] Level 1:colcon.colcon_core.package_identification:_identify(src/amr_control) by extension 'ignore_ament_install'
[0.160s] Level 1:colcon.colcon_core.package_identification:_identify(src/amr_control) by extensions ['colcon_pkg']
[0.160s] Level 1:colcon.colcon_core.package_identification:_identify(src/amr_control) by extension 'colcon_pkg'
[0.160s] Level 1:colcon.colcon_core.package_identification:_identify(src/amr_control) by extensions ['colcon_meta']
[0.160s] Level 1:colcon.colcon_core.package_identification:_identify(src/amr_control) by extension 'colcon_meta'
[0.160s] Level 1:colcon.colcon_core.package_identification:_identify(src/amr_control) by extensions ['ros']
[0.160s] Level 1:colcon.colcon_core.package_identification:_identify(src/amr_control) by extension 'ros'
[0.162s] DEBUG:colcon.colcon_core.package_identification:Package 'src/amr_control' with type 'ros.ament_cmake' and name 'amr_control'
[0.162s] Level 1:colcon.colcon_core.package_identification:_identify(src/amr_description) by extensions ['ignore', 'ignore_ament_install']
[0.162s] Level 1:colcon.colcon_core.package_identification:_identify(src/amr_description) by extension 'ignore'
[0.162s] Level 1:colcon.colcon_core.package_identification:_identify(src/amr_description) by extension 'ignore_ament_install'
[0.162s] Level 1:colcon.colcon_core.package_identification:_identify(src/amr_description) by extensions ['colcon_pkg']
[0.162s] Level 1:colcon.colcon_core.package_identification:_identify(src/amr_description) by extension 'colcon_pkg'
[0.162s] Level 1:colcon.colcon_core.package_identification:_identify(src/amr_description) by extensions ['colcon_meta']
[0.162s] Level 1:colcon.colcon_core.package_identification:_identify(src/amr_description) by extension 'colcon_meta'
[0.162s] Level 1:colcon.colcon_core.package_identification:_identify(src/amr_description) by extensions ['ros']
[0.162s] Level 1:colcon.colcon_core.package_identification:_identify(src/amr_description) by extension 'ros'
[0.162s] DEBUG:colcon.colcon_core.package_identification:Package 'src/amr_description' with type 'ros.ament_cmake' and name 'amr_description'
[0.162s] Level 1:colcon.colcon_core.package_identification:_identify(src/amr_slam) by extensions ['ignore', 'ignore_ament_install']
[0.162s] Level 1:colcon.colcon_core.package_identification:_identify(src/amr_slam) by extension 'ignore'
[0.162s] Level 1:colcon.colcon_core.package_identification:_identify(src/amr_slam) by extension 'ignore_ament_install'
[0.162s] Level 1:colcon.colcon_core.package_identification:_identify(src/amr_slam) by extensions ['colcon_pkg']
[0.162s] Level 1:colcon.colcon_core.package_identification:_identify(src/amr_slam) by extension 'colcon_pkg'
[0.162s] Level 1:colcon.colcon_core.package_identification:_identify(src/amr_slam) by extensions ['colcon_meta']
[0.162s] Level 1:colcon.colcon_core.package_identification:_identify(src/amr_slam) by extension 'colcon_meta'
[0.162s] Level 1:colcon.colcon_core.package_identification:_identify(src/amr_slam) by extensions ['ros']
[0.163s] Level 1:colcon.colcon_core.package_identification:_identify(src/amr_slam) by extension 'ros'
[0.163s] DEBUG:colcon.colcon_core.package_identification:Package 'src/amr_slam' with type 'ros.ament_cmake' and name 'amr_slam'
[0.163s] Level 1:colcon.colcon_core.package_discovery:discover_packages(recursive) using defaults
[0.163s] Level 1:colcon.colcon_core.package_discovery:discover_packages(ignore) discover
[0.163s] Level 1:colcon.colcon_core.package_discovery:discover_packages(ignore) using defaults
[0.163s] Level 1:colcon.colcon_core.package_discovery:discover_packages(path) discover
[0.163s] Level 1:colcon.colcon_core.package_discovery:discover_packages(path) using defaults
[0.173s] Level 5:colcon.colcon_core.verb:set package 'amr_control' build argument 'cmake_args' from command line to 'None'
[0.173s] Level 5:colcon.colcon_core.verb:set package 'amr_control' build argument 'cmake_target' from command line to 'None'
[0.173s] Level 5:colcon.colcon_core.verb:set package 'amr_control' build argument 'cmake_target_skip_unavailable' from command line to 'False'
[0.173s] Level 5:colcon.colcon_core.verb:set package 'amr_control' build argument 'cmake_clean_cache' from command line to 'False'
[0.173s] Level 5:colcon.colcon_core.verb:set package 'amr_control' build argument 'cmake_clean_first' from command line to 'False'
[0.173s] Level 5:colcon.colcon_core.verb:set package 'amr_control' build argument 'cmake_force_configure' from command line to 'False'
[0.173s] Level 5:colcon.colcon_core.verb:set package 'amr_control' build argument 'ament_cmake_args' from command line to 'None'
[0.173s] Level 5:colcon.colcon_core.verb:set package 'amr_control' build argument 'catkin_cmake_args' from command line to 'None'
[0.173s] Level 5:colcon.colcon_core.verb:set package 'amr_control' build argument 'catkin_skip_building_tests' from command line to 'False'
[0.173s] DEBUG:colcon.colcon_core.verb:Building package 'amr_control' with the following arguments: {'ament_cmake_args': None, 'build_base': '/home/sam/amr-simulation/ros2_ws/build/amr_control', 'catkin_cmake_args': None, 'catkin_skip_building_tests': False, 'cmake_args': None, 'cmake_clean_cache': False, 'cmake_clean_first': False, 'cmake_force_configure': False, 'cmake_target': None, 'cmake_target_skip_unavailable': False, 'install_base': '/home/sam/amr-simulation/ros2_ws/install/amr_control', 'merge_install': False, 'path': '/home/sam/amr-simulation/ros2_ws/src/amr_control', 'symlink_install': True, 'test_result_base': None}
[0.173s] Level 5:colcon.colcon_core.verb:set package 'amr_description' build argument 'cmake_args' from command line to 'None'
[0.173s] Level 5:colcon.colcon_core.verb:set package 'amr_description' build argument 'cmake_target' from command line to 'None'
[0.173s] Level 5:colcon.colcon_core.verb:set package 'amr_description' build argument 'cmake_target_skip_unavailable' from command line to 'False'
[0.173s] Level 5:colcon.colcon_core.verb:set package 'amr_description' build argument 'cmake_clean_cache' from command line to 'False'
[0.173s] Level 5:colcon.colcon_core.verb:set package 'amr_description' build argument 'cmake_clean_first' from command line to 'False'
[0.173s] Level 5:colcon.colcon_core.verb:set package 'amr_description' build argument 'cmake_force_configure' from command line to 'False'
[0.173s] Level 5:colcon.colcon_core.verb:set package 'amr_description' build argument 'ament_cmake_args' from command line to 'None'
[0.173s] Level 5:colcon.colcon_core.verb:set package 'amr_description' build argument 'catkin_cmake_args' from command line to 'None'
[0.173s] Level 5:colcon.colcon_core.verb:set package 'amr_description' build argument 'catkin_skip_building_tests' from command line to 'False'
[0.173s] DEBUG:colcon.colcon_core.verb:Building package 'amr_description' with the following arguments: {'ament_cmake_args': None, 'build_base': '/home/sam/amr-simulation/ros2_ws/build/amr_description', 'catkin_cmake_args': None, 'catkin_skip_building_tests': False, 'cmake_args': None, 'cmake_clean_cache': False, 'cmake_clean_first': False, 'cmake_force_configure': False, 'cmake_target': None, 'cmake_target_skip_unavailable': False, 'install_base': '/home/sam/amr-simulation/ros2_ws/install/amr_description', 'merge_install': False, 'path': '/home/sam/amr-simulation/ros2_ws/src/amr_description', 'symlink_install': True, 'test_result_base': None}
[0.173s] Level 5:colcon.colcon_core.verb:set package 'amr_slam' build argument 'cmake_args' from command line to 'None'
[0.173s] Level 5:colcon.colcon_core.verb:set package 'amr_slam' build argument 'cmake_target' from command line to 'None'
[0.173s] Level 5:colcon.colcon_core.verb:set package 'amr_slam' build argument 'cmake_target_skip_unavailable' from command line to 'False'
[0.173s] Level 5:colcon.colcon_core.verb:set package 'amr_slam' build argument 'cmake_clean_cache' from command line to 'False'
[0.173s] Level 5:colcon.colcon_core.verb:set package 'amr_slam' build argument 'cmake_clean_first' from command line to 'False'
[0.173s] Level 5:colcon.colcon_core.verb:set package 'amr_slam' build argument 'cmake_force_configure' from command line to 'False'
[0.173s] Level 5:colcon.colcon_core.verb:set package 'amr_slam' build argument 'ament_cmake_args' from command line to 'None'
[0.173s] Level 5:colcon.colcon_core.verb:set package 'amr_slam' build argument 'catkin_cmake_args' from command line to 'None'
[0.173s] Level 5:colcon.colcon_core.verb:set package 'amr_slam' build argument 'catkin_skip_building_tests' from command line to 'False'
[0.173s] DEBUG:colcon.colcon_core.verb:Building package 'amr_slam' with the following arguments: {'ament_cmake_args': None, 'build_base': '/home/sam/amr-simulation/ros2_ws/build/amr_slam', 'catkin_cmake_args': None, 'catkin_skip_building_tests': False, 'cmake_args': None, 'cmake_clean_cache': False, 'cmake_clean_first': False, 'cmake_force_configure': False, 'cmake_target': None, 'cmake_target_skip_unavailable': False, 'install_base': '/home/sam/amr-simulation/ros2_ws/install/amr_slam', 'merge_install': False, 'path': '/home/sam/amr-simulation/ros2_ws/src/amr_slam', 'symlink_install': True, 'test_result_base': None}
[0.173s] INFO:colcon.colcon_core.executor:Executing jobs using 'parallel' executor
[0.175s] DEBUG:colcon.colcon_parallel_executor.executor.parallel:run_until_complete
[0.175s] INFO:colcon.colcon_ros.task.ament_cmake.build:Building ROS package in '/home/sam/amr-simulation/ros2_ws/src/amr_control' with build type 'ament_cmake'
[0.175s] INFO:colcon.colcon_cmake.task.cmake.build:Building CMake package in '/home/sam/amr-simulation/ros2_ws/src/amr_control'
[0.178s] INFO:colcon.colcon_core.plugin_system:Skipping extension 'colcon_core.shell.bat': Not used on non-Windows systems
[0.178s] DEBUG:colcon.colcon_core.shell:Skip shell extension 'dsv' for command environment
[0.182s] INFO:colcon.colcon_ros.task.ament_cmake.build:Building ROS package in '/home/sam/amr-simulation/ros2_ws/src/amr_description' with build type 'ament_cmake'
[0.182s] INFO:colcon.colcon_cmake.task.cmake.build:Building CMake package in '/home/sam/amr-simulation/ros2_ws/src/amr_description'
[0.182s] DEBUG:colcon.colcon_core.shell:Skip shell extension 'dsv' for command environment
[0.184s] INFO:colcon.colcon_ros.task.ament_cmake.build:Building ROS package in '/home/sam/amr-simulation/ros2_ws/src/amr_slam' with build type 'ament_cmake'
[0.184s] INFO:colcon.colcon_cmake.task.cmake.build:Building CMake package in '/home/sam/amr-simulation/ros2_ws/src/amr_slam'
[0.184s] DEBUG:colcon.colcon_core.shell:Skip shell extension 'dsv' for command environment
[0.191s] DEBUG:colcon.colcon_core.event_handler.log_command:Invoking command in '/home/sam/amr-simulation/ros2_ws/build/amr_control': CMAKE_PREFIX_PATH=${CMAKE_PREFIX_PATH}:/opt/ros/jazzy DEBUGINFOD_URLS=https://debuginfod.ubuntu.com /usr/bin/cmake /home/sam/amr-simulation/ros2_ws/src/amr_control -DAMENT_CMAKE_SYMLINK_INSTALL=1 -DCMAKE_INSTALL_PREFIX=/home/sam/amr-simulation/ros2_ws/install/amr_control
[0.197s] DEBUG:colcon.colcon_core.event_handler.log_command:Invoking command in '/home/sam/amr-simulation/ros2_ws/build/amr_description': CMAKE_PREFIX_PATH=${CMAKE_PREFIX_PATH}:/opt/ros/jazzy DEBUGINFOD_URLS=https://debuginfod.ubuntu.com /usr/bin/cmake /home/sam/amr-simulation/ros2_ws/src/amr_description -DAMENT_CMAKE_SYMLINK_INSTALL=1 -DCMAKE_INSTALL_PREFIX=/home/sam/amr-simulation/ros2_ws/install/amr_description
[0.199s] DEBUG:colcon.colcon_core.event_handler.log_command:Invoking command in '/home/sam/amr-simulation/ros2_ws/build/amr_slam': CMAKE_PREFIX_PATH=${CMAKE_PREFIX_PATH}:/opt/ros/jazzy DEBUGINFOD_URLS=https://debuginfod.ubuntu.com /usr/bin/cmake /home/sam/amr-simulation/ros2_ws/src/amr_slam -DAMENT_CMAKE_SYMLINK_INSTALL=1 -DCMAKE_INSTALL_PREFIX=/home/sam/amr-simulation/ros2_ws/install/amr_slam
[0.595s] DEBUG:colcon.colcon_core.event_handler.log_command:Invoked command in '/home/sam/amr-simulation/ros2_ws/build/amr_control' returned '0': CMAKE_PREFIX_PATH=${CMAKE_PREFIX_PATH}:/opt/ros/jazzy DEBUGINFOD_URLS=https://debuginfod.ubuntu.com /usr/bin/cmake /home/sam/amr-simulation/ros2_ws/src/amr_control -DAMENT_CMAKE_SYMLINK_INSTALL=1 -DCMAKE_INSTALL_PREFIX=/home/sam/amr-simulation/ros2_ws/install/amr_control
[0.596s] DEBUG:colcon.colcon_core.event_handler.log_command:Invoking command in '/home/sam/amr-simulation/ros2_ws/build/amr_control': CMAKE_PREFIX_PATH=${CMAKE_PREFIX_PATH}:/opt/ros/jazzy DEBUGINFOD_URLS=https://debuginfod.ubuntu.com /usr/bin/cmake --build /home/sam/amr-simulation/ros2_ws/build/amr_control -- -j14 -l14
[0.618s] DEBUG:colcon.colcon_core.event_handler.log_command:Invoked command in '/home/sam/amr-simulation/ros2_ws/build/amr_description' returned '0': CMAKE_PREFIX_PATH=${CMAKE_PREFIX_PATH}:/opt/ros/jazzy DEBUGINFOD_URLS=https://debuginfod.ubuntu.com /usr/bin/cmake /home/sam/amr-simulation/ros2_ws/src/amr_description -DAMENT_CMAKE_SYMLINK_INSTALL=1 -DCMAKE_INSTALL_PREFIX=/home/sam/amr-simulation/ros2_ws/install/amr_description
[0.618s] DEBUG:colcon.colcon_core.event_handler.log_command:Invoking command in '/home/sam/amr-simulation/ros2_ws/build/amr_description': CMAKE_PREFIX_PATH=${CMAKE_PREFIX_PATH}:/opt/ros/jazzy DEBUGINFOD_URLS=https://debuginfod.ubuntu.com /usr/bin/cmake --build /home/sam/amr-simulation/ros2_ws/build/amr_description -- -j14 -l14
[0.644s] DEBUG:colcon.colcon_core.event_handler.log_command:Invoked command in '/home/sam/amr-simulation/ros2_ws/build/amr_control' returned '0': CMAKE_PREFIX_PATH=${CMAKE_PREFIX_PATH}:/opt/ros/jazzy DEBUGINFOD_URLS=https://debuginfod.ubuntu.com /usr/bin/cmake --build /home/sam/amr-simulation/ros2_ws/build/amr_control -- -j14 -l14
[0.652s] DEBUG:colcon.colcon_core.event_handler.log_command:Invoking command in '/home/sam/amr-simulation/ros2_ws/build/amr_control': CMAKE_PREFIX_PATH=${CMAKE_PREFIX_PATH}:/opt/ros/jazzy DEBUGINFOD_URLS=https://debuginfod.ubuntu.com /usr/bin/cmake --install /home/sam/amr-simulation/ros2_ws/build/amr_control
[0.659s] DEBUG:colcon.colcon_core.event_handler.log_command:Invoked command in '/home/sam/amr-simulation/ros2_ws/build/amr_description' returned '0': CMAKE_PREFIX_PATH=${CMAKE_PREFIX_PATH}:/opt/ros/jazzy DEBUGINFOD_URLS=https://debuginfod.ubuntu.com /usr/bin/cmake --build /home/sam/amr-simulation/ros2_ws/build/amr_description -- -j14 -l14
[0.661s] DEBUG:colcon.colcon_core.event_handler.log_command:Invoking command in '/home/sam/amr-simulation/ros2_ws/build/amr_description': CMAKE_PREFIX_PATH=${CMAKE_PREFIX_PATH}:/opt/ros/jazzy DEBUGINFOD_URLS=https://debuginfod.ubuntu.com /usr/bin/cmake --install /home/sam/amr-simulation/ros2_ws/build/amr_description
[0.674s] Level 1:colcon.colcon_core.environment:create_environment_scripts_only(amr_control)
[0.675s] DEBUG:colcon.colcon_core.event_handler.log_command:Invoked command in '/home/sam/amr-simulation/ros2_ws/build/amr_control' returned '0': CMAKE_PREFIX_PATH=${CMAKE_PREFIX_PATH}:/opt/ros/jazzy DEBUGINFOD_URLS=https://debuginfod.ubuntu.com /usr/bin/cmake --install /home/sam/amr-simulation/ros2_ws/build/amr_control
[0.681s] Level 1:colcon.colcon_core.environment:checking '/home/sam/amr-simulation/ros2_ws/install/amr_control' for CMake module files
[0.682s] Level 1:colcon.colcon_core.environment:checking '/home/sam/amr-simulation/ros2_ws/install/amr_control' for CMake config files
[0.682s] Level 1:colcon.colcon_core.shell:create_environment_hook('amr_control', 'cmake_prefix_path')
[0.683s] INFO:colcon.colcon_core.shell:Creating environment descriptor '/home/sam/amr-simulation/ros2_ws/install/amr_control/share/amr_control/hook/cmake_prefix_path.dsv'
[0.684s] INFO:colcon.colcon_core.shell:Creating environment hook '/home/sam/amr-simulation/ros2_ws/install/amr_control/share/amr_control/hook/cmake_prefix_path.sh'
[0.690s] Level 1:colcon.colcon_core.environment:checking '/home/sam/amr-simulation/ros2_ws/install/amr_control/bin'
[0.691s] Level 1:colcon.colcon_core.environment:checking '/home/sam/amr-simulation/ros2_ws/install/amr_control/lib/pkgconfig/amr_control.pc'
[0.698s] Level 1:colcon.colcon_core.environment:checking '/home/sam/amr-simulation/ros2_ws/install/amr_control/lib/python3.12/site-packages'
[0.699s] Level 1:colcon.colcon_core.environment:checking '/home/sam/amr-simulation/ros2_ws/install/amr_control/bin'
[0.700s] INFO:colcon.colcon_core.shell:Creating package descriptor '/home/sam/amr-simulation/ros2_ws/install/amr_control/share/amr_control/package.dsv'
[0.703s] INFO:colcon.colcon_core.shell:Creating package script '/home/sam/amr-simulation/ros2_ws/install/amr_control/share/amr_control/package.sh'
[0.705s] INFO:colcon.colcon_core.shell:Creating package script '/home/sam/amr-simulation/ros2_ws/install/amr_control/share/amr_control/package.bash'
[0.707s] INFO:colcon.colcon_core.shell:Creating package script '/home/sam/amr-simulation/ros2_ws/install/amr_control/share/amr_control/package.zsh'
[0.709s] Level 1:colcon.colcon_core.environment:create_file_with_runtime_dependencies(/home/sam/amr-simulation/ros2_ws/install/amr_control/share/colcon-core/packages/amr_control)
[0.710s] Level 1:colcon.colcon_core.environment:create_environment_scripts_only(amr_control)
[0.711s] Level 1:colcon.colcon_core.environment:checking '/home/sam/amr-simulation/ros2_ws/install/amr_control' for CMake module files
[0.711s] Level 1:colcon.colcon_core.environment:checking '/home/sam/amr-simulation/ros2_ws/install/amr_control' for CMake config files
[0.712s] Level 1:colcon.colcon_core.shell:create_environment_hook('amr_control', 'cmake_prefix_path')
[0.712s] INFO:colcon.colcon_core.shell:Creating environment descriptor '/home/sam/amr-simulation/ros2_ws/install/amr_control/share/amr_control/hook/cmake_prefix_path.dsv'
[0.714s] INFO:colcon.colcon_core.shell:Creating environment hook '/home/sam/amr-simulation/ros2_ws/install/amr_control/share/amr_control/hook/cmake_prefix_path.sh'
[0.715s] Level 1:colcon.colcon_core.environment:checking '/home/sam/amr-simulation/ros2_ws/install/amr_control/bin'
[0.715s] Level 1:colcon.colcon_core.environment:checking '/home/sam/amr-simulation/ros2_ws/install/amr_control/lib/pkgconfig/amr_control.pc'
[0.716s] Level 1:colcon.colcon_core.environment:checking '/home/sam/amr-simulation/ros2_ws/install/amr_control/lib/python3.12/site-packages'
[0.716s] Level 1:colcon.colcon_core.environment:checking '/home/sam/amr-simulation/ros2_ws/install/amr_control/bin'
[0.717s] INFO:colcon.colcon_core.shell:Creating package descriptor '/home/sam/amr-simulation/ros2_ws/install/amr_control/share/amr_control/package.dsv'
[0.718s] INFO:colcon.colcon_core.shell:Creating package script '/home/sam/amr-simulation/ros2_ws/install/amr_control/share/amr_control/package.sh'
[0.720s] INFO:colcon.colcon_core.shell:Creating package script '/home/sam/amr-simulation/ros2_ws/install/amr_control/share/amr_control/package.bash'
[0.721s] INFO:colcon.colcon_core.shell:Creating package script '/home/sam/amr-simulation/ros2_ws/install/amr_control/share/amr_control/package.zsh'
[0.722s] Level 1:colcon.colcon_core.environment:create_file_with_runtime_dependencies(/home/sam/amr-simulation/ros2_ws/install/amr_control/share/colcon-core/packages/amr_control)
[0.725s] Level 1:colcon.colcon_core.environment:create_environment_scripts_only(amr_description)
[0.725s] Level 1:colcon.colcon_core.environment:checking '/home/sam/amr-simulation/ros2_ws/install/amr_description' for CMake module files
[0.726s] DEBUG:colcon.colcon_core.event_handler.log_command:Invoked command in '/home/sam/amr-simulation/ros2_ws/build/amr_description' returned '0': CMAKE_PREFIX_PATH=${CMAKE_PREFIX_PATH}:/opt/ros/jazzy DEBUGINFOD_URLS=https://debuginfod.ubuntu.com /usr/bin/cmake --install /home/sam/amr-simulation/ros2_ws/build/amr_description
[0.726s] Level 1:colcon.colcon_core.environment:checking '/home/sam/amr-simulation/ros2_ws/install/amr_description' for CMake config files
[0.727s] Level 1:colcon.colcon_core.shell:create_environment_hook('amr_description', 'cmake_prefix_path')
[0.727s] INFO:colcon.colcon_core.shell:Creating environment descriptor '/home/sam/amr-simulation/ros2_ws/install/amr_description/share/amr_description/hook/cmake_prefix_path.dsv'
[0.728s] INFO:colcon.colcon_core.shell:Creating environment hook '/home/sam/amr-simulation/ros2_ws/install/amr_description/share/amr_description/hook/cmake_prefix_path.sh'
[0.729s] Level 1:colcon.colcon_core.environment:checking '/home/sam/amr-simulation/ros2_ws/install/amr_description/bin'
[0.729s] Level 1:colcon.colcon_core.environment:checking '/home/sam/amr-simulation/ros2_ws/install/amr_description/lib/pkgconfig/amr_description.pc'
[0.730s] Level 1:colcon.colcon_core.environment:checking '/home/sam/amr-simulation/ros2_ws/install/amr_description/lib/python3.12/site-packages'
[0.730s] Level 1:colcon.colcon_core.environment:checking '/home/sam/amr-simulation/ros2_ws/install/amr_description/bin'
[0.730s] INFO:colcon.colcon_core.shell:Creating package descriptor '/home/sam/amr-simulation/ros2_ws/install/amr_description/share/amr_description/package.dsv'
[0.731s] INFO:colcon.colcon_core.shell:Creating package script '/home/sam/amr-simulation/ros2_ws/install/amr_description/share/amr_description/package.sh'
[0.731s] INFO:colcon.colcon_core.shell:Creating package script '/home/sam/amr-simulation/ros2_ws/install/amr_description/share/amr_description/package.bash'
[0.732s] INFO:colcon.colcon_core.shell:Creating package script '/home/sam/amr-simulation/ros2_ws/install/amr_description/share/amr_description/package.zsh'
[0.732s] Level 1:colcon.colcon_core.environment:create_file_with_runtime_dependencies(/home/sam/amr-simulation/ros2_ws/install/amr_description/share/colcon-core/packages/amr_description)
[0.733s] Level 1:colcon.colcon_core.environment:create_environment_scripts_only(amr_description)
[0.733s] Level 1:colcon.colcon_core.environment:checking '/home/sam/amr-simulation/ros2_ws/install/amr_description' for CMake module files
[0.733s] Level 1:colcon.colcon_core.environment:checking '/home/sam/amr-simulation/ros2_ws/install/amr_description' for CMake config files
[0.734s] Level 1:colcon.colcon_core.shell:create_environment_hook('amr_description', 'cmake_prefix_path')
[0.734s] INFO:colcon.colcon_core.shell:Creating environment descriptor '/home/sam/amr-simulation/ros2_ws/install/amr_description/share/amr_description/hook/cmake_prefix_path.dsv'
[0.735s] INFO:colcon.colcon_core.shell:Creating environment hook '/home/sam/amr-simulation/ros2_ws/install/amr_description/share/amr_description/hook/cmake_prefix_path.sh'
[0.735s] Level 1:colcon.colcon_core.environment:checking '/home/sam/amr-simulation/ros2_ws/install/amr_description/bin'
[0.735s] Level 1:colcon.colcon_core.environment:checking '/home/sam/amr-simulation/ros2_ws/install/amr_description/lib/pkgconfig/amr_description.pc'
[0.736s] Level 1:colcon.colcon_core.environment:checking '/home/sam/amr-simulation/ros2_ws/install/amr_description/lib/python3.12/site-packages'
[0.736s] Level 1:colcon.colcon_core.environment:checking '/home/sam/amr-simulation/ros2_ws/install/amr_description/bin'
[0.736s] INFO:colcon.colcon_core.shell:Creating package descriptor '/home/sam/amr-simulation/ros2_ws/install/amr_description/share/amr_description/package.dsv'
[0.737s] INFO:colcon.colcon_core.shell:Creating package script '/home/sam/amr-simulation/ros2_ws/install/amr_description/share/amr_description/package.sh'
[0.737s] INFO:colcon.colcon_core.shell:Creating package script '/home/sam/amr-simulation/ros2_ws/install/amr_description/share/amr_description/package.bash'
[0.738s] INFO:colcon.colcon_core.shell:Creating package script '/home/sam/amr-simulation/ros2_ws/install/amr_description/share/amr_description/package.zsh'
[0.738s] Level 1:colcon.colcon_core.environment:create_file_with_runtime_dependencies(/home/sam/amr-simulation/ros2_ws/install/amr_description/share/colcon-core/packages/amr_description)
[1.334s] DEBUG:colcon.colcon_core.event_handler.log_command:Invoked command in '/home/sam/amr-simulation/ros2_ws/build/amr_slam' returned '0': CMAKE_PREFIX_PATH=${CMAKE_PREFIX_PATH}:/opt/ros/jazzy DEBUGINFOD_URLS=https://debuginfod.ubuntu.com /usr/bin/cmake /home/sam/amr-simulation/ros2_ws/src/amr_slam -DAMENT_CMAKE_SYMLINK_INSTALL=1 -DCMAKE_INSTALL_PREFIX=/home/sam/amr-simulation/ros2_ws/install/amr_slam
[1.335s] DEBUG:colcon.colcon_core.event_handler.log_command:Invoking command in '/home/sam/amr-simulation/ros2_ws/build/amr_slam': CMAKE_PREFIX_PATH=${CMAKE_PREFIX_PATH}:/opt/ros/jazzy DEBUGINFOD_URLS=https://debuginfod.ubuntu.com /usr/bin/cmake --build /home/sam/amr-simulation/ros2_ws/build/amr_slam -- -j14 -l14
[1.400s] DEBUG:colcon.colcon_core.event_handler.log_command:Invoked command in '/home/sam/amr-simulation/ros2_ws/build/amr_slam' returned '0': CMAKE_PREFIX_PATH=${CMAKE_PREFIX_PATH}:/opt/ros/jazzy DEBUGINFOD_URLS=https://debuginfod.ubuntu.com /usr/bin/cmake --build /home/sam/amr-simulation/ros2_ws/build/amr_slam -- -j14 -l14
[1.402s] DEBUG:colcon.colcon_core.event_handler.log_command:Invoking command in '/home/sam/amr-simulation/ros2_ws/build/amr_slam': CMAKE_PREFIX_PATH=${CMAKE_PREFIX_PATH}:/opt/ros/jazzy DEBUGINFOD_URLS=https://debuginfod.ubuntu.com /usr/bin/cmake --install /home/sam/amr-simulation/ros2_ws/build/amr_slam
[1.573s] Level 1:colcon.colcon_core.environment:create_environment_scripts_only(amr_slam)
[1.573s] Level 1:colcon.colcon_core.environment:checking '/home/sam/amr-simulation/ros2_ws/install/amr_slam' for CMake module files
[1.574s] DEBUG:colcon.colcon_core.event_handler.log_command:Invoked command in '/home/sam/amr-simulation/ros2_ws/build/amr_slam' returned '0': CMAKE_PREFIX_PATH=${CMAKE_PREFIX_PATH}:/opt/ros/jazzy DEBUGINFOD_URLS=https://debuginfod.ubuntu.com /usr/bin/cmake --install /home/sam/amr-simulation/ros2_ws/build/amr_slam
[1.574s] Level 1:colcon.colcon_core.environment:checking '/home/sam/amr-simulation/ros2_ws/install/amr_slam' for CMake config files
[1.575s] Level 1:colcon.colcon_core.shell:create_environment_hook('amr_slam', 'cmake_prefix_path')
[1.575s] INFO:colcon.colcon_core.shell:Creating environment descriptor '/home/sam/amr-simulation/ros2_ws/install/amr_slam/share/amr_slam/hook/cmake_prefix_path.dsv'
[1.576s] INFO:colcon.colcon_core.shell:Creating environment hook '/home/sam/amr-simulation/ros2_ws/install/amr_slam/share/amr_slam/hook/cmake_prefix_path.sh'
[1.577s] Level 1:colcon.colcon_core.environment:checking '/home/sam/amr-simulation/ros2_ws/install/amr_slam/bin'
[1.577s] Level 1:colcon.colcon_core.environment:checking '/home/sam/amr-simulation/ros2_ws/install/amr_slam/lib/pkgconfig/amr_slam.pc'
[1.577s] Level 1:colcon.colcon_core.environment:checking '/home/sam/amr-simulation/ros2_ws/install/amr_slam/lib/python3.12/site-packages'
[1.578s] Level 1:colcon.colcon_core.environment:checking '/home/sam/amr-simulation/ros2_ws/install/amr_slam/bin'
[1.578s] INFO:colcon.colcon_core.shell:Creating package descriptor '/home/sam/amr-simulation/ros2_ws/install/amr_slam/share/amr_slam/package.dsv'
[1.579s] INFO:colcon.colcon_core.shell:Creating package script '/home/sam/amr-simulation/ros2_ws/install/amr_slam/share/amr_slam/package.sh'
[1.579s] INFO:colcon.colcon_core.shell:Creating package script '/home/sam/amr-simulation/ros2_ws/install/amr_slam/share/amr_slam/package.bash'
[1.580s] INFO:colcon.colcon_core.shell:Creating package script '/home/sam/amr-simulation/ros2_ws/install/amr_slam/share/amr_slam/package.zsh'
[1.580s] Level 1:colcon.colcon_core.environment:create_file_with_runtime_dependencies(/home/sam/amr-simulation/ros2_ws/install/amr_slam/share/colcon-core/packages/amr_slam)
[1.580s] Level 1:colcon.colcon_core.environment:create_environment_scripts_only(amr_slam)
[1.581s] Level 1:colcon.colcon_core.environment:checking '/home/sam/amr-simulation/ros2_ws/install/amr_slam' for CMake module files
[1.581s] Level 1:colcon.colcon_core.environment:checking '/home/sam/amr-simulation/ros2_ws/install/amr_slam' for CMake config files
[1.581s] Level 1:colcon.colcon_core.shell:create_environment_hook('amr_slam', 'cmake_prefix_path')
[1.582s] INFO:colcon.colcon_core.shell:Creating environment descriptor '/home/sam/amr-simulation/ros2_ws/install/amr_slam/share/amr_slam/hook/cmake_prefix_path.dsv'
[1.582s] INFO:colcon.colcon_core.shell:Creating environment hook '/home/sam/amr-simulation/ros2_ws/install/amr_slam/share/amr_slam/hook/cmake_prefix_path.sh'
[1.583s] Level 1:colcon.colcon_core.environment:checking '/home/sam/amr-simulation/ros2_ws/install/amr_slam/bin'
[1.583s] Level 1:colcon.colcon_core.environment:checking '/home/sam/amr-simulation/ros2_ws/install/amr_slam/lib/pkgconfig/amr_slam.pc'
[1.583s] Level 1:colcon.colcon_core.environment:checking '/home/sam/amr-simulation/ros2_ws/install/amr_slam/lib/python3.12/site-packages'
[1.584s] Level 1:colcon.colcon_core.environment:checking '/home/sam/amr-simulation/ros2_ws/install/amr_slam/bin'
[1.584s] INFO:colcon.colcon_core.shell:Creating package descriptor '/home/sam/amr-simulation/ros2_ws/install/amr_slam/share/amr_slam/package.dsv'
[1.585s] INFO:colcon.colcon_core.shell:Creating package script '/home/sam/amr-simulation/ros2_ws/install/amr_slam/share/amr_slam/package.sh'
[1.585s] INFO:colcon.colcon_core.shell:Creating package script '/home/sam/amr-simulation/ros2_ws/install/amr_slam/share/amr_slam/package.bash'
[1.585s] INFO:colcon.colcon_core.shell:Creating package script '/home/sam/amr-simulation/ros2_ws/install/amr_slam/share/amr_slam/package.zsh'
[1.586s] Level 1:colcon.colcon_core.environment:create_file_with_runtime_dependencies(/home/sam/amr-simulation/ros2_ws/install/amr_slam/share/colcon-core/packages/amr_slam)
[1.586s] DEBUG:colcon.colcon_parallel_executor.executor.parallel:closing loop
[1.587s] DEBUG:colcon.colcon_parallel_executor.executor.parallel:loop closed
[1.587s] DEBUG:colcon.colcon_parallel_executor.executor.parallel:run_until_complete finished with '0'
[1.588s] DEBUG:colcon.colcon_core.event_reactor:joining thread
[1.598s] INFO:colcon.colcon_core.plugin_system:Skipping extension 'colcon_notification.desktop_notification.terminal_notifier': Not used on non-Darwin systems
[1.598s] INFO:colcon.colcon_core.plugin_system:Skipping extension 'colcon_notification.desktop_notification.win32': Not used on non-Windows systems
[1.598s] INFO:colcon.colcon_notification.desktop_notification:Sending desktop notification using 'notify2'
[1.615s] DEBUG:colcon.colcon_core.event_reactor:joined thread
[1.616s] INFO:colcon.colcon_core.shell:Creating prefix script '/home/sam/amr-simulation/ros2_ws/install/local_setup.sh'
[1.617s] INFO:colcon.colcon_core.shell:Creating prefix util module '/home/sam/amr-simulation/ros2_ws/install/_local_setup_util_sh.py'
[1.619s] INFO:colcon.colcon_core.shell:Creating prefix chain script '/home/sam/amr-simulation/ros2_ws/install/setup.sh'
[1.621s] INFO:colcon.colcon_core.shell:Creating prefix script '/home/sam/amr-simulation/ros2_ws/install/local_setup.bash'
[1.622s] INFO:colcon.colcon_core.shell:Creating prefix chain script '/home/sam/amr-simulation/ros2_ws/install/setup.bash'
[1.624s] INFO:colcon.colcon_core.shell:Creating prefix script '/home/sam/amr-simulation/ros2_ws/install/local_setup.zsh'
[1.625s] INFO:colcon.colcon_core.shell:Creating prefix chain script '/home/sam/amr-simulation/ros2_ws/install/setup.zsh'
