-- The C compiler identification is GNU 13.3.0
-- The CXX compiler identification is GNU 13.3.0
-- Detecting C compiler ABI info
-- Detecting C compiler ABI info - done
-- Check for working C compiler: /usr/bin/cc - skipped
-- Detecting C compile features
-- Detecting C compile features - done
-- Detecting CXX compiler ABI info
-- Detecting CXX compiler ABI info - done
-- Check for working CXX compiler: /usr/bin/c++ - skipped
-- Detecting CXX compile features
-- Detecting CXX compile features - done
-- Found ament_cmake: 2.5.6 (/opt/ros/jazzy/share/ament_cmake/cmake)
-- Found Python3: /usr/bin/python3 (found version "3.12.3") found components: Interpreter 
-- Found ament_lint_auto: 0.17.5 (/opt/ros/jazzy/share/ament_lint_auto/cmake)
-- Added test 'lint_cmake' to check CMake code style
-- Added test 'xmllint' to check XML markup files
-- Configuring done (1.6s)
-- Generating done (0.0s)
-- Build files have been written to: /home/sam/amr-simulation/ros2_ws/build/amr_control
-- Install configuration: ""
-- Installing: /home/sam/amr-simulation/ros2_ws/install/amr_control/share/ament_index/resource_index/package_run_dependencies/amr_control
-- Installing: /home/sam/amr-simulation/ros2_ws/install/amr_control/share/ament_index/resource_index/parent_prefix_path/amr_control
-- Installing: /home/sam/amr-simulation/ros2_ws/install/amr_control/share/amr_control/environment/ament_prefix_path.sh
-- Installing: /home/sam/amr-simulation/ros2_ws/install/amr_control/share/amr_control/environment/ament_prefix_path.dsv
-- Installing: /home/sam/amr-simulation/ros2_ws/install/amr_control/share/amr_control/environment/path.sh
-- Installing: /home/sam/amr-simulation/ros2_ws/install/amr_control/share/amr_control/environment/path.dsv
-- Installing: /home/sam/amr-simulation/ros2_ws/install/amr_control/share/amr_control/local_setup.bash
-- Installing: /home/sam/amr-simulation/ros2_ws/install/amr_control/share/amr_control/local_setup.sh
-- Installing: /home/sam/amr-simulation/ros2_ws/install/amr_control/share/amr_control/local_setup.zsh
-- Installing: /home/sam/amr-simulation/ros2_ws/install/amr_control/share/amr_control/local_setup.dsv
-- Installing: /home/sam/amr-simulation/ros2_ws/install/amr_control/share/amr_control/package.dsv
-- Installing: /home/sam/amr-simulation/ros2_ws/install/amr_control/share/ament_index/resource_index/packages/amr_control
-- Installing: /home/sam/amr-simulation/ros2_ws/install/amr_control/share/amr_control/cmake/amr_controlConfig.cmake
-- Installing: /home/sam/amr-simulation/ros2_ws/install/amr_control/share/amr_control/cmake/amr_controlConfig-version.cmake
-- Installing: /home/sam/amr-simulation/ros2_ws/install/amr_control/share/amr_control/package.xml
-- Installing: /home/sam/amr-simulation/ros2_ws/install/amr_control/share/amr_control/config
-- Installing: /home/sam/amr-simulation/ros2_ws/install/amr_control/share/amr_control/config/controllers.yaml
