[0.027s] Invoking command in '/home/sam/amr-simulation/ros2_ws/build/amr_control': CMAKE_PREFIX_PATH=${CMAKE_PREFIX_PATH}:/opt/ros/jazzy DEBUGINFOD_URLS=https://debuginfod.ubuntu.com /usr/bin/cmake /home/sam/amr-simulation/ros2_ws/src/amr_control -DCMAKE_INSTALL_PREFIX=/home/sam/amr-simulation/ros2_ws/install/amr_control
[0.254s] -- The C compiler identification is GNU 13.3.0
[0.441s] -- The CXX compiler identification is GNU 13.3.0
[0.485s] -- Detecting C compiler ABI info
[0.680s] -- Detecting C compiler ABI info - done
[0.716s] -- Check for working C compiler: /usr/bin/cc - skipped
[0.721s] -- Detecting C compile features
[0.724s] -- Detecting C compile features - done
[0.748s] -- Detecting CXX compiler ABI info
[0.937s] -- Detecting CXX compiler ABI info - done
[0.952s] -- Check for working CXX compiler: /usr/bin/c++ - skipped
[0.953s] -- Detecting CXX compile features
[0.953s] -- Detecting CXX compile features - done
[0.972s] -- Found ament_cmake: 2.5.6 (/opt/ros/jazzy/share/ament_cmake/cmake)
[1.226s] -- Found Python3: /usr/bin/python3 (found version "3.12.3") found components: Interpreter 
[1.452s] -- Found ament_lint_auto: 0.17.5 (/opt/ros/jazzy/share/ament_lint_auto/cmake)
[1.645s] -- Added test 'lint_cmake' to check CMake code style
[1.648s] -- Added test 'xmllint' to check XML markup files
[1.652s] -- Configuring done (1.6s)
[1.657s] -- Generating done (0.0s)
[1.661s] -- Build files have been written to: /home/sam/amr-simulation/ros2_ws/build/amr_control
[1.678s] Invoked command in '/home/sam/amr-simulation/ros2_ws/build/amr_control' returned '0': CMAKE_PREFIX_PATH=${CMAKE_PREFIX_PATH}:/opt/ros/jazzy DEBUGINFOD_URLS=https://debuginfod.ubuntu.com /usr/bin/cmake /home/sam/amr-simulation/ros2_ws/src/amr_control -DCMAKE_INSTALL_PREFIX=/home/sam/amr-simulation/ros2_ws/install/amr_control
[1.682s] Invoking command in '/home/sam/amr-simulation/ros2_ws/build/amr_control': CMAKE_PREFIX_PATH=${CMAKE_PREFIX_PATH}:/opt/ros/jazzy DEBUGINFOD_URLS=https://debuginfod.ubuntu.com /usr/bin/cmake --build /home/sam/amr-simulation/ros2_ws/build/amr_control -- -j14 -l14
[1.775s] Invoked command in '/home/sam/amr-simulation/ros2_ws/build/amr_control' returned '0': CMAKE_PREFIX_PATH=${CMAKE_PREFIX_PATH}:/opt/ros/jazzy DEBUGINFOD_URLS=https://debuginfod.ubuntu.com /usr/bin/cmake --build /home/sam/amr-simulation/ros2_ws/build/amr_control -- -j14 -l14
[1.777s] Invoking command in '/home/sam/amr-simulation/ros2_ws/build/amr_control': CMAKE_PREFIX_PATH=${CMAKE_PREFIX_PATH}:/opt/ros/jazzy DEBUGINFOD_URLS=https://debuginfod.ubuntu.com /usr/bin/cmake --install /home/sam/amr-simulation/ros2_ws/build/amr_control
[1.796s] -- Install configuration: ""
[1.796s] -- Installing: /home/sam/amr-simulation/ros2_ws/install/amr_control/share/ament_index/resource_index/package_run_dependencies/amr_control
[1.796s] -- Installing: /home/sam/amr-simulation/ros2_ws/install/amr_control/share/ament_index/resource_index/parent_prefix_path/amr_control
[1.799s] -- Installing: /home/sam/amr-simulation/ros2_ws/install/amr_control/share/amr_control/environment/ament_prefix_path.sh
[1.800s] -- Installing: /home/sam/amr-simulation/ros2_ws/install/amr_control/share/amr_control/environment/ament_prefix_path.dsv
[1.800s] -- Installing: /home/sam/amr-simulation/ros2_ws/install/amr_control/share/amr_control/environment/path.sh
[1.800s] -- Installing: /home/sam/amr-simulation/ros2_ws/install/amr_control/share/amr_control/environment/path.dsv
[1.801s] -- Installing: /home/sam/amr-simulation/ros2_ws/install/amr_control/share/amr_control/local_setup.bash
[1.802s] -- Installing: /home/sam/amr-simulation/ros2_ws/install/amr_control/share/amr_control/local_setup.sh
[1.802s] -- Installing: /home/sam/amr-simulation/ros2_ws/install/amr_control/share/amr_control/local_setup.zsh
[1.803s] -- Installing: /home/sam/amr-simulation/ros2_ws/install/amr_control/share/amr_control/local_setup.dsv
[1.803s] -- Installing: /home/sam/amr-simulation/ros2_ws/install/amr_control/share/amr_control/package.dsv
[1.803s] -- Installing: /home/sam/amr-simulation/ros2_ws/install/amr_control/share/ament_index/resource_index/packages/amr_control
[1.803s] -- Installing: /home/sam/amr-simulation/ros2_ws/install/amr_control/share/amr_control/cmake/amr_controlConfig.cmake
[1.804s] -- Installing: /home/sam/amr-simulation/ros2_ws/install/amr_control/share/amr_control/cmake/amr_controlConfig-version.cmake
[1.804s] -- Installing: /home/sam/amr-simulation/ros2_ws/install/amr_control/share/amr_control/package.xml
[1.806s] -- Installing: /home/sam/amr-simulation/ros2_ws/install/amr_control/share/amr_control/config
[1.809s] -- Installing: /home/sam/amr-simulation/ros2_ws/install/amr_control/share/amr_control/config/controllers.yaml
[1.814s] Invoked command in '/home/sam/amr-simulation/ros2_ws/build/amr_control' returned '0': CMAKE_PREFIX_PATH=${CMAKE_PREFIX_PATH}:/opt/ros/jazzy DEBUGINFOD_URLS=https://debuginfod.ubuntu.com /usr/bin/cmake --install /home/sam/amr-simulation/ros2_ws/build/amr_control
